<!doctype html public "-//w3c//dtd html 4.0 transitional//en">
<html><head>
<title>Static Call Graph - [.\fangzhou.axf]</title></head>
<body><HR>
<H1>Static Call Graph for image .\fangzhou.axf</H1><HR>
<BR><P>#&#060CALLGRAPH&#062# ARM Linker, 6070001: Last Updated: Fri Jul 24 17:36:18 2026
<BR><P>
<H3>Maximum Stack Usage =        792 bytes + Unknown(Cycles, Untraceable Function Pointers)</H3><H3>
Call chain for Maximum Stack Depth:</H3>
main &rArr; SerialProtocol_Task &rArr; SerialProtocol_ParseFrame &rArr; SerialProtocol_ParseInt &rArr; strtol &rArr; _strtoul
<P>
<H3>
Mutually Recursive functions
</H3> <LI><a href="#[1c]">ADC_IRQHandler</a>&nbsp;&nbsp;&nbsp;&rArr;&nbsp;&nbsp;&nbsp;<a href="#[1c]">ADC_IRQHandler</a><BR>
</UL>
<P>
<H3>
Function Pointers
</H3><UL>
 <LI><a href="#[1c]">ADC_IRQHandler</a> from startup_stm32f407xx.o(.text) referenced from startup_stm32f407xx.o(RESET)
 <LI><a href="#[4]">BusFault_Handler</a> from stm32f4xx_it.o(.text.BusFault_Handler) referenced from startup_stm32f407xx.o(RESET)
 <LI><a href="#[1e]">CAN1_RX0_IRQHandler</a> from startup_stm32f407xx.o(.text) referenced from startup_stm32f407xx.o(RESET)
 <LI><a href="#[1f]">CAN1_RX1_IRQHandler</a> from startup_stm32f407xx.o(.text) referenced from startup_stm32f407xx.o(RESET)
 <LI><a href="#[20]">CAN1_SCE_IRQHandler</a> from startup_stm32f407xx.o(.text) referenced from startup_stm32f407xx.o(RESET)
 <LI><a href="#[1d]">CAN1_TX_IRQHandler</a> from startup_stm32f407xx.o(.text) referenced from startup_stm32f407xx.o(RESET)
 <LI><a href="#[4a]">CAN2_RX0_IRQHandler</a> from startup_stm32f407xx.o(.text) referenced from startup_stm32f407xx.o(RESET)
 <LI><a href="#[4b]">CAN2_RX1_IRQHandler</a> from startup_stm32f407xx.o(.text) referenced from startup_stm32f407xx.o(RESET)
 <LI><a href="#[4c]">CAN2_SCE_IRQHandler</a> from startup_stm32f407xx.o(.text) referenced from startup_stm32f407xx.o(RESET)
 <LI><a href="#[49]">CAN2_TX_IRQHandler</a> from startup_stm32f407xx.o(.text) referenced from startup_stm32f407xx.o(RESET)
 <LI><a href="#[58]">DCMI_IRQHandler</a> from startup_stm32f407xx.o(.text) referenced from startup_stm32f407xx.o(RESET)
 <LI><a href="#[15]">DMA1_Stream0_IRQHandler</a> from stm32f4xx_it.o(.text.DMA1_Stream0_IRQHandler) referenced from startup_stm32f407xx.o(RESET)
 <LI><a href="#[16]">DMA1_Stream1_IRQHandler</a> from startup_stm32f407xx.o(.text) referenced from startup_stm32f407xx.o(RESET)
 <LI><a href="#[17]">DMA1_Stream2_IRQHandler</a> from stm32f4xx_it.o(.text.DMA1_Stream2_IRQHandler) referenced from startup_stm32f407xx.o(RESET)
 <LI><a href="#[18]">DMA1_Stream3_IRQHandler</a> from startup_stm32f407xx.o(.text) referenced from startup_stm32f407xx.o(RESET)
 <LI><a href="#[19]">DMA1_Stream4_IRQHandler</a> from stm32f4xx_it.o(.text.DMA1_Stream4_IRQHandler) referenced from startup_stm32f407xx.o(RESET)
 <LI><a href="#[1a]">DMA1_Stream5_IRQHandler</a> from stm32f4xx_it.o(.text.DMA1_Stream5_IRQHandler) referenced from startup_stm32f407xx.o(RESET)
 <LI><a href="#[1b]">DMA1_Stream6_IRQHandler</a> from stm32f4xx_it.o(.text.DMA1_Stream6_IRQHandler) referenced from startup_stm32f407xx.o(RESET)
 <LI><a href="#[39]">DMA1_Stream7_IRQHandler</a> from stm32f4xx_it.o(.text.DMA1_Stream7_IRQHandler) referenced from startup_stm32f407xx.o(RESET)
 <LI><a href="#[42]">DMA2_Stream0_IRQHandler</a> from startup_stm32f407xx.o(.text) referenced from startup_stm32f407xx.o(RESET)
 <LI><a href="#[43]">DMA2_Stream1_IRQHandler</a> from stm32f4xx_it.o(.text.DMA2_Stream1_IRQHandler) referenced from startup_stm32f407xx.o(RESET)
 <LI><a href="#[44]">DMA2_Stream2_IRQHandler</a> from stm32f4xx_it.o(.text.DMA2_Stream2_IRQHandler) referenced from startup_stm32f407xx.o(RESET)
 <LI><a href="#[45]">DMA2_Stream3_IRQHandler</a> from startup_stm32f407xx.o(.text) referenced from startup_stm32f407xx.o(RESET)
 <LI><a href="#[46]">DMA2_Stream4_IRQHandler</a> from startup_stm32f407xx.o(.text) referenced from startup_stm32f407xx.o(RESET)
 <LI><a href="#[4e]">DMA2_Stream5_IRQHandler</a> from startup_stm32f407xx.o(.text) referenced from startup_stm32f407xx.o(RESET)
 <LI><a href="#[4f]">DMA2_Stream6_IRQHandler</a> from stm32f4xx_it.o(.text.DMA2_Stream6_IRQHandler) referenced from startup_stm32f407xx.o(RESET)
 <LI><a href="#[50]">DMA2_Stream7_IRQHandler</a> from stm32f4xx_it.o(.text.DMA2_Stream7_IRQHandler) referenced from startup_stm32f407xx.o(RESET)
 <LI><a href="#[7]">DebugMon_Handler</a> from stm32f4xx_it.o(.text.DebugMon_Handler) referenced from startup_stm32f407xx.o(RESET)
 <LI><a href="#[47]">ETH_IRQHandler</a> from startup_stm32f407xx.o(.text) referenced from startup_stm32f407xx.o(RESET)
 <LI><a href="#[48]">ETH_WKUP_IRQHandler</a> from startup_stm32f407xx.o(.text) referenced from startup_stm32f407xx.o(RESET)
 <LI><a href="#[10]">EXTI0_IRQHandler</a> from startup_stm32f407xx.o(.text) referenced from startup_stm32f407xx.o(RESET)
 <LI><a href="#[32]">EXTI15_10_IRQHandler</a> from startup_stm32f407xx.o(.text) referenced from startup_stm32f407xx.o(RESET)
 <LI><a href="#[11]">EXTI1_IRQHandler</a> from startup_stm32f407xx.o(.text) referenced from startup_stm32f407xx.o(RESET)
 <LI><a href="#[12]">EXTI2_IRQHandler</a> from startup_stm32f407xx.o(.text) referenced from startup_stm32f407xx.o(RESET)
 <LI><a href="#[13]">EXTI3_IRQHandler</a> from startup_stm32f407xx.o(.text) referenced from startup_stm32f407xx.o(RESET)
 <LI><a href="#[14]">EXTI4_IRQHandler</a> from startup_stm32f407xx.o(.text) referenced from startup_stm32f407xx.o(RESET)
 <LI><a href="#[21]">EXTI9_5_IRQHandler</a> from startup_stm32f407xx.o(.text) referenced from startup_stm32f407xx.o(RESET)
 <LI><a href="#[e]">FLASH_IRQHandler</a> from startup_stm32f407xx.o(.text) referenced from startup_stm32f407xx.o(RESET)
 <LI><a href="#[3a]">FMC_IRQHandler</a> from startup_stm32f407xx.o(.text) referenced from startup_stm32f407xx.o(RESET)
 <LI><a href="#[5a]">FPU_IRQHandler</a> from startup_stm32f407xx.o(.text) referenced from startup_stm32f407xx.o(RESET)
 <LI><a href="#[59]">HASH_RNG_IRQHandler</a> from startup_stm32f407xx.o(.text) referenced from startup_stm32f407xx.o(RESET)
 <LI><a href="#[2]">HardFault_Handler</a> from stm32f4xx_it.o(.text.HardFault_Handler) referenced from startup_stm32f407xx.o(RESET)
 <LI><a href="#[2a]">I2C1_ER_IRQHandler</a> from startup_stm32f407xx.o(.text) referenced from startup_stm32f407xx.o(RESET)
 <LI><a href="#[29]">I2C1_EV_IRQHandler</a> from startup_stm32f407xx.o(.text) referenced from startup_stm32f407xx.o(RESET)
 <LI><a href="#[2c]">I2C2_ER_IRQHandler</a> from startup_stm32f407xx.o(.text) referenced from startup_stm32f407xx.o(RESET)
 <LI><a href="#[2b]">I2C2_EV_IRQHandler</a> from startup_stm32f407xx.o(.text) referenced from startup_stm32f407xx.o(RESET)
 <LI><a href="#[53]">I2C3_ER_IRQHandler</a> from startup_stm32f407xx.o(.text) referenced from startup_stm32f407xx.o(RESET)
 <LI><a href="#[52]">I2C3_EV_IRQHandler</a> from startup_stm32f407xx.o(.text) referenced from startup_stm32f407xx.o(RESET)
 <LI><a href="#[3]">MemManage_Handler</a> from stm32f4xx_it.o(.text.MemManage_Handler) referenced from startup_stm32f407xx.o(RESET)
 <LI><a href="#[1]">NMI_Handler</a> from stm32f4xx_it.o(.text.NMI_Handler) referenced from startup_stm32f407xx.o(RESET)
 <LI><a href="#[4d]">OTG_FS_IRQHandler</a> from startup_stm32f407xx.o(.text) referenced from startup_stm32f407xx.o(RESET)
 <LI><a href="#[34]">OTG_FS_WKUP_IRQHandler</a> from startup_stm32f407xx.o(.text) referenced from startup_stm32f407xx.o(RESET)
 <LI><a href="#[55]">OTG_HS_EP1_IN_IRQHandler</a> from startup_stm32f407xx.o(.text) referenced from startup_stm32f407xx.o(RESET)
 <LI><a href="#[54]">OTG_HS_EP1_OUT_IRQHandler</a> from startup_stm32f407xx.o(.text) referenced from startup_stm32f407xx.o(RESET)
 <LI><a href="#[57]">OTG_HS_IRQHandler</a> from startup_stm32f407xx.o(.text) referenced from startup_stm32f407xx.o(RESET)
 <LI><a href="#[56]">OTG_HS_WKUP_IRQHandler</a> from startup_stm32f407xx.o(.text) referenced from startup_stm32f407xx.o(RESET)
 <LI><a href="#[b]">PVD_IRQHandler</a> from startup_stm32f407xx.o(.text) referenced from startup_stm32f407xx.o(RESET)
 <LI><a href="#[8]">PendSV_Handler</a> from stm32f4xx_it.o(.text.PendSV_Handler) referenced from startup_stm32f407xx.o(RESET)
 <LI><a href="#[f]">RCC_IRQHandler</a> from startup_stm32f407xx.o(.text) referenced from startup_stm32f407xx.o(RESET)
 <LI><a href="#[33]">RTC_Alarm_IRQHandler</a> from startup_stm32f407xx.o(.text) referenced from startup_stm32f407xx.o(RESET)
 <LI><a href="#[d]">RTC_WKUP_IRQHandler</a> from startup_stm32f407xx.o(.text) referenced from startup_stm32f407xx.o(RESET)
 <LI><a href="#[0]">Reset_Handler</a> from startup_stm32f407xx.o(.text) referenced from startup_stm32f407xx.o(RESET)
 <LI><a href="#[3b]">SDIO_IRQHandler</a> from startup_stm32f407xx.o(.text) referenced from startup_stm32f407xx.o(RESET)
 <LI><a href="#[2d]">SPI1_IRQHandler</a> from startup_stm32f407xx.o(.text) referenced from startup_stm32f407xx.o(RESET)
 <LI><a href="#[2e]">SPI2_IRQHandler</a> from startup_stm32f407xx.o(.text) referenced from startup_stm32f407xx.o(RESET)
 <LI><a href="#[3d]">SPI3_IRQHandler</a> from startup_stm32f407xx.o(.text) referenced from startup_stm32f407xx.o(RESET)
 <LI><a href="#[6]">SVC_Handler</a> from stm32f4xx_it.o(.text.SVC_Handler) referenced from startup_stm32f407xx.o(RESET)
 <LI><a href="#[9]">SysTick_Handler</a> from stm32f4xx_it.o(.text.SysTick_Handler) referenced from startup_stm32f407xx.o(RESET)
 <LI><a href="#[5c]">SystemInit</a> from system_stm32f4xx.o(.text.SystemInit) referenced from startup_stm32f407xx.o(.text)
 <LI><a href="#[c]">TAMP_STAMP_IRQHandler</a> from startup_stm32f407xx.o(.text) referenced from startup_stm32f407xx.o(RESET)
 <LI><a href="#[22]">TIM1_BRK_TIM9_IRQHandler</a> from startup_stm32f407xx.o(.text) referenced from startup_stm32f407xx.o(RESET)
 <LI><a href="#[25]">TIM1_CC_IRQHandler</a> from startup_stm32f407xx.o(.text) referenced from startup_stm32f407xx.o(RESET)
 <LI><a href="#[24]">TIM1_TRG_COM_TIM11_IRQHandler</a> from startup_stm32f407xx.o(.text) referenced from startup_stm32f407xx.o(RESET)
 <LI><a href="#[23]">TIM1_UP_TIM10_IRQHandler</a> from startup_stm32f407xx.o(.text) referenced from startup_stm32f407xx.o(RESET)
 <LI><a href="#[26]">TIM2_IRQHandler</a> from startup_stm32f407xx.o(.text) referenced from startup_stm32f407xx.o(RESET)
 <LI><a href="#[27]">TIM3_IRQHandler</a> from startup_stm32f407xx.o(.text) referenced from startup_stm32f407xx.o(RESET)
 <LI><a href="#[28]">TIM4_IRQHandler</a> from startup_stm32f407xx.o(.text) referenced from startup_stm32f407xx.o(RESET)
 <LI><a href="#[3c]">TIM5_IRQHandler</a> from startup_stm32f407xx.o(.text) referenced from startup_stm32f407xx.o(RESET)
 <LI><a href="#[40]">TIM6_DAC_IRQHandler</a> from stm32f4xx_it.o(.text.TIM6_DAC_IRQHandler) referenced from startup_stm32f407xx.o(RESET)
 <LI><a href="#[41]">TIM7_IRQHandler</a> from startup_stm32f407xx.o(.text) referenced from startup_stm32f407xx.o(RESET)
 <LI><a href="#[35]">TIM8_BRK_TIM12_IRQHandler</a> from startup_stm32f407xx.o(.text) referenced from startup_stm32f407xx.o(RESET)
 <LI><a href="#[38]">TIM8_CC_IRQHandler</a> from startup_stm32f407xx.o(.text) referenced from startup_stm32f407xx.o(RESET)
 <LI><a href="#[37]">TIM8_TRG_COM_TIM14_IRQHandler</a> from startup_stm32f407xx.o(.text) referenced from startup_stm32f407xx.o(RESET)
 <LI><a href="#[36]">TIM8_UP_TIM13_IRQHandler</a> from startup_stm32f407xx.o(.text) referenced from startup_stm32f407xx.o(RESET)
 <LI><a href="#[3e]">UART4_IRQHandler</a> from stm32f4xx_it.o(.text.UART4_IRQHandler) referenced from startup_stm32f407xx.o(RESET)
 <LI><a href="#[3f]">UART5_IRQHandler</a> from stm32f4xx_it.o(.text.UART5_IRQHandler) referenced from startup_stm32f407xx.o(RESET)
 <LI><a href="#[62]">UART_DMAAbortOnError</a> from stm32f4xx_hal_uart.o(.text.UART_DMAAbortOnError) referenced 2 times from stm32f4xx_hal_uart.o(.text.HAL_UART_IRQHandler)
 <LI><a href="#[65]">UART_DMAError</a> from stm32f4xx_hal_uart.o(.text.UART_DMAError) referenced 2 times from stm32f4xx_hal_uart.o(.text.HAL_UART_Transmit_DMA)
 <LI><a href="#[63]">UART_DMATransmitCplt</a> from stm32f4xx_hal_uart.o(.text.UART_DMATransmitCplt) referenced 2 times from stm32f4xx_hal_uart.o(.text.HAL_UART_Transmit_DMA)
 <LI><a href="#[64]">UART_DMATxHalfCplt</a> from stm32f4xx_hal_uart.o(.text.UART_DMATxHalfCplt) referenced 2 times from stm32f4xx_hal_uart.o(.text.HAL_UART_Transmit_DMA)
 <LI><a href="#[2f]">USART1_IRQHandler</a> from stm32f4xx_it.o(.text.USART1_IRQHandler) referenced from startup_stm32f407xx.o(RESET)
 <LI><a href="#[30]">USART2_IRQHandler</a> from stm32f4xx_it.o(.text.USART2_IRQHandler) referenced from startup_stm32f407xx.o(RESET)
 <LI><a href="#[31]">USART3_IRQHandler</a> from stm32f4xx_it.o(.text.USART3_IRQHandler) referenced from startup_stm32f407xx.o(RESET)
 <LI><a href="#[51]">USART6_IRQHandler</a> from stm32f4xx_it.o(.text.USART6_IRQHandler) referenced from startup_stm32f407xx.o(RESET)
 <LI><a href="#[5]">UsageFault_Handler</a> from stm32f4xx_it.o(.text.UsageFault_Handler) referenced from startup_stm32f407xx.o(RESET)
 <LI><a href="#[a]">WWDG_IRQHandler</a> from startup_stm32f407xx.o(.text) referenced from startup_stm32f407xx.o(RESET)
 <LI><a href="#[5d]">__main</a> from entry.o(.ARM.Collect$$$$00000000) referenced from startup_stm32f407xx.o(.text)
 <LI><a href="#[5f]">_sbackspace</a> from _sgetc.o(.text) referenced from sscanf.o(.text)
 <LI><a href="#[60]">_scanf_char_input</a> from scanf_char.o(.text) referenced from scanf_char.o(.text)
 <LI><a href="#[5e]">_sgetc</a> from _sgetc.o(.text) referenced from sscanf.o(.text)
 <LI><a href="#[66]">_snputc</a> from printfa.o(i._snputc) referenced from printfa.o(i.__0snprintf)
 <LI><a href="#[61]">isspace</a> from isspace_o.o(.text) referenced from scanf_char.o(.text)
 <LI><a href="#[5b]">main</a> from main.o(.text.main) referenced from entry9a.o(.ARM.Collect$$$$0000000B)
</UL>
<P>
<H3>
Global Symbols
</H3>
<P><STRONG><a name="[5d]"></a>__main</STRONG> (Thumb, 0 bytes, Stack size unknown bytes, entry.o(.ARM.Collect$$$$00000000))
<BR>[Address Reference Count : 1]<UL><LI> startup_stm32f407xx.o(.text)
</UL>
<P><STRONG><a name="[186]"></a>_main_stk</STRONG> (Thumb, 0 bytes, Stack size unknown bytes, entry2.o(.ARM.Collect$$$$00000001))

<P><STRONG><a name="[67]"></a>_main_scatterload</STRONG> (Thumb, 0 bytes, Stack size unknown bytes, entry5.o(.ARM.Collect$$$$00000004))
<BR><BR>[Calls]<UL><LI><a href="#[68]">&gt;&gt;</a>&nbsp;&nbsp;&nbsp;__scatterload
</UL>

<P><STRONG><a name="[88]"></a>__main_after_scatterload</STRONG> (Thumb, 0 bytes, Stack size unknown bytes, entry5.o(.ARM.Collect$$$$00000004))
<BR><BR>[Called By]<UL><LI><a href="#[68]">&gt;&gt;</a>&nbsp;&nbsp;&nbsp;__scatterload
</UL>

<P><STRONG><a name="[187]"></a>_main_clock</STRONG> (Thumb, 0 bytes, Stack size unknown bytes, entry7b.o(.ARM.Collect$$$$00000008))

<P><STRONG><a name="[188]"></a>_main_cpp_init</STRONG> (Thumb, 0 bytes, Stack size unknown bytes, entry8b.o(.ARM.Collect$$$$0000000A))

<P><STRONG><a name="[189]"></a>_main_init</STRONG> (Thumb, 0 bytes, Stack size unknown bytes, entry9a.o(.ARM.Collect$$$$0000000B))

<P><STRONG><a name="[18a]"></a>__rt_final_cpp</STRONG> (Thumb, 0 bytes, Stack size unknown bytes, entry10a.o(.ARM.Collect$$$$0000000D))

<P><STRONG><a name="[18b]"></a>__rt_final_exit</STRONG> (Thumb, 0 bytes, Stack size unknown bytes, entry11a.o(.ARM.Collect$$$$0000000F))

<P><STRONG><a name="[0]"></a>Reset_Handler</STRONG> (Thumb, 8 bytes, Stack size 0 bytes, startup_stm32f407xx.o(.text))
<BR>[Address Reference Count : 1]<UL><LI> startup_stm32f407xx.o(RESET)
</UL>
<P><STRONG><a name="[1c]"></a>ADC_IRQHandler</STRONG> (Thumb, 0 bytes, Stack size 0 bytes, startup_stm32f407xx.o(.text))
<BR><BR>[Calls]<UL><LI><a href="#[1c]">&gt;&gt;</a>&nbsp;&nbsp;&nbsp;ADC_IRQHandler
</UL>
<BR>[Called By]<UL><LI><a href="#[1c]">&gt;&gt;</a>&nbsp;&nbsp;&nbsp;ADC_IRQHandler
</UL>
<BR>[Address Reference Count : 1]<UL><LI> startup_stm32f407xx.o(RESET)
</UL>
<P><STRONG><a name="[1e]"></a>CAN1_RX0_IRQHandler</STRONG> (Thumb, 0 bytes, Stack size 0 bytes, startup_stm32f407xx.o(.text))
<BR>[Address Reference Count : 1]<UL><LI> startup_stm32f407xx.o(RESET)
</UL>
<P><STRONG><a name="[1f]"></a>CAN1_RX1_IRQHandler</STRONG> (Thumb, 0 bytes, Stack size 0 bytes, startup_stm32f407xx.o(.text))
<BR>[Address Reference Count : 1]<UL><LI> startup_stm32f407xx.o(RESET)
</UL>
<P><STRONG><a name="[20]"></a>CAN1_SCE_IRQHandler</STRONG> (Thumb, 0 bytes, Stack size 0 bytes, startup_stm32f407xx.o(.text))
<BR>[Address Reference Count : 1]<UL><LI> startup_stm32f407xx.o(RESET)
</UL>
<P><STRONG><a name="[1d]"></a>CAN1_TX_IRQHandler</STRONG> (Thumb, 0 bytes, Stack size 0 bytes, startup_stm32f407xx.o(.text))
<BR>[Address Reference Count : 1]<UL><LI> startup_stm32f407xx.o(RESET)
</UL>
<P><STRONG><a name="[4a]"></a>CAN2_RX0_IRQHandler</STRONG> (Thumb, 0 bytes, Stack size 0 bytes, startup_stm32f407xx.o(.text))
<BR>[Address Reference Count : 1]<UL><LI> startup_stm32f407xx.o(RESET)
</UL>
<P><STRONG><a name="[4b]"></a>CAN2_RX1_IRQHandler</STRONG> (Thumb, 0 bytes, Stack size 0 bytes, startup_stm32f407xx.o(.text))
<BR>[Address Reference Count : 1]<UL><LI> startup_stm32f407xx.o(RESET)
</UL>
<P><STRONG><a name="[4c]"></a>CAN2_SCE_IRQHandler</STRONG> (Thumb, 0 bytes, Stack size 0 bytes, startup_stm32f407xx.o(.text))
<BR>[Address Reference Count : 1]<UL><LI> startup_stm32f407xx.o(RESET)
</UL>
<P><STRONG><a name="[49]"></a>CAN2_TX_IRQHandler</STRONG> (Thumb, 0 bytes, Stack size 0 bytes, startup_stm32f407xx.o(.text))
<BR>[Address Reference Count : 1]<UL><LI> startup_stm32f407xx.o(RESET)
</UL>
<P><STRONG><a name="[58]"></a>DCMI_IRQHandler</STRONG> (Thumb, 0 bytes, Stack size 0 bytes, startup_stm32f407xx.o(.text))
<BR>[Address Reference Count : 1]<UL><LI> startup_stm32f407xx.o(RESET)
</UL>
<P><STRONG><a name="[16]"></a>DMA1_Stream1_IRQHandler</STRONG> (Thumb, 0 bytes, Stack size 0 bytes, startup_stm32f407xx.o(.text))
<BR>[Address Reference Count : 1]<UL><LI> startup_stm32f407xx.o(RESET)
</UL>
<P><STRONG><a name="[18]"></a>DMA1_Stream3_IRQHandler</STRONG> (Thumb, 0 bytes, Stack size 0 bytes, startup_stm32f407xx.o(.text))
<BR>[Address Reference Count : 1]<UL><LI> startup_stm32f407xx.o(RESET)
</UL>
<P><STRONG><a name="[42]"></a>DMA2_Stream0_IRQHandler</STRONG> (Thumb, 0 bytes, Stack size 0 bytes, startup_stm32f407xx.o(.text))
<BR>[Address Reference Count : 1]<UL><LI> startup_stm32f407xx.o(RESET)
</UL>
<P><STRONG><a name="[45]"></a>DMA2_Stream3_IRQHandler</STRONG> (Thumb, 0 bytes, Stack size 0 bytes, startup_stm32f407xx.o(.text))
<BR>[Address Reference Count : 1]<UL><LI> startup_stm32f407xx.o(RESET)
</UL>
<P><STRONG><a name="[46]"></a>DMA2_Stream4_IRQHandler</STRONG> (Thumb, 0 bytes, Stack size 0 bytes, startup_stm32f407xx.o(.text))
<BR>[Address Reference Count : 1]<UL><LI> startup_stm32f407xx.o(RESET)
</UL>
<P><STRONG><a name="[4e]"></a>DMA2_Stream5_IRQHandler</STRONG> (Thumb, 0 bytes, Stack size 0 bytes, startup_stm32f407xx.o(.text))
<BR>[Address Reference Count : 1]<UL><LI> startup_stm32f407xx.o(RESET)
</UL>
<P><STRONG><a name="[47]"></a>ETH_IRQHandler</STRONG> (Thumb, 0 bytes, Stack size 0 bytes, startup_stm32f407xx.o(.text))
<BR>[Address Reference Count : 1]<UL><LI> startup_stm32f407xx.o(RESET)
</UL>
<P><STRONG><a name="[48]"></a>ETH_WKUP_IRQHandler</STRONG> (Thumb, 0 bytes, Stack size 0 bytes, startup_stm32f407xx.o(.text))
<BR>[Address Reference Count : 1]<UL><LI> startup_stm32f407xx.o(RESET)
</UL>
<P><STRONG><a name="[10]"></a>EXTI0_IRQHandler</STRONG> (Thumb, 0 bytes, Stack size 0 bytes, startup_stm32f407xx.o(.text))
<BR>[Address Reference Count : 1]<UL><LI> startup_stm32f407xx.o(RESET)
</UL>
<P><STRONG><a name="[32]"></a>EXTI15_10_IRQHandler</STRONG> (Thumb, 0 bytes, Stack size 0 bytes, startup_stm32f407xx.o(.text))
<BR>[Address Reference Count : 1]<UL><LI> startup_stm32f407xx.o(RESET)
</UL>
<P><STRONG><a name="[11]"></a>EXTI1_IRQHandler</STRONG> (Thumb, 0 bytes, Stack size 0 bytes, startup_stm32f407xx.o(.text))
<BR>[Address Reference Count : 1]<UL><LI> startup_stm32f407xx.o(RESET)
</UL>
<P><STRONG><a name="[12]"></a>EXTI2_IRQHandler</STRONG> (Thumb, 0 bytes, Stack size 0 bytes, startup_stm32f407xx.o(.text))
<BR>[Address Reference Count : 1]<UL><LI> startup_stm32f407xx.o(RESET)
</UL>
<P><STRONG><a name="[13]"></a>EXTI3_IRQHandler</STRONG> (Thumb, 0 bytes, Stack size 0 bytes, startup_stm32f407xx.o(.text))
<BR>[Address Reference Count : 1]<UL><LI> startup_stm32f407xx.o(RESET)
</UL>
<P><STRONG><a name="[14]"></a>EXTI4_IRQHandler</STRONG> (Thumb, 0 bytes, Stack size 0 bytes, startup_stm32f407xx.o(.text))
<BR>[Address Reference Count : 1]<UL><LI> startup_stm32f407xx.o(RESET)
</UL>
<P><STRONG><a name="[21]"></a>EXTI9_5_IRQHandler</STRONG> (Thumb, 0 bytes, Stack size 0 bytes, startup_stm32f407xx.o(.text))
<BR>[Address Reference Count : 1]<UL><LI> startup_stm32f407xx.o(RESET)
</UL>
<P><STRONG><a name="[e]"></a>FLASH_IRQHandler</STRONG> (Thumb, 0 bytes, Stack size 0 bytes, startup_stm32f407xx.o(.text))
<BR>[Address Reference Count : 1]<UL><LI> startup_stm32f407xx.o(RESET)
</UL>
<P><STRONG><a name="[3a]"></a>FMC_IRQHandler</STRONG> (Thumb, 0 bytes, Stack size 0 bytes, startup_stm32f407xx.o(.text))
<BR>[Address Reference Count : 1]<UL><LI> startup_stm32f407xx.o(RESET)
</UL>
<P><STRONG><a name="[5a]"></a>FPU_IRQHandler</STRONG> (Thumb, 0 bytes, Stack size 0 bytes, startup_stm32f407xx.o(.text))
<BR>[Address Reference Count : 1]<UL><LI> startup_stm32f407xx.o(RESET)
</UL>
<P><STRONG><a name="[59]"></a>HASH_RNG_IRQHandler</STRONG> (Thumb, 0 bytes, Stack size 0 bytes, startup_stm32f407xx.o(.text))
<BR>[Address Reference Count : 1]<UL><LI> startup_stm32f407xx.o(RESET)
</UL>
<P><STRONG><a name="[2a]"></a>I2C1_ER_IRQHandler</STRONG> (Thumb, 0 bytes, Stack size 0 bytes, startup_stm32f407xx.o(.text))
<BR>[Address Reference Count : 1]<UL><LI> startup_stm32f407xx.o(RESET)
</UL>
<P><STRONG><a name="[29]"></a>I2C1_EV_IRQHandler</STRONG> (Thumb, 0 bytes, Stack size 0 bytes, startup_stm32f407xx.o(.text))
<BR>[Address Reference Count : 1]<UL><LI> startup_stm32f407xx.o(RESET)
</UL>
<P><STRONG><a name="[2c]"></a>I2C2_ER_IRQHandler</STRONG> (Thumb, 0 bytes, Stack size 0 bytes, startup_stm32f407xx.o(.text))
<BR>[Address Reference Count : 1]<UL><LI> startup_stm32f407xx.o(RESET)
</UL>
<P><STRONG><a name="[2b]"></a>I2C2_EV_IRQHandler</STRONG> (Thumb, 0 bytes, Stack size 0 bytes, startup_stm32f407xx.o(.text))
<BR>[Address Reference Count : 1]<UL><LI> startup_stm32f407xx.o(RESET)
</UL>
<P><STRONG><a name="[53]"></a>I2C3_ER_IRQHandler</STRONG> (Thumb, 0 bytes, Stack size 0 bytes, startup_stm32f407xx.o(.text))
<BR>[Address Reference Count : 1]<UL><LI> startup_stm32f407xx.o(RESET)
</UL>
<P><STRONG><a name="[52]"></a>I2C3_EV_IRQHandler</STRONG> (Thumb, 0 bytes, Stack size 0 bytes, startup_stm32f407xx.o(.text))
<BR>[Address Reference Count : 1]<UL><LI> startup_stm32f407xx.o(RESET)
</UL>
<P><STRONG><a name="[4d]"></a>OTG_FS_IRQHandler</STRONG> (Thumb, 0 bytes, Stack size 0 bytes, startup_stm32f407xx.o(.text))
<BR>[Address Reference Count : 1]<UL><LI> startup_stm32f407xx.o(RESET)
</UL>
<P><STRONG><a name="[34]"></a>OTG_FS_WKUP_IRQHandler</STRONG> (Thumb, 0 bytes, Stack size 0 bytes, startup_stm32f407xx.o(.text))
<BR>[Address Reference Count : 1]<UL><LI> startup_stm32f407xx.o(RESET)
</UL>
<P><STRONG><a name="[55]"></a>OTG_HS_EP1_IN_IRQHandler</STRONG> (Thumb, 0 bytes, Stack size 0 bytes, startup_stm32f407xx.o(.text))
<BR>[Address Reference Count : 1]<UL><LI> startup_stm32f407xx.o(RESET)
</UL>
<P><STRONG><a name="[54]"></a>OTG_HS_EP1_OUT_IRQHandler</STRONG> (Thumb, 0 bytes, Stack size 0 bytes, startup_stm32f407xx.o(.text))
<BR>[Address Reference Count : 1]<UL><LI> startup_stm32f407xx.o(RESET)
</UL>
<P><STRONG><a name="[57]"></a>OTG_HS_IRQHandler</STRONG> (Thumb, 0 bytes, Stack size 0 bytes, startup_stm32f407xx.o(.text))
<BR>[Address Reference Count : 1]<UL><LI> startup_stm32f407xx.o(RESET)
</UL>
<P><STRONG><a name="[56]"></a>OTG_HS_WKUP_IRQHandler</STRONG> (Thumb, 0 bytes, Stack size 0 bytes, startup_stm32f407xx.o(.text))
<BR>[Address Reference Count : 1]<UL><LI> startup_stm32f407xx.o(RESET)
</UL>
<P><STRONG><a name="[b]"></a>PVD_IRQHandler</STRONG> (Thumb, 0 bytes, Stack size 0 bytes, startup_stm32f407xx.o(.text))
<BR>[Address Reference Count : 1]<UL><LI> startup_stm32f407xx.o(RESET)
</UL>
<P><STRONG><a name="[f]"></a>RCC_IRQHandler</STRONG> (Thumb, 0 bytes, Stack size 0 bytes, startup_stm32f407xx.o(.text))
<BR>[Address Reference Count : 1]<UL><LI> startup_stm32f407xx.o(RESET)
</UL>
<P><STRONG><a name="[33]"></a>RTC_Alarm_IRQHandler</STRONG> (Thumb, 0 bytes, Stack size 0 bytes, startup_stm32f407xx.o(.text))
<BR>[Address Reference Count : 1]<UL><LI> startup_stm32f407xx.o(RESET)
</UL>
<P><STRONG><a name="[d]"></a>RTC_WKUP_IRQHandler</STRONG> (Thumb, 0 bytes, Stack size 0 bytes, startup_stm32f407xx.o(.text))
<BR>[Address Reference Count : 1]<UL><LI> startup_stm32f407xx.o(RESET)
</UL>
<P><STRONG><a name="[3b]"></a>SDIO_IRQHandler</STRONG> (Thumb, 0 bytes, Stack size 0 bytes, startup_stm32f407xx.o(.text))
<BR>[Address Reference Count : 1]<UL><LI> startup_stm32f407xx.o(RESET)
</UL>
<P><STRONG><a name="[2d]"></a>SPI1_IRQHandler</STRONG> (Thumb, 0 bytes, Stack size 0 bytes, startup_stm32f407xx.o(.text))
<BR>[Address Reference Count : 1]<UL><LI> startup_stm32f407xx.o(RESET)
</UL>
<P><STRONG><a name="[2e]"></a>SPI2_IRQHandler</STRONG> (Thumb, 0 bytes, Stack size 0 bytes, startup_stm32f407xx.o(.text))
<BR>[Address Reference Count : 1]<UL><LI> startup_stm32f407xx.o(RESET)
</UL>
<P><STRONG><a name="[3d]"></a>SPI3_IRQHandler</STRONG> (Thumb, 0 bytes, Stack size 0 bytes, startup_stm32f407xx.o(.text))
<BR>[Address Reference Count : 1]<UL><LI> startup_stm32f407xx.o(RESET)
</UL>
<P><STRONG><a name="[c]"></a>TAMP_STAMP_IRQHandler</STRONG> (Thumb, 0 bytes, Stack size 0 bytes, startup_stm32f407xx.o(.text))
<BR>[Address Reference Count : 1]<UL><LI> startup_stm32f407xx.o(RESET)
</UL>
<P><STRONG><a name="[22]"></a>TIM1_BRK_TIM9_IRQHandler</STRONG> (Thumb, 0 bytes, Stack size 0 bytes, startup_stm32f407xx.o(.text))
<BR>[Address Reference Count : 1]<UL><LI> startup_stm32f407xx.o(RESET)
</UL>
<P><STRONG><a name="[25]"></a>TIM1_CC_IRQHandler</STRONG> (Thumb, 0 bytes, Stack size 0 bytes, startup_stm32f407xx.o(.text))
<BR>[Address Reference Count : 1]<UL><LI> startup_stm32f407xx.o(RESET)
</UL>
<P><STRONG><a name="[24]"></a>TIM1_TRG_COM_TIM11_IRQHandler</STRONG> (Thumb, 0 bytes, Stack size 0 bytes, startup_stm32f407xx.o(.text))
<BR>[Address Reference Count : 1]<UL><LI> startup_stm32f407xx.o(RESET)
</UL>
<P><STRONG><a name="[23]"></a>TIM1_UP_TIM10_IRQHandler</STRONG> (Thumb, 0 bytes, Stack size 0 bytes, startup_stm32f407xx.o(.text))
<BR>[Address Reference Count : 1]<UL><LI> startup_stm32f407xx.o(RESET)
</UL>
<P><STRONG><a name="[26]"></a>TIM2_IRQHandler</STRONG> (Thumb, 0 bytes, Stack size 0 bytes, startup_stm32f407xx.o(.text))
<BR>[Address Reference Count : 1]<UL><LI> startup_stm32f407xx.o(RESET)
</UL>
<P><STRONG><a name="[27]"></a>TIM3_IRQHandler</STRONG> (Thumb, 0 bytes, Stack size 0 bytes, startup_stm32f407xx.o(.text))
<BR>[Address Reference Count : 1]<UL><LI> startup_stm32f407xx.o(RESET)
</UL>
<P><STRONG><a name="[28]"></a>TIM4_IRQHandler</STRONG> (Thumb, 0 bytes, Stack size 0 bytes, startup_stm32f407xx.o(.text))
<BR>[Address Reference Count : 1]<UL><LI> startup_stm32f407xx.o(RESET)
</UL>
<P><STRONG><a name="[3c]"></a>TIM5_IRQHandler</STRONG> (Thumb, 0 bytes, Stack size 0 bytes, startup_stm32f407xx.o(.text))
<BR>[Address Reference Count : 1]<UL><LI> startup_stm32f407xx.o(RESET)
</UL>
<P><STRONG><a name="[41]"></a>TIM7_IRQHandler</STRONG> (Thumb, 0 bytes, Stack size 0 bytes, startup_stm32f407xx.o(.text))
<BR>[Address Reference Count : 1]<UL><LI> startup_stm32f407xx.o(RESET)
</UL>
<P><STRONG><a name="[35]"></a>TIM8_BRK_TIM12_IRQHandler</STRONG> (Thumb, 0 bytes, Stack size 0 bytes, startup_stm32f407xx.o(.text))
<BR>[Address Reference Count : 1]<UL><LI> startup_stm32f407xx.o(RESET)
</UL>
<P><STRONG><a name="[38]"></a>TIM8_CC_IRQHandler</STRONG> (Thumb, 0 bytes, Stack size 0 bytes, startup_stm32f407xx.o(.text))
<BR>[Address Reference Count : 1]<UL><LI> startup_stm32f407xx.o(RESET)
</UL>
<P><STRONG><a name="[37]"></a>TIM8_TRG_COM_TIM14_IRQHandler</STRONG> (Thumb, 0 bytes, Stack size 0 bytes, startup_stm32f407xx.o(.text))
<BR>[Address Reference Count : 1]<UL><LI> startup_stm32f407xx.o(RESET)
</UL>
<P><STRONG><a name="[36]"></a>TIM8_UP_TIM13_IRQHandler</STRONG> (Thumb, 0 bytes, Stack size 0 bytes, startup_stm32f407xx.o(.text))
<BR>[Address Reference Count : 1]<UL><LI> startup_stm32f407xx.o(RESET)
</UL>
<P><STRONG><a name="[a]"></a>WWDG_IRQHandler</STRONG> (Thumb, 0 bytes, Stack size 0 bytes, startup_stm32f407xx.o(.text))
<BR>[Address Reference Count : 1]<UL><LI> startup_stm32f407xx.o(RESET)
</UL>
<P><STRONG><a name="[69]"></a>__aeabi_uldivmod</STRONG> (Thumb, 98 bytes, Stack size 40 bytes, uldiv.o(.text))
<BR><BR>[Stack]<UL><LI>Max Depth = 40<LI>Call Chain = __aeabi_uldivmod
</UL>
<BR>[Calls]<UL><LI><a href="#[6a]">&gt;&gt;</a>&nbsp;&nbsp;&nbsp;__aeabi_llsr
<LI><a href="#[6b]">&gt;&gt;</a>&nbsp;&nbsp;&nbsp;__aeabi_llsl
</UL>
<BR>[Called By]<UL><LI><a href="#[e1]">&gt;&gt;</a>&nbsp;&nbsp;&nbsp;HAL_RCC_GetSysClockFreq
<LI><a href="#[180]">&gt;&gt;</a>&nbsp;&nbsp;&nbsp;_printf_core
<LI><a href="#[181]">&gt;&gt;</a>&nbsp;&nbsp;&nbsp;_fp_digits
<LI><a href="#[6c]">&gt;&gt;</a>&nbsp;&nbsp;&nbsp;__aeabi_ldivmod
<LI><a href="#[10f]">&gt;&gt;</a>&nbsp;&nbsp;&nbsp;UART_SetConfig
</UL>

<P><STRONG><a name="[6c]"></a>__aeabi_ldivmod</STRONG> (Thumb, 98 bytes, Stack size 24 bytes, ldiv.o(.text))
<BR><BR>[Stack]<UL><LI>Max Depth = 64<LI>Call Chain = __aeabi_ldivmod &rArr; __aeabi_uldivmod
</UL>
<BR>[Calls]<UL><LI><a href="#[69]">&gt;&gt;</a>&nbsp;&nbsp;&nbsp;__aeabi_uldivmod
</UL>
<BR>[Called By]<UL><LI><a href="#[ae]">&gt;&gt;</a>&nbsp;&nbsp;&nbsp;Mecanum_SetMotion
</UL>

<P><STRONG><a name="[6d]"></a>__rt_ctype_table</STRONG> (Thumb, 4 bytes, Stack size 0 bytes, ctype_o.o(.text))
<BR><BR>[Called By]<UL><LI><a href="#[15b]">&gt;&gt;</a>&nbsp;&nbsp;&nbsp;SerialProtocol_ParseInt
<LI><a href="#[73]">&gt;&gt;</a>&nbsp;&nbsp;&nbsp;strtol
<LI><a href="#[61]">&gt;&gt;</a>&nbsp;&nbsp;&nbsp;isspace
</UL>

<P><STRONG><a name="[61]"></a>isspace</STRONG> (Thumb, 18 bytes, Stack size 8 bytes, isspace_o.o(.text))
<BR><BR>[Stack]<UL><LI>Max Depth = 8<LI>Call Chain = isspace
</UL>
<BR>[Calls]<UL><LI><a href="#[6d]">&gt;&gt;</a>&nbsp;&nbsp;&nbsp;__rt_ctype_table
</UL>
<BR>[Address Reference Count : 1]<UL><LI> scanf_char.o(.text)
</UL>
<P><STRONG><a name="[c5]"></a>abs</STRONG> (Thumb, 8 bytes, Stack size 0 bytes, siabs.o(.text))
<BR><BR>[Called By]<UL><LI><a href="#[ae]">&gt;&gt;</a>&nbsp;&nbsp;&nbsp;Mecanum_SetMotion
<LI><a href="#[bd]">&gt;&gt;</a>&nbsp;&nbsp;&nbsp;DC4_Motor_SetSignedSpeed
</UL>

<P><STRONG><a name="[161]"></a>__aeabi_memcpy</STRONG> (Thumb, 36 bytes, Stack size 0 bytes, memcpya.o(.text))
<BR><BR>[Called By]<UL><LI><a href="#[12c]">&gt;&gt;</a>&nbsp;&nbsp;&nbsp;X42S_QueueAux
<LI><a href="#[17a]">&gt;&gt;</a>&nbsp;&nbsp;&nbsp;X42S_ParseHomeParams
<LI><a href="#[160]">&gt;&gt;</a>&nbsp;&nbsp;&nbsp;SerialProtocol_Task
</UL>

<P><STRONG><a name="[18c]"></a>__aeabi_memcpy4</STRONG> (Thumb, 0 bytes, Stack size 0 bytes, memcpya.o(.text), UNUSED)

<P><STRONG><a name="[18d]"></a>__aeabi_memcpy8</STRONG> (Thumb, 0 bytes, Stack size 0 bytes, memcpya.o(.text), UNUSED)

<P><STRONG><a name="[6f]"></a>__aeabi_memset</STRONG> (Thumb, 14 bytes, Stack size 0 bytes, memseta.o(.text))
<BR><BR>[Called By]<UL><LI><a href="#[70]">&gt;&gt;</a>&nbsp;&nbsp;&nbsp;_memset$wrapper
<LI><a href="#[6e]">&gt;&gt;</a>&nbsp;&nbsp;&nbsp;__aeabi_memclr
</UL>

<P><STRONG><a name="[18e]"></a>__aeabi_memset4</STRONG> (Thumb, 0 bytes, Stack size 0 bytes, memseta.o(.text), UNUSED)

<P><STRONG><a name="[18f]"></a>__aeabi_memset8</STRONG> (Thumb, 0 bytes, Stack size 0 bytes, memseta.o(.text), UNUSED)

<P><STRONG><a name="[6e]"></a>__aeabi_memclr</STRONG> (Thumb, 4 bytes, Stack size 0 bytes, memseta.o(.text))
<BR><BR>[Calls]<UL><LI><a href="#[6f]">&gt;&gt;</a>&nbsp;&nbsp;&nbsp;__aeabi_memset
</UL>
<BR>[Called By]<UL><LI><a href="#[112]">&gt;&gt;</a>&nbsp;&nbsp;&nbsp;HAL_UART_RxCpltCallback
<LI><a href="#[b7]">&gt;&gt;</a>&nbsp;&nbsp;&nbsp;Bluetooth_Init
<LI><a href="#[156]">&gt;&gt;</a>&nbsp;&nbsp;&nbsp;SerialProtocol_Init
</UL>

<P><STRONG><a name="[11f]"></a>__aeabi_memclr4</STRONG> (Thumb, 0 bytes, Stack size 0 bytes, memseta.o(.text))
<BR><BR>[Called By]<UL><LI><a href="#[13e]">&gt;&gt;</a>&nbsp;&nbsp;&nbsp;MotorDriverX42S_Serial_Init
<LI><a href="#[156]">&gt;&gt;</a>&nbsp;&nbsp;&nbsp;SerialProtocol_Init
<LI><a href="#[159]">&gt;&gt;</a>&nbsp;&nbsp;&nbsp;SerialProtocol_ParseFrame
<LI><a href="#[169]">&gt;&gt;</a>&nbsp;&nbsp;&nbsp;SystemClock_Config
<LI><a href="#[124]">&gt;&gt;</a>&nbsp;&nbsp;&nbsp;MX_TIM8_Init
<LI><a href="#[121]">&gt;&gt;</a>&nbsp;&nbsp;&nbsp;MX_TIM4_Init
<LI><a href="#[120]">&gt;&gt;</a>&nbsp;&nbsp;&nbsp;MX_TIM3_Init
<LI><a href="#[11e]">&gt;&gt;</a>&nbsp;&nbsp;&nbsp;MX_TIM2_Init
</UL>

<P><STRONG><a name="[190]"></a>__aeabi_memclr8</STRONG> (Thumb, 0 bytes, Stack size 0 bytes, memseta.o(.text), UNUSED)

<P><STRONG><a name="[70]"></a>_memset$wrapper</STRONG> (Thumb, 18 bytes, Stack size 8 bytes, memseta.o(.text), UNUSED)
<BR><BR>[Calls]<UL><LI><a href="#[6f]">&gt;&gt;</a>&nbsp;&nbsp;&nbsp;__aeabi_memset
</UL>

<P><STRONG><a name="[15a]"></a>strncpy</STRONG> (Thumb, 24 bytes, Stack size 8 bytes, strncpy.o(.text))
<BR><BR>[Stack]<UL><LI>Max Depth = 8<LI>Call Chain = strncpy
</UL>
<BR>[Called By]<UL><LI><a href="#[159]">&gt;&gt;</a>&nbsp;&nbsp;&nbsp;SerialProtocol_ParseFrame
</UL>

<P><STRONG><a name="[b8]"></a>strlen</STRONG> (Thumb, 14 bytes, Stack size 0 bytes, strlen.o(.text))
<BR><BR>[Called By]<UL><LI><a href="#[90]">&gt;&gt;</a>&nbsp;&nbsp;&nbsp;Bluetooth_SendString
<LI><a href="#[152]">&gt;&gt;</a>&nbsp;&nbsp;&nbsp;SerialProtocol_DisplayUpdate
<LI><a href="#[159]">&gt;&gt;</a>&nbsp;&nbsp;&nbsp;SerialProtocol_ParseFrame
</UL>

<P><STRONG><a name="[94]"></a>strcmp</STRONG> (Thumb, 28 bytes, Stack size 8 bytes, strcmp.o(.text))
<BR><BR>[Stack]<UL><LI>Max Depth = 8<LI>Call Chain = strcmp
</UL>
<BR>[Called By]<UL><LI><a href="#[8f]">&gt;&gt;</a>&nbsp;&nbsp;&nbsp;App_ControlTask
<LI><a href="#[a6]">&gt;&gt;</a>&nbsp;&nbsp;&nbsp;App_ParseJoystickPacket
<LI><a href="#[159]">&gt;&gt;</a>&nbsp;&nbsp;&nbsp;SerialProtocol_ParseFrame
</UL>

<P><STRONG><a name="[91]"></a>strncmp</STRONG> (Thumb, 30 bytes, Stack size 12 bytes, strncmp.o(.text))
<BR><BR>[Stack]<UL><LI>Max Depth = 12<LI>Call Chain = strncmp
</UL>
<BR>[Called By]<UL><LI><a href="#[8f]">&gt;&gt;</a>&nbsp;&nbsp;&nbsp;App_ControlTask
</UL>

<P><STRONG><a name="[71]"></a>sscanf</STRONG> (Thumb, 48 bytes, Stack size 72 bytes, sscanf.o(.text))
<BR><BR>[Stack]<UL><LI>Max Depth = 264<LI>Call Chain = sscanf &rArr; __vfscanf_char &rArr; __vfscanf &rArr; _scanf_real
</UL>
<BR>[Calls]<UL><LI><a href="#[72]">&gt;&gt;</a>&nbsp;&nbsp;&nbsp;__vfscanf_char
</UL>
<BR>[Called By]<UL><LI><a href="#[8f]">&gt;&gt;</a>&nbsp;&nbsp;&nbsp;App_ControlTask
<LI><a href="#[a6]">&gt;&gt;</a>&nbsp;&nbsp;&nbsp;App_ParseJoystickPacket
</UL>

<P><STRONG><a name="[73]"></a>strtol</STRONG> (Thumb, 112 bytes, Stack size 32 bytes, strtol.o(.text))
<BR><BR>[Stack]<UL><LI>Max Depth = 72<LI>Call Chain = strtol &rArr; _strtoul
</UL>
<BR>[Calls]<UL><LI><a href="#[6d]">&gt;&gt;</a>&nbsp;&nbsp;&nbsp;__rt_ctype_table
<LI><a href="#[74]">&gt;&gt;</a>&nbsp;&nbsp;&nbsp;_strtoul
<LI><a href="#[75]">&gt;&gt;</a>&nbsp;&nbsp;&nbsp;__aeabi_errno_addr
</UL>
<BR>[Called By]<UL><LI><a href="#[15b]">&gt;&gt;</a>&nbsp;&nbsp;&nbsp;SerialProtocol_ParseInt
</UL>

<P><STRONG><a name="[191]"></a>__aeabi_uidiv</STRONG> (Thumb, 0 bytes, Stack size 12 bytes, uidiv.o(.text), UNUSED)

<P><STRONG><a name="[185]"></a>__aeabi_uidivmod</STRONG> (Thumb, 44 bytes, Stack size 12 bytes, uidiv.o(.text), UNUSED)
<BR><BR>[Called By]<UL><LI><a href="#[180]">&gt;&gt;</a>&nbsp;&nbsp;&nbsp;_printf_core
</UL>

<P><STRONG><a name="[6b]"></a>__aeabi_llsl</STRONG> (Thumb, 30 bytes, Stack size 0 bytes, llshl.o(.text))
<BR><BR>[Called By]<UL><LI><a href="#[81]">&gt;&gt;</a>&nbsp;&nbsp;&nbsp;__aeabi_dadd
<LI><a href="#[87]">&gt;&gt;</a>&nbsp;&nbsp;&nbsp;__aeabi_d2ulz
<LI><a href="#[69]">&gt;&gt;</a>&nbsp;&nbsp;&nbsp;__aeabi_uldivmod
<LI><a href="#[83]">&gt;&gt;</a>&nbsp;&nbsp;&nbsp;_double_epilogue
</UL>

<P><STRONG><a name="[192]"></a>_ll_shift_l</STRONG> (Thumb, 0 bytes, Stack size 0 bytes, llshl.o(.text), UNUSED)

<P><STRONG><a name="[6a]"></a>__aeabi_llsr</STRONG> (Thumb, 32 bytes, Stack size 0 bytes, llushr.o(.text))
<BR><BR>[Called By]<UL><LI><a href="#[87]">&gt;&gt;</a>&nbsp;&nbsp;&nbsp;__aeabi_d2ulz
<LI><a href="#[69]">&gt;&gt;</a>&nbsp;&nbsp;&nbsp;__aeabi_uldivmod
<LI><a href="#[83]">&gt;&gt;</a>&nbsp;&nbsp;&nbsp;_double_epilogue
</UL>

<P><STRONG><a name="[193]"></a>_ll_ushift_r</STRONG> (Thumb, 0 bytes, Stack size 0 bytes, llushr.o(.text), UNUSED)

<P><STRONG><a name="[76]"></a>_scanf_longlong</STRONG> (Thumb, 342 bytes, Stack size 56 bytes, _scanf_longlong.o(.text))
<BR><BR>[Stack]<UL><LI>Max Depth = 56<LI>Call Chain = _scanf_longlong
</UL>
<BR>[Calls]<UL><LI><a href="#[77]">&gt;&gt;</a>&nbsp;&nbsp;&nbsp;_chval
</UL>
<BR>[Called By]<UL><LI><a href="#[80]">&gt;&gt;</a>&nbsp;&nbsp;&nbsp;__vfscanf
</UL>

<P><STRONG><a name="[78]"></a>_scanf_int</STRONG> (Thumb, 332 bytes, Stack size 56 bytes, _scanf_int.o(.text))
<BR><BR>[Stack]<UL><LI>Max Depth = 56<LI>Call Chain = _scanf_int
</UL>
<BR>[Calls]<UL><LI><a href="#[77]">&gt;&gt;</a>&nbsp;&nbsp;&nbsp;_chval
</UL>
<BR>[Called By]<UL><LI><a href="#[80]">&gt;&gt;</a>&nbsp;&nbsp;&nbsp;__vfscanf
</UL>

<P><STRONG><a name="[8a]"></a>_scanf_string</STRONG> (Thumb, 224 bytes, Stack size 56 bytes, _scanf_str.o(.text))
<BR><BR>[Stack]<UL><LI>Max Depth = 56<LI>Call Chain = _scanf_string
</UL>
<BR>[Called By]<UL><LI><a href="#[80]">&gt;&gt;</a>&nbsp;&nbsp;&nbsp;__vfscanf
</UL>

<P><STRONG><a name="[89]"></a>_scanf_real</STRONG> (Thumb, 0 bytes, Stack size 104 bytes, scanf_fp.o(.text))
<BR><BR>[Stack]<UL><LI>Max Depth = 104<LI>Call Chain = _scanf_real
</UL>
<BR>[Called By]<UL><LI><a href="#[80]">&gt;&gt;</a>&nbsp;&nbsp;&nbsp;__vfscanf
</UL>

<P><STRONG><a name="[7d]"></a>_scanf_really_real</STRONG> (Thumb, 556 bytes, Stack size 104 bytes, scanf_fp.o(.text), UNUSED)
<BR><BR>[Calls]<UL><LI><a href="#[7f]">&gt;&gt;</a>&nbsp;&nbsp;&nbsp;__aeabi_d2f
<LI><a href="#[7e]">&gt;&gt;</a>&nbsp;&nbsp;&nbsp;_is_digit
<LI><a href="#[79]">&gt;&gt;</a>&nbsp;&nbsp;&nbsp;_fp_value
</UL>

<P><STRONG><a name="[72]"></a>__vfscanf_char</STRONG> (Thumb, 20 bytes, Stack size 0 bytes, scanf_char.o(.text))
<BR><BR>[Stack]<UL><LI>Max Depth = 192<LI>Call Chain = __vfscanf_char &rArr; __vfscanf &rArr; _scanf_real
</UL>
<BR>[Calls]<UL><LI><a href="#[80]">&gt;&gt;</a>&nbsp;&nbsp;&nbsp;__vfscanf
</UL>
<BR>[Called By]<UL><LI><a href="#[71]">&gt;&gt;</a>&nbsp;&nbsp;&nbsp;sscanf
</UL>

<P><STRONG><a name="[5e]"></a>_sgetc</STRONG> (Thumb, 30 bytes, Stack size 0 bytes, _sgetc.o(.text))
<BR>[Address Reference Count : 1]<UL><LI> sscanf.o(.text)
</UL>
<P><STRONG><a name="[5f]"></a>_sbackspace</STRONG> (Thumb, 34 bytes, Stack size 0 bytes, _sgetc.o(.text))
<BR>[Address Reference Count : 1]<UL><LI> sscanf.o(.text)
</UL>
<P><STRONG><a name="[74]"></a>_strtoul</STRONG> (Thumb, 158 bytes, Stack size 40 bytes, _strtoul.o(.text))
<BR><BR>[Stack]<UL><LI>Max Depth = 40<LI>Call Chain = _strtoul
</UL>
<BR>[Calls]<UL><LI><a href="#[77]">&gt;&gt;</a>&nbsp;&nbsp;&nbsp;_chval
<LI><a href="#[75]">&gt;&gt;</a>&nbsp;&nbsp;&nbsp;__aeabi_errno_addr
</UL>
<BR>[Called By]<UL><LI><a href="#[73]">&gt;&gt;</a>&nbsp;&nbsp;&nbsp;strtol
</UL>

<P><STRONG><a name="[194]"></a>__I$use$fp</STRONG> (Thumb, 0 bytes, Stack size 48 bytes, iusefp.o(.text), UNUSED)

<P><STRONG><a name="[81]"></a>__aeabi_dadd</STRONG> (Thumb, 322 bytes, Stack size 48 bytes, dadd.o(.text), UNUSED)
<BR><BR>[Calls]<UL><LI><a href="#[82]">&gt;&gt;</a>&nbsp;&nbsp;&nbsp;__aeabi_lasr
<LI><a href="#[84]">&gt;&gt;</a>&nbsp;&nbsp;&nbsp;_double_round
<LI><a href="#[83]">&gt;&gt;</a>&nbsp;&nbsp;&nbsp;_double_epilogue
<LI><a href="#[6b]">&gt;&gt;</a>&nbsp;&nbsp;&nbsp;__aeabi_llsl
</UL>
<BR>[Called By]<UL><LI><a href="#[181]">&gt;&gt;</a>&nbsp;&nbsp;&nbsp;_fp_digits
<LI><a href="#[86]">&gt;&gt;</a>&nbsp;&nbsp;&nbsp;__aeabi_drsub
<LI><a href="#[85]">&gt;&gt;</a>&nbsp;&nbsp;&nbsp;__aeabi_dsub
</UL>

<P><STRONG><a name="[85]"></a>__aeabi_dsub</STRONG> (Thumb, 6 bytes, Stack size 0 bytes, dadd.o(.text), UNUSED)
<BR><BR>[Calls]<UL><LI><a href="#[81]">&gt;&gt;</a>&nbsp;&nbsp;&nbsp;__aeabi_dadd
</UL>

<P><STRONG><a name="[86]"></a>__aeabi_drsub</STRONG> (Thumb, 6 bytes, Stack size 0 bytes, dadd.o(.text), UNUSED)
<BR><BR>[Calls]<UL><LI><a href="#[81]">&gt;&gt;</a>&nbsp;&nbsp;&nbsp;__aeabi_dadd
</UL>

<P><STRONG><a name="[7b]"></a>__aeabi_dmul</STRONG> (Thumb, 228 bytes, Stack size 48 bytes, dmul.o(.text), UNUSED)
<BR><BR>[Calls]<UL><LI><a href="#[83]">&gt;&gt;</a>&nbsp;&nbsp;&nbsp;_double_epilogue
</UL>
<BR>[Called By]<UL><LI><a href="#[181]">&gt;&gt;</a>&nbsp;&nbsp;&nbsp;_fp_digits
<LI><a href="#[79]">&gt;&gt;</a>&nbsp;&nbsp;&nbsp;_fp_value
</UL>

<P><STRONG><a name="[7c]"></a>__aeabi_ddiv</STRONG> (Thumb, 222 bytes, Stack size 32 bytes, ddiv.o(.text), UNUSED)
<BR><BR>[Calls]<UL><LI><a href="#[84]">&gt;&gt;</a>&nbsp;&nbsp;&nbsp;_double_round
</UL>
<BR>[Called By]<UL><LI><a href="#[181]">&gt;&gt;</a>&nbsp;&nbsp;&nbsp;_fp_digits
<LI><a href="#[79]">&gt;&gt;</a>&nbsp;&nbsp;&nbsp;_fp_value
</UL>

<P><STRONG><a name="[87]"></a>__aeabi_d2ulz</STRONG> (Thumb, 48 bytes, Stack size 0 bytes, dfixul.o(.text), UNUSED)
<BR><BR>[Calls]<UL><LI><a href="#[6a]">&gt;&gt;</a>&nbsp;&nbsp;&nbsp;__aeabi_llsr
<LI><a href="#[6b]">&gt;&gt;</a>&nbsp;&nbsp;&nbsp;__aeabi_llsl
</UL>
<BR>[Called By]<UL><LI><a href="#[181]">&gt;&gt;</a>&nbsp;&nbsp;&nbsp;_fp_digits
</UL>

<P><STRONG><a name="[182]"></a>__aeabi_cdrcmple</STRONG> (Thumb, 48 bytes, Stack size 0 bytes, cdrcmple.o(.text), UNUSED)
<BR><BR>[Called By]<UL><LI><a href="#[181]">&gt;&gt;</a>&nbsp;&nbsp;&nbsp;_fp_digits
</UL>

<P><STRONG><a name="[68]"></a>__scatterload</STRONG> (Thumb, 28 bytes, Stack size 0 bytes, init.o(.text))
<BR><BR>[Calls]<UL><LI><a href="#[88]">&gt;&gt;</a>&nbsp;&nbsp;&nbsp;__main_after_scatterload
</UL>
<BR>[Called By]<UL><LI><a href="#[67]">&gt;&gt;</a>&nbsp;&nbsp;&nbsp;_main_scatterload
</UL>

<P><STRONG><a name="[195]"></a>__scatterload_rt2</STRONG> (Thumb, 0 bytes, Stack size 0 bytes, init.o(.text), UNUSED)

<P><STRONG><a name="[82]"></a>__aeabi_lasr</STRONG> (Thumb, 36 bytes, Stack size 0 bytes, llsshr.o(.text), UNUSED)
<BR><BR>[Called By]<UL><LI><a href="#[81]">&gt;&gt;</a>&nbsp;&nbsp;&nbsp;__aeabi_dadd
</UL>

<P><STRONG><a name="[196]"></a>_ll_sshift_r</STRONG> (Thumb, 0 bytes, Stack size 0 bytes, llsshr.o(.text), UNUSED)

<P><STRONG><a name="[77]"></a>_chval</STRONG> (Thumb, 28 bytes, Stack size 0 bytes, _chval.o(.text))
<BR><BR>[Called By]<UL><LI><a href="#[74]">&gt;&gt;</a>&nbsp;&nbsp;&nbsp;_strtoul
<LI><a href="#[78]">&gt;&gt;</a>&nbsp;&nbsp;&nbsp;_scanf_int
<LI><a href="#[76]">&gt;&gt;</a>&nbsp;&nbsp;&nbsp;_scanf_longlong
</UL>

<P><STRONG><a name="[80]"></a>__vfscanf</STRONG> (Thumb, 808 bytes, Stack size 88 bytes, _scanf.o(.text))
<BR><BR>[Stack]<UL><LI>Max Depth = 192<LI>Call Chain = __vfscanf &rArr; _scanf_real
</UL>
<BR>[Calls]<UL><LI><a href="#[89]">&gt;&gt;</a>&nbsp;&nbsp;&nbsp;_scanf_real
<LI><a href="#[8a]">&gt;&gt;</a>&nbsp;&nbsp;&nbsp;_scanf_string
<LI><a href="#[78]">&gt;&gt;</a>&nbsp;&nbsp;&nbsp;_scanf_int
<LI><a href="#[76]">&gt;&gt;</a>&nbsp;&nbsp;&nbsp;_scanf_longlong
</UL>
<BR>[Called By]<UL><LI><a href="#[72]">&gt;&gt;</a>&nbsp;&nbsp;&nbsp;__vfscanf_char
</UL>

<P><STRONG><a name="[84]"></a>_double_round</STRONG> (Thumb, 30 bytes, Stack size 8 bytes, depilogue.o(.text), UNUSED)
<BR><BR>[Called By]<UL><LI><a href="#[7c]">&gt;&gt;</a>&nbsp;&nbsp;&nbsp;__aeabi_ddiv
<LI><a href="#[81]">&gt;&gt;</a>&nbsp;&nbsp;&nbsp;__aeabi_dadd
<LI><a href="#[83]">&gt;&gt;</a>&nbsp;&nbsp;&nbsp;_double_epilogue
</UL>

<P><STRONG><a name="[83]"></a>_double_epilogue</STRONG> (Thumb, 156 bytes, Stack size 32 bytes, depilogue.o(.text), UNUSED)
<BR><BR>[Calls]<UL><LI><a href="#[84]">&gt;&gt;</a>&nbsp;&nbsp;&nbsp;_double_round
<LI><a href="#[6a]">&gt;&gt;</a>&nbsp;&nbsp;&nbsp;__aeabi_llsr
<LI><a href="#[6b]">&gt;&gt;</a>&nbsp;&nbsp;&nbsp;__aeabi_llsl
</UL>
<BR>[Called By]<UL><LI><a href="#[7b]">&gt;&gt;</a>&nbsp;&nbsp;&nbsp;__aeabi_dmul
<LI><a href="#[81]">&gt;&gt;</a>&nbsp;&nbsp;&nbsp;__aeabi_dadd
<LI><a href="#[7a]">&gt;&gt;</a>&nbsp;&nbsp;&nbsp;__aeabi_ul2d
</UL>

<P><STRONG><a name="[7a]"></a>__aeabi_ul2d</STRONG> (Thumb, 24 bytes, Stack size 16 bytes, dfltul.o(.text), UNUSED)
<BR><BR>[Calls]<UL><LI><a href="#[83]">&gt;&gt;</a>&nbsp;&nbsp;&nbsp;_double_epilogue
</UL>
<BR>[Called By]<UL><LI><a href="#[79]">&gt;&gt;</a>&nbsp;&nbsp;&nbsp;_fp_value
</UL>

<P><STRONG><a name="[7f]"></a>__aeabi_d2f</STRONG> (Thumb, 56 bytes, Stack size 8 bytes, d2f.o(.text), UNUSED)
<BR><BR>[Called By]<UL><LI><a href="#[7d]">&gt;&gt;</a>&nbsp;&nbsp;&nbsp;_scanf_really_real
</UL>

<P><STRONG><a name="[197]"></a>_float_round</STRONG> (Thumb, 18 bytes, Stack size 0 bytes, fepilogue.o(.text), UNUSED)

<P><STRONG><a name="[198]"></a>_float_epilogue</STRONG> (Thumb, 92 bytes, Stack size 4 bytes, fepilogue.o(.text), UNUSED)

<P><STRONG><a name="[8b]"></a>App_AutoPlotTask</STRONG> (Thumb, 126 bytes, Stack size 32 bytes, app_control.o(.text.App_AutoPlotTask))
<BR><BR>[Stack]<UL><LI>Max Depth = 412<LI>Call Chain = App_AutoPlotTask &rArr; Bluetooth_SendPlotData &rArr; Bluetooth_SendString &rArr; HAL_UART_Transmit &rArr; UART_WaitOnFlagUntilTimeout &rArr; UART_EndRxTransfer
</UL>
<BR>[Calls]<UL><LI><a href="#[8d]">&gt;&gt;</a>&nbsp;&nbsp;&nbsp;MotorClosedLoop_GetCurrentSpeed
<LI><a href="#[8c]">&gt;&gt;</a>&nbsp;&nbsp;&nbsp;HAL_GetTick
<LI><a href="#[8e]">&gt;&gt;</a>&nbsp;&nbsp;&nbsp;Bluetooth_SendPlotData
</UL>
<BR>[Called By]<UL><LI><a href="#[5b]">&gt;&gt;</a>&nbsp;&nbsp;&nbsp;main
</UL>

<P><STRONG><a name="[8f]"></a>App_ControlTask</STRONG> (Thumb, 1724 bytes, Stack size 56 bytes, app_control.o(.text.App_ControlTask))
<BR><BR>[Stack]<UL><LI>Max Depth = 620<LI>Call Chain = App_ControlTask &rArr; App_X42SDiagnosticTask &rArr; Bluetooth_SendString &rArr; HAL_UART_Transmit &rArr; UART_WaitOnFlagUntilTimeout &rArr; UART_EndRxTransfer
</UL>
<BR>[Calls]<UL><LI><a href="#[a1]">&gt;&gt;</a>&nbsp;&nbsp;&nbsp;SolenoidValve2_Toggle
<LI><a href="#[a3]">&gt;&gt;</a>&nbsp;&nbsp;&nbsp;SolenoidValve2_Pulse
<LI><a href="#[9f]">&gt;&gt;</a>&nbsp;&nbsp;&nbsp;SolenoidValve2_On
<LI><a href="#[a0]">&gt;&gt;</a>&nbsp;&nbsp;&nbsp;SolenoidValve2_Off
<LI><a href="#[a2]">&gt;&gt;</a>&nbsp;&nbsp;&nbsp;SolenoidValve2_IsOn
<LI><a href="#[9c]">&gt;&gt;</a>&nbsp;&nbsp;&nbsp;SolenoidValve1_Toggle
<LI><a href="#[9e]">&gt;&gt;</a>&nbsp;&nbsp;&nbsp;SolenoidValve1_Pulse
<LI><a href="#[9a]">&gt;&gt;</a>&nbsp;&nbsp;&nbsp;SolenoidValve1_On
<LI><a href="#[9b]">&gt;&gt;</a>&nbsp;&nbsp;&nbsp;SolenoidValve1_Off
<LI><a href="#[9d]">&gt;&gt;</a>&nbsp;&nbsp;&nbsp;SolenoidValve1_IsOn
<LI><a href="#[97]">&gt;&gt;</a>&nbsp;&nbsp;&nbsp;MotorDriverX42S_StartLiftHoming
<LI><a href="#[93]">&gt;&gt;</a>&nbsp;&nbsp;&nbsp;MotorDriverX42S_SetFrontLevelSpeed
<LI><a href="#[92]">&gt;&gt;</a>&nbsp;&nbsp;&nbsp;MotorDriverX42S_SetDualSpeed
<LI><a href="#[95]">&gt;&gt;</a>&nbsp;&nbsp;&nbsp;MotorDriverX42S_QueryLiftStatus
<LI><a href="#[96]">&gt;&gt;</a>&nbsp;&nbsp;&nbsp;MotorDriverX42S_QueryLiftConfig
<LI><a href="#[99]">&gt;&gt;</a>&nbsp;&nbsp;&nbsp;MotorDriverX42S_ClearStoredAutorun
<LI><a href="#[98]">&gt;&gt;</a>&nbsp;&nbsp;&nbsp;MotorDriverX42S_ClearProtection
<LI><a href="#[8d]">&gt;&gt;</a>&nbsp;&nbsp;&nbsp;MotorClosedLoop_GetCurrentSpeed
<LI><a href="#[a7]">&gt;&gt;</a>&nbsp;&nbsp;&nbsp;Mecanum_StopAll
<LI><a href="#[8c]">&gt;&gt;</a>&nbsp;&nbsp;&nbsp;HAL_GetTick
<LI><a href="#[90]">&gt;&gt;</a>&nbsp;&nbsp;&nbsp;Bluetooth_SendString
<LI><a href="#[8e]">&gt;&gt;</a>&nbsp;&nbsp;&nbsp;Bluetooth_SendPlotData
<LI><a href="#[a5]">&gt;&gt;</a>&nbsp;&nbsp;&nbsp;Bluetooth_SendPlotClear
<LI><a href="#[a4]">&gt;&gt;</a>&nbsp;&nbsp;&nbsp;Bluetooth_SendMotorStatus
<LI><a href="#[a8]">&gt;&gt;</a>&nbsp;&nbsp;&nbsp;App_X42SDiagnosticTask
<LI><a href="#[a6]">&gt;&gt;</a>&nbsp;&nbsp;&nbsp;App_ParseJoystickPacket
<LI><a href="#[71]">&gt;&gt;</a>&nbsp;&nbsp;&nbsp;sscanf
<LI><a href="#[91]">&gt;&gt;</a>&nbsp;&nbsp;&nbsp;strncmp
<LI><a href="#[94]">&gt;&gt;</a>&nbsp;&nbsp;&nbsp;strcmp
</UL>
<BR>[Called By]<UL><LI><a href="#[5b]">&gt;&gt;</a>&nbsp;&nbsp;&nbsp;main
</UL>

<P><STRONG><a name="[a9]"></a>App_EmergencyStopCheck</STRONG> (Thumb, 262 bytes, Stack size 16 bytes, app_control.o(.text.App_EmergencyStopCheck))
<BR><BR>[Stack]<UL><LI>Max Depth = 220<LI>Call Chain = App_EmergencyStopCheck &rArr; MotorDriverX42S_StopAll &rArr; X42S_StopOne &rArr; HAL_UART_Transmit &rArr; UART_WaitOnFlagUntilTimeout &rArr; UART_EndRxTransfer
</UL>
<BR>[Calls]<UL><LI><a href="#[ab]">&gt;&gt;</a>&nbsp;&nbsp;&nbsp;MotorDriverX42S_StopAll
<LI><a href="#[a7]">&gt;&gt;</a>&nbsp;&nbsp;&nbsp;Mecanum_StopAll
<LI><a href="#[8c]">&gt;&gt;</a>&nbsp;&nbsp;&nbsp;HAL_GetTick
<LI><a href="#[aa]">&gt;&gt;</a>&nbsp;&nbsp;&nbsp;HAL_GPIO_ReadPin
<LI><a href="#[ac]">&gt;&gt;</a>&nbsp;&nbsp;&nbsp;HAL_GPIO_WritePin
</UL>
<BR>[Called By]<UL><LI><a href="#[5b]">&gt;&gt;</a>&nbsp;&nbsp;&nbsp;main
</UL>

<P><STRONG><a name="[b7]"></a>Bluetooth_Init</STRONG> (Thumb, 50 bytes, Stack size 8 bytes, bluetooth.o(.text.Bluetooth_Init))
<BR><BR>[Stack]<UL><LI>Max Depth = 8<LI>Call Chain = Bluetooth_Init
</UL>
<BR>[Calls]<UL><LI><a href="#[6e]">&gt;&gt;</a>&nbsp;&nbsp;&nbsp;__aeabi_memclr
</UL>
<BR>[Called By]<UL><LI><a href="#[5b]">&gt;&gt;</a>&nbsp;&nbsp;&nbsp;main
</UL>

<P><STRONG><a name="[a4]"></a>Bluetooth_SendMotorStatus</STRONG> (Thumb, 88 bytes, Stack size 176 bytes, bluetooth.o(.text.Bluetooth_SendMotorStatus))
<BR><BR>[Stack]<UL><LI>Max Depth = 356<LI>Call Chain = Bluetooth_SendMotorStatus &rArr; Bluetooth_SendString &rArr; HAL_UART_Transmit &rArr; UART_WaitOnFlagUntilTimeout &rArr; UART_EndRxTransfer
</UL>
<BR>[Calls]<UL><LI><a href="#[8d]">&gt;&gt;</a>&nbsp;&nbsp;&nbsp;MotorClosedLoop_GetCurrentSpeed
<LI><a href="#[90]">&gt;&gt;</a>&nbsp;&nbsp;&nbsp;Bluetooth_SendString
<LI><a href="#[b3]">&gt;&gt;</a>&nbsp;&nbsp;&nbsp;snprintf
</UL>
<BR>[Called By]<UL><LI><a href="#[8f]">&gt;&gt;</a>&nbsp;&nbsp;&nbsp;App_ControlTask
</UL>

<P><STRONG><a name="[a5]"></a>Bluetooth_SendPlotClear</STRONG> (Thumb, 16 bytes, Stack size 8 bytes, bluetooth.o(.text.Bluetooth_SendPlotClear))
<BR><BR>[Stack]<UL><LI>Max Depth = 188<LI>Call Chain = Bluetooth_SendPlotClear &rArr; Bluetooth_SendString &rArr; HAL_UART_Transmit &rArr; UART_WaitOnFlagUntilTimeout &rArr; UART_EndRxTransfer
</UL>
<BR>[Calls]<UL><LI><a href="#[90]">&gt;&gt;</a>&nbsp;&nbsp;&nbsp;Bluetooth_SendString
</UL>
<BR>[Called By]<UL><LI><a href="#[8f]">&gt;&gt;</a>&nbsp;&nbsp;&nbsp;App_ControlTask
</UL>

<P><STRONG><a name="[8e]"></a>Bluetooth_SendPlotData</STRONG> (Thumb, 80 bytes, Stack size 200 bytes, bluetooth.o(.text.Bluetooth_SendPlotData))
<BR><BR>[Stack]<UL><LI>Max Depth = 380<LI>Call Chain = Bluetooth_SendPlotData &rArr; Bluetooth_SendString &rArr; HAL_UART_Transmit &rArr; UART_WaitOnFlagUntilTimeout &rArr; UART_EndRxTransfer
</UL>
<BR>[Calls]<UL><LI><a href="#[90]">&gt;&gt;</a>&nbsp;&nbsp;&nbsp;Bluetooth_SendString
<LI><a href="#[b3]">&gt;&gt;</a>&nbsp;&nbsp;&nbsp;snprintf
</UL>
<BR>[Called By]<UL><LI><a href="#[8f]">&gt;&gt;</a>&nbsp;&nbsp;&nbsp;App_ControlTask
<LI><a href="#[8b]">&gt;&gt;</a>&nbsp;&nbsp;&nbsp;App_AutoPlotTask
</UL>

<P><STRONG><a name="[90]"></a>Bluetooth_SendString</STRONG> (Thumb, 42 bytes, Stack size 24 bytes, bluetooth.o(.text.Bluetooth_SendString))
<BR><BR>[Stack]<UL><LI>Max Depth = 180<LI>Call Chain = Bluetooth_SendString &rArr; HAL_UART_Transmit &rArr; UART_WaitOnFlagUntilTimeout &rArr; UART_EndRxTransfer
</UL>
<BR>[Calls]<UL><LI><a href="#[b9]">&gt;&gt;</a>&nbsp;&nbsp;&nbsp;HAL_UART_Transmit
<LI><a href="#[b8]">&gt;&gt;</a>&nbsp;&nbsp;&nbsp;strlen
</UL>
<BR>[Called By]<UL><LI><a href="#[8e]">&gt;&gt;</a>&nbsp;&nbsp;&nbsp;Bluetooth_SendPlotData
<LI><a href="#[a5]">&gt;&gt;</a>&nbsp;&nbsp;&nbsp;Bluetooth_SendPlotClear
<LI><a href="#[a4]">&gt;&gt;</a>&nbsp;&nbsp;&nbsp;Bluetooth_SendMotorStatus
<LI><a href="#[8f]">&gt;&gt;</a>&nbsp;&nbsp;&nbsp;App_ControlTask
<LI><a href="#[a8]">&gt;&gt;</a>&nbsp;&nbsp;&nbsp;App_X42SDiagnosticTask
<LI><a href="#[15c]">&gt;&gt;</a>&nbsp;&nbsp;&nbsp;SerialProtocol_SendToBluetooth
</UL>

<P><STRONG><a name="[ba]"></a>Bluetooth_StartReceiveIT</STRONG> (Thumb, 32 bytes, Stack size 16 bytes, bluetooth.o(.text.Bluetooth_StartReceiveIT))
<BR><BR>[Stack]<UL><LI>Max Depth = 88<LI>Call Chain = Bluetooth_StartReceiveIT &rArr; HAL_UART_Receive_IT &rArr; UART_Start_Receive_IT
</UL>
<BR>[Calls]<UL><LI><a href="#[bb]">&gt;&gt;</a>&nbsp;&nbsp;&nbsp;HAL_UART_Receive_IT
</UL>
<BR>[Called By]<UL><LI><a href="#[5b]">&gt;&gt;</a>&nbsp;&nbsp;&nbsp;main
</UL>

<P><STRONG><a name="[4]"></a>BusFault_Handler</STRONG> (Thumb, 4 bytes, Stack size 0 bytes, stm32f4xx_it.o(.text.BusFault_Handler))
<BR>[Address Reference Count : 1]<UL><LI> startup_stm32f407xx.o(RESET)
</UL>
<P><STRONG><a name="[bc]"></a>DC4_Motor_AllStop</STRONG> (Thumb, 50 bytes, Stack size 16 bytes, motor_driver_dc4ch.o(.text.DC4_Motor_AllStop))
<BR><BR>[Stack]<UL><LI>Max Depth = 132<LI>Call Chain = DC4_Motor_AllStop &rArr; DC4_Motor_SetSignedSpeed &rArr; tb6612_brake &rArr; HAL_GPIO_WritePin
</UL>
<BR>[Calls]<UL><LI><a href="#[bd]">&gt;&gt;</a>&nbsp;&nbsp;&nbsp;DC4_Motor_SetSignedSpeed
</UL>
<BR>[Called By]<UL><LI><a href="#[12b]">&gt;&gt;</a>&nbsp;&nbsp;&nbsp;Mecanum_Init
</UL>

<P><STRONG><a name="[be]"></a>DC4_Motor_Init</STRONG> (Thumb, 300 bytes, Stack size 56 bytes, motor_driver_dc4ch.o(.text.DC4_Motor_Init))
<BR><BR>[Stack]<UL><LI>Max Depth = 172<LI>Call Chain = DC4_Motor_Init &rArr; cfg_out &rArr; HAL_GPIO_Init
</UL>
<BR>[Calls]<UL><LI><a href="#[bf]">&gt;&gt;</a>&nbsp;&nbsp;&nbsp;HAL_TIM_PWM_Stop
<LI><a href="#[c1]">&gt;&gt;</a>&nbsp;&nbsp;&nbsp;tb6612_coast
<LI><a href="#[c0]">&gt;&gt;</a>&nbsp;&nbsp;&nbsp;cfg_out
</UL>
<BR>[Called By]<UL><LI><a href="#[12b]">&gt;&gt;</a>&nbsp;&nbsp;&nbsp;Mecanum_Init
</UL>

<P><STRONG><a name="[bd]"></a>DC4_Motor_SetSignedSpeed</STRONG> (Thumb, 334 bytes, Stack size 56 bytes, motor_driver_dc4ch.o(.text.DC4_Motor_SetSignedSpeed))
<BR><BR>[Stack]<UL><LI>Max Depth = 116<LI>Call Chain = DC4_Motor_SetSignedSpeed &rArr; tb6612_brake &rArr; HAL_GPIO_WritePin
</UL>
<BR>[Calls]<UL><LI><a href="#[c3]">&gt;&gt;</a>&nbsp;&nbsp;&nbsp;tb6612_reverse
<LI><a href="#[c2]">&gt;&gt;</a>&nbsp;&nbsp;&nbsp;tb6612_forward
<LI><a href="#[c4]">&gt;&gt;</a>&nbsp;&nbsp;&nbsp;tb6612_brake
<LI><a href="#[c5]">&gt;&gt;</a>&nbsp;&nbsp;&nbsp;abs
</UL>
<BR>[Called By]<UL><LI><a href="#[a7]">&gt;&gt;</a>&nbsp;&nbsp;&nbsp;Mecanum_StopAll
<LI><a href="#[ae]">&gt;&gt;</a>&nbsp;&nbsp;&nbsp;Mecanum_SetMotion
<LI><a href="#[bc]">&gt;&gt;</a>&nbsp;&nbsp;&nbsp;DC4_Motor_AllStop
</UL>

<P><STRONG><a name="[c6]"></a>DC4_Motor_Start</STRONG> (Thumb, 102 bytes, Stack size 40 bytes, motor_driver_dc4ch.o(.text.DC4_Motor_Start))
<BR><BR>[Stack]<UL><LI>Max Depth = 140<LI>Call Chain = DC4_Motor_Start &rArr; HAL_TIM_PWM_Start &rArr; TIM_CCxChannelCmd
</UL>
<BR>[Calls]<UL><LI><a href="#[c7]">&gt;&gt;</a>&nbsp;&nbsp;&nbsp;HAL_TIM_PWM_Start
</UL>
<BR>[Called By]<UL><LI><a href="#[12b]">&gt;&gt;</a>&nbsp;&nbsp;&nbsp;Mecanum_Init
</UL>

<P><STRONG><a name="[15]"></a>DMA1_Stream0_IRQHandler</STRONG> (Thumb, 16 bytes, Stack size 8 bytes, stm32f4xx_it.o(.text.DMA1_Stream0_IRQHandler))
<BR><BR>[Stack]<UL><LI>Max Depth = 48<LI>Call Chain = DMA1_Stream0_IRQHandler &rArr; HAL_DMA_IRQHandler
</UL>
<BR>[Calls]<UL><LI><a href="#[c8]">&gt;&gt;</a>&nbsp;&nbsp;&nbsp;HAL_DMA_IRQHandler
</UL>
<BR>[Address Reference Count : 1]<UL><LI> startup_stm32f407xx.o(RESET)
</UL>
<P><STRONG><a name="[17]"></a>DMA1_Stream2_IRQHandler</STRONG> (Thumb, 16 bytes, Stack size 8 bytes, stm32f4xx_it.o(.text.DMA1_Stream2_IRQHandler))
<BR><BR>[Stack]<UL><LI>Max Depth = 48<LI>Call Chain = DMA1_Stream2_IRQHandler &rArr; HAL_DMA_IRQHandler
</UL>
<BR>[Calls]<UL><LI><a href="#[c8]">&gt;&gt;</a>&nbsp;&nbsp;&nbsp;HAL_DMA_IRQHandler
</UL>
<BR>[Address Reference Count : 1]<UL><LI> startup_stm32f407xx.o(RESET)
</UL>
<P><STRONG><a name="[19]"></a>DMA1_Stream4_IRQHandler</STRONG> (Thumb, 16 bytes, Stack size 8 bytes, stm32f4xx_it.o(.text.DMA1_Stream4_IRQHandler))
<BR><BR>[Stack]<UL><LI>Max Depth = 48<LI>Call Chain = DMA1_Stream4_IRQHandler &rArr; HAL_DMA_IRQHandler
</UL>
<BR>[Calls]<UL><LI><a href="#[c8]">&gt;&gt;</a>&nbsp;&nbsp;&nbsp;HAL_DMA_IRQHandler
</UL>
<BR>[Address Reference Count : 1]<UL><LI> startup_stm32f407xx.o(RESET)
</UL>
<P><STRONG><a name="[1a]"></a>DMA1_Stream5_IRQHandler</STRONG> (Thumb, 16 bytes, Stack size 8 bytes, stm32f4xx_it.o(.text.DMA1_Stream5_IRQHandler))
<BR><BR>[Stack]<UL><LI>Max Depth = 48<LI>Call Chain = DMA1_Stream5_IRQHandler &rArr; HAL_DMA_IRQHandler
</UL>
<BR>[Calls]<UL><LI><a href="#[c8]">&gt;&gt;</a>&nbsp;&nbsp;&nbsp;HAL_DMA_IRQHandler
</UL>
<BR>[Address Reference Count : 1]<UL><LI> startup_stm32f407xx.o(RESET)
</UL>
<P><STRONG><a name="[1b]"></a>DMA1_Stream6_IRQHandler</STRONG> (Thumb, 16 bytes, Stack size 8 bytes, stm32f4xx_it.o(.text.DMA1_Stream6_IRQHandler))
<BR><BR>[Stack]<UL><LI>Max Depth = 48<LI>Call Chain = DMA1_Stream6_IRQHandler &rArr; HAL_DMA_IRQHandler
</UL>
<BR>[Calls]<UL><LI><a href="#[c8]">&gt;&gt;</a>&nbsp;&nbsp;&nbsp;HAL_DMA_IRQHandler
</UL>
<BR>[Address Reference Count : 1]<UL><LI> startup_stm32f407xx.o(RESET)
</UL>
<P><STRONG><a name="[39]"></a>DMA1_Stream7_IRQHandler</STRONG> (Thumb, 16 bytes, Stack size 8 bytes, stm32f4xx_it.o(.text.DMA1_Stream7_IRQHandler))
<BR><BR>[Stack]<UL><LI>Max Depth = 48<LI>Call Chain = DMA1_Stream7_IRQHandler &rArr; HAL_DMA_IRQHandler
</UL>
<BR>[Calls]<UL><LI><a href="#[c8]">&gt;&gt;</a>&nbsp;&nbsp;&nbsp;HAL_DMA_IRQHandler
</UL>
<BR>[Address Reference Count : 1]<UL><LI> startup_stm32f407xx.o(RESET)
</UL>
<P><STRONG><a name="[43]"></a>DMA2_Stream1_IRQHandler</STRONG> (Thumb, 16 bytes, Stack size 8 bytes, stm32f4xx_it.o(.text.DMA2_Stream1_IRQHandler))
<BR><BR>[Stack]<UL><LI>Max Depth = 48<LI>Call Chain = DMA2_Stream1_IRQHandler &rArr; HAL_DMA_IRQHandler
</UL>
<BR>[Calls]<UL><LI><a href="#[c8]">&gt;&gt;</a>&nbsp;&nbsp;&nbsp;HAL_DMA_IRQHandler
</UL>
<BR>[Address Reference Count : 1]<UL><LI> startup_stm32f407xx.o(RESET)
</UL>
<P><STRONG><a name="[44]"></a>DMA2_Stream2_IRQHandler</STRONG> (Thumb, 16 bytes, Stack size 8 bytes, stm32f4xx_it.o(.text.DMA2_Stream2_IRQHandler))
<BR><BR>[Stack]<UL><LI>Max Depth = 48<LI>Call Chain = DMA2_Stream2_IRQHandler &rArr; HAL_DMA_IRQHandler
</UL>
<BR>[Calls]<UL><LI><a href="#[c8]">&gt;&gt;</a>&nbsp;&nbsp;&nbsp;HAL_DMA_IRQHandler
</UL>
<BR>[Address Reference Count : 1]<UL><LI> startup_stm32f407xx.o(RESET)
</UL>
<P><STRONG><a name="[4f]"></a>DMA2_Stream6_IRQHandler</STRONG> (Thumb, 16 bytes, Stack size 8 bytes, stm32f4xx_it.o(.text.DMA2_Stream6_IRQHandler))
<BR><BR>[Stack]<UL><LI>Max Depth = 48<LI>Call Chain = DMA2_Stream6_IRQHandler &rArr; HAL_DMA_IRQHandler
</UL>
<BR>[Calls]<UL><LI><a href="#[c8]">&gt;&gt;</a>&nbsp;&nbsp;&nbsp;HAL_DMA_IRQHandler
</UL>
<BR>[Address Reference Count : 1]<UL><LI> startup_stm32f407xx.o(RESET)
</UL>
<P><STRONG><a name="[50]"></a>DMA2_Stream7_IRQHandler</STRONG> (Thumb, 16 bytes, Stack size 8 bytes, stm32f4xx_it.o(.text.DMA2_Stream7_IRQHandler))
<BR><BR>[Stack]<UL><LI>Max Depth = 48<LI>Call Chain = DMA2_Stream7_IRQHandler &rArr; HAL_DMA_IRQHandler
</UL>
<BR>[Calls]<UL><LI><a href="#[c8]">&gt;&gt;</a>&nbsp;&nbsp;&nbsp;HAL_DMA_IRQHandler
</UL>
<BR>[Address Reference Count : 1]<UL><LI> startup_stm32f407xx.o(RESET)
</UL>
<P><STRONG><a name="[7]"></a>DebugMon_Handler</STRONG> (Thumb, 2 bytes, Stack size 0 bytes, stm32f4xx_it.o(.text.DebugMon_Handler))
<BR>[Address Reference Count : 1]<UL><LI> startup_stm32f407xx.o(RESET)
</UL>
<P><STRONG><a name="[110]"></a>Error_Handler</STRONG> (Thumb, 6 bytes, Stack size 0 bytes, main.o(.text.Error_Handler))
<BR><BR>[Called By]<UL><LI><a href="#[169]">&gt;&gt;</a>&nbsp;&nbsp;&nbsp;SystemClock_Config
<LI><a href="#[12a]">&gt;&gt;</a>&nbsp;&nbsp;&nbsp;MX_USART6_UART_Init
<LI><a href="#[129]">&gt;&gt;</a>&nbsp;&nbsp;&nbsp;MX_USART3_UART_Init
<LI><a href="#[128]">&gt;&gt;</a>&nbsp;&nbsp;&nbsp;MX_USART2_UART_Init
<LI><a href="#[127]">&gt;&gt;</a>&nbsp;&nbsp;&nbsp;MX_USART1_UART_Init
<LI><a href="#[126]">&gt;&gt;</a>&nbsp;&nbsp;&nbsp;MX_UART5_Init
<LI><a href="#[125]">&gt;&gt;</a>&nbsp;&nbsp;&nbsp;MX_UART4_Init
<LI><a href="#[124]">&gt;&gt;</a>&nbsp;&nbsp;&nbsp;MX_TIM8_Init
<LI><a href="#[123]">&gt;&gt;</a>&nbsp;&nbsp;&nbsp;MX_TIM6_Init
<LI><a href="#[122]">&gt;&gt;</a>&nbsp;&nbsp;&nbsp;MX_TIM5_Init
<LI><a href="#[121]">&gt;&gt;</a>&nbsp;&nbsp;&nbsp;MX_TIM4_Init
<LI><a href="#[120]">&gt;&gt;</a>&nbsp;&nbsp;&nbsp;MX_TIM3_Init
<LI><a href="#[11e]">&gt;&gt;</a>&nbsp;&nbsp;&nbsp;MX_TIM2_Init
<LI><a href="#[11b]">&gt;&gt;</a>&nbsp;&nbsp;&nbsp;MX_TIM1_Init
<LI><a href="#[11a]">&gt;&gt;</a>&nbsp;&nbsp;&nbsp;MX_TIM12_Init
<LI><a href="#[119]">&gt;&gt;</a>&nbsp;&nbsp;&nbsp;MX_I2C1_Init
<LI><a href="#[10e]">&gt;&gt;</a>&nbsp;&nbsp;&nbsp;HAL_UART_MspInit
</UL>

<P><STRONG><a name="[c9]"></a>HAL_DMA_Abort</STRONG> (Thumb, 252 bytes, Stack size 32 bytes, stm32f4xx_hal_dma.o(.text.HAL_DMA_Abort))
<BR><BR>[Stack]<UL><LI>Max Depth = 32<LI>Call Chain = HAL_DMA_Abort
</UL>
<BR>[Calls]<UL><LI><a href="#[8c]">&gt;&gt;</a>&nbsp;&nbsp;&nbsp;HAL_GetTick
</UL>
<BR>[Called By]<UL><LI><a href="#[101]">&gt;&gt;</a>&nbsp;&nbsp;&nbsp;HAL_UART_AbortTransmit
<LI><a href="#[106]">&gt;&gt;</a>&nbsp;&nbsp;&nbsp;HAL_UART_IRQHandler
</UL>

<P><STRONG><a name="[109]"></a>HAL_DMA_Abort_IT</STRONG> (Thumb, 72 bytes, Stack size 12 bytes, stm32f4xx_hal_dma.o(.text.HAL_DMA_Abort_IT))
<BR><BR>[Stack]<UL><LI>Max Depth = 12<LI>Call Chain = HAL_DMA_Abort_IT
</UL>
<BR>[Called By]<UL><LI><a href="#[106]">&gt;&gt;</a>&nbsp;&nbsp;&nbsp;HAL_UART_IRQHandler
</UL>

<P><STRONG><a name="[102]"></a>HAL_DMA_GetError</STRONG> (Thumb, 16 bytes, Stack size 8 bytes, stm32f4xx_hal_dma.o(.text.HAL_DMA_GetError))
<BR><BR>[Stack]<UL><LI>Max Depth = 8<LI>Call Chain = HAL_DMA_GetError
</UL>
<BR>[Called By]<UL><LI><a href="#[101]">&gt;&gt;</a>&nbsp;&nbsp;&nbsp;HAL_UART_AbortTransmit
</UL>

<P><STRONG><a name="[c8]"></a>HAL_DMA_IRQHandler</STRONG> (Thumb, 854 bytes, Stack size 40 bytes, stm32f4xx_hal_dma.o(.text.HAL_DMA_IRQHandler))
<BR><BR>[Stack]<UL><LI>Max Depth = 40<LI>Call Chain = HAL_DMA_IRQHandler
</UL>
<BR>[Called By]<UL><LI><a href="#[50]">&gt;&gt;</a>&nbsp;&nbsp;&nbsp;DMA2_Stream7_IRQHandler
<LI><a href="#[4f]">&gt;&gt;</a>&nbsp;&nbsp;&nbsp;DMA2_Stream6_IRQHandler
<LI><a href="#[44]">&gt;&gt;</a>&nbsp;&nbsp;&nbsp;DMA2_Stream2_IRQHandler
<LI><a href="#[43]">&gt;&gt;</a>&nbsp;&nbsp;&nbsp;DMA2_Stream1_IRQHandler
<LI><a href="#[39]">&gt;&gt;</a>&nbsp;&nbsp;&nbsp;DMA1_Stream7_IRQHandler
<LI><a href="#[1b]">&gt;&gt;</a>&nbsp;&nbsp;&nbsp;DMA1_Stream6_IRQHandler
<LI><a href="#[1a]">&gt;&gt;</a>&nbsp;&nbsp;&nbsp;DMA1_Stream5_IRQHandler
<LI><a href="#[19]">&gt;&gt;</a>&nbsp;&nbsp;&nbsp;DMA1_Stream4_IRQHandler
<LI><a href="#[17]">&gt;&gt;</a>&nbsp;&nbsp;&nbsp;DMA1_Stream2_IRQHandler
<LI><a href="#[15]">&gt;&gt;</a>&nbsp;&nbsp;&nbsp;DMA1_Stream0_IRQHandler
</UL>

<P><STRONG><a name="[ca]"></a>HAL_DMA_Init</STRONG> (Thumb, 386 bytes, Stack size 32 bytes, stm32f4xx_hal_dma.o(.text.HAL_DMA_Init))
<BR><BR>[Stack]<UL><LI>Max Depth = 60<LI>Call Chain = HAL_DMA_Init &rArr; DMA_CheckFifoParam
</UL>
<BR>[Calls]<UL><LI><a href="#[8c]">&gt;&gt;</a>&nbsp;&nbsp;&nbsp;HAL_GetTick
<LI><a href="#[cb]">&gt;&gt;</a>&nbsp;&nbsp;&nbsp;DMA_CheckFifoParam
<LI><a href="#[cc]">&gt;&gt;</a>&nbsp;&nbsp;&nbsp;DMA_CalcBaseAndBitshift
</UL>
<BR>[Called By]<UL><LI><a href="#[10e]">&gt;&gt;</a>&nbsp;&nbsp;&nbsp;HAL_UART_MspInit
</UL>

<P><STRONG><a name="[cd]"></a>HAL_DMA_Start_IT</STRONG> (Thumb, 218 bytes, Stack size 64 bytes, stm32f4xx_hal_dma.o(.text.HAL_DMA_Start_IT))
<BR><BR>[Stack]<UL><LI>Max Depth = 112<LI>Call Chain = HAL_DMA_Start_IT &rArr; DMA_SetConfig
</UL>
<BR>[Calls]<UL><LI><a href="#[ce]">&gt;&gt;</a>&nbsp;&nbsp;&nbsp;DMA_SetConfig
</UL>
<BR>[Called By]<UL><LI><a href="#[116]">&gt;&gt;</a>&nbsp;&nbsp;&nbsp;HAL_UART_Transmit_DMA
</UL>

<P><STRONG><a name="[cf]"></a>HAL_Delay</STRONG> (Thumb, 78 bytes, Stack size 24 bytes, stm32f4xx_hal.o(.text.HAL_Delay))
<BR><BR>[Stack]<UL><LI>Max Depth = 24<LI>Call Chain = HAL_Delay
</UL>
<BR>[Calls]<UL><LI><a href="#[8c]">&gt;&gt;</a>&nbsp;&nbsp;&nbsp;HAL_GetTick
</UL>
<BR>[Called By]<UL><LI><a href="#[14a]">&gt;&gt;</a>&nbsp;&nbsp;&nbsp;OLED_Init
<LI><a href="#[5b]">&gt;&gt;</a>&nbsp;&nbsp;&nbsp;main
</UL>

<P><STRONG><a name="[d3]"></a>HAL_GPIO_Init</STRONG> (Thumb, 976 bytes, Stack size 68 bytes, stm32f4xx_hal_gpio.o(.text.HAL_GPIO_Init))
<BR><BR>[Stack]<UL><LI>Max Depth = 68<LI>Call Chain = HAL_GPIO_Init
</UL>
<BR>[Called By]<UL><LI><a href="#[c0]">&gt;&gt;</a>&nbsp;&nbsp;&nbsp;cfg_out
<LI><a href="#[162]">&gt;&gt;</a>&nbsp;&nbsp;&nbsp;Soft_I2C_Init
<LI><a href="#[f8]">&gt;&gt;</a>&nbsp;&nbsp;&nbsp;HAL_TIM_MspPostInit
<LI><a href="#[ef]">&gt;&gt;</a>&nbsp;&nbsp;&nbsp;HAL_TIM_Encoder_MspInit
<LI><a href="#[d1]">&gt;&gt;</a>&nbsp;&nbsp;&nbsp;HAL_I2C_MspInit
<LI><a href="#[118]">&gt;&gt;</a>&nbsp;&nbsp;&nbsp;MX_GPIO_Init
<LI><a href="#[10e]">&gt;&gt;</a>&nbsp;&nbsp;&nbsp;HAL_UART_MspInit
</UL>

<P><STRONG><a name="[aa]"></a>HAL_GPIO_ReadPin</STRONG> (Thumb, 54 bytes, Stack size 16 bytes, stm32f4xx_hal_gpio.o(.text.HAL_GPIO_ReadPin))
<BR><BR>[Stack]<UL><LI>Max Depth = 16<LI>Call Chain = HAL_GPIO_ReadPin
</UL>
<BR>[Called By]<UL><LI><a href="#[a9]">&gt;&gt;</a>&nbsp;&nbsp;&nbsp;App_EmergencyStopCheck
</UL>

<P><STRONG><a name="[ac]"></a>HAL_GPIO_WritePin</STRONG> (Thumb, 66 bytes, Stack size 28 bytes, stm32f4xx_hal_gpio.o(.text.HAL_GPIO_WritePin))
<BR><BR>[Stack]<UL><LI>Max Depth = 28<LI>Call Chain = HAL_GPIO_WritePin
</UL>
<BR>[Called By]<UL><LI><a href="#[165]">&gt;&gt;</a>&nbsp;&nbsp;&nbsp;SolenoidValve2_Set
<LI><a href="#[164]">&gt;&gt;</a>&nbsp;&nbsp;&nbsp;SolenoidValve1_Set
<LI><a href="#[a9]">&gt;&gt;</a>&nbsp;&nbsp;&nbsp;App_EmergencyStopCheck
<LI><a href="#[c3]">&gt;&gt;</a>&nbsp;&nbsp;&nbsp;tb6612_reverse
<LI><a href="#[c2]">&gt;&gt;</a>&nbsp;&nbsp;&nbsp;tb6612_forward
<LI><a href="#[c1]">&gt;&gt;</a>&nbsp;&nbsp;&nbsp;tb6612_coast
<LI><a href="#[c4]">&gt;&gt;</a>&nbsp;&nbsp;&nbsp;tb6612_brake
<LI><a href="#[162]">&gt;&gt;</a>&nbsp;&nbsp;&nbsp;Soft_I2C_Init
<LI><a href="#[150]">&gt;&gt;</a>&nbsp;&nbsp;&nbsp;Soft_I2C_WriteByte
<LI><a href="#[151]">&gt;&gt;</a>&nbsp;&nbsp;&nbsp;Soft_I2C_Stop
<LI><a href="#[14f]">&gt;&gt;</a>&nbsp;&nbsp;&nbsp;Soft_I2C_Start
<LI><a href="#[13e]">&gt;&gt;</a>&nbsp;&nbsp;&nbsp;MotorDriverX42S_Serial_Init
<LI><a href="#[5b]">&gt;&gt;</a>&nbsp;&nbsp;&nbsp;main
<LI><a href="#[118]">&gt;&gt;</a>&nbsp;&nbsp;&nbsp;MX_GPIO_Init
</UL>

<P><STRONG><a name="[8c]"></a>HAL_GetTick</STRONG> (Thumb, 12 bytes, Stack size 0 bytes, stm32f4xx_hal.o(.text.HAL_GetTick))
<BR><BR>[Called By]<UL><LI><a href="#[105]">&gt;&gt;</a>&nbsp;&nbsp;&nbsp;MotorDriverX42S_OnUartError
<LI><a href="#[b9]">&gt;&gt;</a>&nbsp;&nbsp;&nbsp;HAL_UART_Transmit
<LI><a href="#[167]">&gt;&gt;</a>&nbsp;&nbsp;&nbsp;SolenoidValve_Task
<LI><a href="#[a3]">&gt;&gt;</a>&nbsp;&nbsp;&nbsp;SolenoidValve2_Pulse
<LI><a href="#[9e]">&gt;&gt;</a>&nbsp;&nbsp;&nbsp;SolenoidValve1_Pulse
<LI><a href="#[92]">&gt;&gt;</a>&nbsp;&nbsp;&nbsp;MotorDriverX42S_SetDualSpeed
<LI><a href="#[a9]">&gt;&gt;</a>&nbsp;&nbsp;&nbsp;App_EmergencyStopCheck
<LI><a href="#[8f]">&gt;&gt;</a>&nbsp;&nbsp;&nbsp;App_ControlTask
<LI><a href="#[8b]">&gt;&gt;</a>&nbsp;&nbsp;&nbsp;App_AutoPlotTask
<LI><a href="#[a6]">&gt;&gt;</a>&nbsp;&nbsp;&nbsp;App_ParseJoystickPacket
<LI><a href="#[cf]">&gt;&gt;</a>&nbsp;&nbsp;&nbsp;HAL_Delay
<LI><a href="#[13e]">&gt;&gt;</a>&nbsp;&nbsp;&nbsp;MotorDriverX42S_Serial_Init
<LI><a href="#[12d]">&gt;&gt;</a>&nbsp;&nbsp;&nbsp;MotorDriverX42S_ControlTask
<LI><a href="#[139]">&gt;&gt;</a>&nbsp;&nbsp;&nbsp;X42S_TrySendVelocity
<LI><a href="#[13a]">&gt;&gt;</a>&nbsp;&nbsp;&nbsp;X42S_TrySendQuery
<LI><a href="#[138]">&gt;&gt;</a>&nbsp;&nbsp;&nbsp;X42S_TrySendAux
<LI><a href="#[12f]">&gt;&gt;</a>&nbsp;&nbsp;&nbsp;X42S_StopOne
<LI><a href="#[12e]">&gt;&gt;</a>&nbsp;&nbsp;&nbsp;X42S_SetRawRequestedSpeed
<LI><a href="#[13d]">&gt;&gt;</a>&nbsp;&nbsp;&nbsp;X42S_ProcessRxByte
<LI><a href="#[177]">&gt;&gt;</a>&nbsp;&nbsp;&nbsp;X42S_ParseFlags
<LI><a href="#[175]">&gt;&gt;</a>&nbsp;&nbsp;&nbsp;X42S_ParseActionReply
<LI><a href="#[134]">&gt;&gt;</a>&nbsp;&nbsp;&nbsp;X42S_HandleHoming
<LI><a href="#[135]">&gt;&gt;</a>&nbsp;&nbsp;&nbsp;X42S_HandleHomeEnable
<LI><a href="#[130]">&gt;&gt;</a>&nbsp;&nbsp;&nbsp;X42S_HandleCommunicationState
<LI><a href="#[136]">&gt;&gt;</a>&nbsp;&nbsp;&nbsp;X42S_HandleAxisSafety
<LI><a href="#[16d]">&gt;&gt;</a>&nbsp;&nbsp;&nbsp;X42S_BeginHomeEnable
<LI><a href="#[e4]">&gt;&gt;</a>&nbsp;&nbsp;&nbsp;HAL_RCC_OscConfig
<LI><a href="#[e0]">&gt;&gt;</a>&nbsp;&nbsp;&nbsp;HAL_RCC_ClockConfig
<LI><a href="#[ca]">&gt;&gt;</a>&nbsp;&nbsp;&nbsp;HAL_DMA_Init
<LI><a href="#[c9]">&gt;&gt;</a>&nbsp;&nbsp;&nbsp;HAL_DMA_Abort
<LI><a href="#[115]">&gt;&gt;</a>&nbsp;&nbsp;&nbsp;UART_WaitOnFlagUntilTimeout
</UL>

<P><STRONG><a name="[d0]"></a>HAL_I2C_Init</STRONG> (Thumb, 706 bytes, Stack size 72 bytes, stm32f4xx_hal_i2c.o(.text.HAL_I2C_Init))
<BR><BR>[Stack]<UL><LI>Max Depth = 196<LI>Call Chain = HAL_I2C_Init &rArr; HAL_I2C_MspInit &rArr; HAL_GPIO_Init
</UL>
<BR>[Calls]<UL><LI><a href="#[d1]">&gt;&gt;</a>&nbsp;&nbsp;&nbsp;HAL_I2C_MspInit
<LI><a href="#[d2]">&gt;&gt;</a>&nbsp;&nbsp;&nbsp;HAL_RCC_GetPCLK1Freq
</UL>
<BR>[Called By]<UL><LI><a href="#[119]">&gt;&gt;</a>&nbsp;&nbsp;&nbsp;MX_I2C1_Init
</UL>

<P><STRONG><a name="[d1]"></a>HAL_I2C_MspInit</STRONG> (Thumb, 154 bytes, Stack size 56 bytes, i2c.o(.text.HAL_I2C_MspInit))
<BR><BR>[Stack]<UL><LI>Max Depth = 124<LI>Call Chain = HAL_I2C_MspInit &rArr; HAL_GPIO_Init
</UL>
<BR>[Calls]<UL><LI><a href="#[d3]">&gt;&gt;</a>&nbsp;&nbsp;&nbsp;HAL_GPIO_Init
</UL>
<BR>[Called By]<UL><LI><a href="#[d0]">&gt;&gt;</a>&nbsp;&nbsp;&nbsp;HAL_I2C_Init
</UL>

<P><STRONG><a name="[168]"></a>HAL_IncTick</STRONG> (Thumb, 26 bytes, Stack size 0 bytes, stm32f4xx_hal.o(.text.HAL_IncTick))
<BR><BR>[Called By]<UL><LI><a href="#[9]">&gt;&gt;</a>&nbsp;&nbsp;&nbsp;SysTick_Handler
</UL>

<P><STRONG><a name="[d4]"></a>HAL_Init</STRONG> (Thumb, 60 bytes, Stack size 16 bytes, stm32f4xx_hal.o(.text.HAL_Init))
<BR><BR>[Stack]<UL><LI>Max Depth = 140<LI>Call Chain = HAL_Init &rArr; HAL_InitTick &rArr; HAL_NVIC_SetPriority &rArr; NVIC_EncodePriority
</UL>
<BR>[Calls]<UL><LI><a href="#[d6]">&gt;&gt;</a>&nbsp;&nbsp;&nbsp;HAL_InitTick
<LI><a href="#[d7]">&gt;&gt;</a>&nbsp;&nbsp;&nbsp;HAL_MspInit
<LI><a href="#[d5]">&gt;&gt;</a>&nbsp;&nbsp;&nbsp;HAL_NVIC_SetPriorityGrouping
</UL>
<BR>[Called By]<UL><LI><a href="#[5b]">&gt;&gt;</a>&nbsp;&nbsp;&nbsp;main
</UL>

<P><STRONG><a name="[d6]"></a>HAL_InitTick</STRONG> (Thumb, 118 bytes, Stack size 24 bytes, stm32f4xx_hal.o(.text.HAL_InitTick))
<BR><BR>[Stack]<UL><LI>Max Depth = 124<LI>Call Chain = HAL_InitTick &rArr; HAL_NVIC_SetPriority &rArr; NVIC_EncodePriority
</UL>
<BR>[Calls]<UL><LI><a href="#[d9]">&gt;&gt;</a>&nbsp;&nbsp;&nbsp;HAL_NVIC_SetPriority
<LI><a href="#[d8]">&gt;&gt;</a>&nbsp;&nbsp;&nbsp;HAL_SYSTICK_Config
</UL>
<BR>[Called By]<UL><LI><a href="#[e0]">&gt;&gt;</a>&nbsp;&nbsp;&nbsp;HAL_RCC_ClockConfig
<LI><a href="#[d4]">&gt;&gt;</a>&nbsp;&nbsp;&nbsp;HAL_Init
</UL>

<P><STRONG><a name="[d7]"></a>HAL_MspInit</STRONG> (Thumb, 78 bytes, Stack size 16 bytes, stm32f4xx_hal_msp.o(.text.HAL_MspInit))
<BR><BR>[Stack]<UL><LI>Max Depth = 16<LI>Call Chain = HAL_MspInit
</UL>
<BR>[Called By]<UL><LI><a href="#[d4]">&gt;&gt;</a>&nbsp;&nbsp;&nbsp;HAL_Init
</UL>

<P><STRONG><a name="[da]"></a>HAL_NVIC_EnableIRQ</STRONG> (Thumb, 24 bytes, Stack size 16 bytes, stm32f4xx_hal_cortex.o(.text.HAL_NVIC_EnableIRQ))
<BR><BR>[Stack]<UL><LI>Max Depth = 24<LI>Call Chain = HAL_NVIC_EnableIRQ &rArr; __NVIC_EnableIRQ
</UL>
<BR>[Calls]<UL><LI><a href="#[db]">&gt;&gt;</a>&nbsp;&nbsp;&nbsp;__NVIC_EnableIRQ
</UL>
<BR>[Called By]<UL><LI><a href="#[e7]">&gt;&gt;</a>&nbsp;&nbsp;&nbsp;HAL_TIM_Base_MspInit
<LI><a href="#[117]">&gt;&gt;</a>&nbsp;&nbsp;&nbsp;MX_DMA_Init
<LI><a href="#[10e]">&gt;&gt;</a>&nbsp;&nbsp;&nbsp;HAL_UART_MspInit
</UL>

<P><STRONG><a name="[d9]"></a>HAL_NVIC_SetPriority</STRONG> (Thumb, 70 bytes, Stack size 48 bytes, stm32f4xx_hal_cortex.o(.text.HAL_NVIC_SetPriority))
<BR><BR>[Stack]<UL><LI>Max Depth = 100<LI>Call Chain = HAL_NVIC_SetPriority &rArr; NVIC_EncodePriority
</UL>
<BR>[Calls]<UL><LI><a href="#[de]">&gt;&gt;</a>&nbsp;&nbsp;&nbsp;__NVIC_SetPriority
<LI><a href="#[dc]">&gt;&gt;</a>&nbsp;&nbsp;&nbsp;__NVIC_GetPriorityGrouping
<LI><a href="#[dd]">&gt;&gt;</a>&nbsp;&nbsp;&nbsp;NVIC_EncodePriority
</UL>
<BR>[Called By]<UL><LI><a href="#[e7]">&gt;&gt;</a>&nbsp;&nbsp;&nbsp;HAL_TIM_Base_MspInit
<LI><a href="#[117]">&gt;&gt;</a>&nbsp;&nbsp;&nbsp;MX_DMA_Init
<LI><a href="#[d6]">&gt;&gt;</a>&nbsp;&nbsp;&nbsp;HAL_InitTick
<LI><a href="#[10e]">&gt;&gt;</a>&nbsp;&nbsp;&nbsp;HAL_UART_MspInit
</UL>

<P><STRONG><a name="[d5]"></a>HAL_NVIC_SetPriorityGrouping</STRONG> (Thumb, 20 bytes, Stack size 16 bytes, stm32f4xx_hal_cortex.o(.text.HAL_NVIC_SetPriorityGrouping))
<BR><BR>[Stack]<UL><LI>Max Depth = 32<LI>Call Chain = HAL_NVIC_SetPriorityGrouping &rArr; __NVIC_SetPriorityGrouping
</UL>
<BR>[Calls]<UL><LI><a href="#[df]">&gt;&gt;</a>&nbsp;&nbsp;&nbsp;__NVIC_SetPriorityGrouping
</UL>
<BR>[Called By]<UL><LI><a href="#[d4]">&gt;&gt;</a>&nbsp;&nbsp;&nbsp;HAL_Init
</UL>

<P><STRONG><a name="[e0]"></a>HAL_RCC_ClockConfig</STRONG> (Thumb, 630 bytes, Stack size 40 bytes, stm32f4xx_hal_rcc.o(.text.HAL_RCC_ClockConfig))
<BR><BR>[Stack]<UL><LI>Max Depth = 164<LI>Call Chain = HAL_RCC_ClockConfig &rArr; HAL_InitTick &rArr; HAL_NVIC_SetPriority &rArr; NVIC_EncodePriority
</UL>
<BR>[Calls]<UL><LI><a href="#[8c]">&gt;&gt;</a>&nbsp;&nbsp;&nbsp;HAL_GetTick
<LI><a href="#[e1]">&gt;&gt;</a>&nbsp;&nbsp;&nbsp;HAL_RCC_GetSysClockFreq
<LI><a href="#[d6]">&gt;&gt;</a>&nbsp;&nbsp;&nbsp;HAL_InitTick
</UL>
<BR>[Called By]<UL><LI><a href="#[169]">&gt;&gt;</a>&nbsp;&nbsp;&nbsp;SystemClock_Config
</UL>

<P><STRONG><a name="[e2]"></a>HAL_RCC_GetHCLKFreq</STRONG> (Thumb, 12 bytes, Stack size 0 bytes, stm32f4xx_hal_rcc.o(.text.HAL_RCC_GetHCLKFreq))
<BR><BR>[Called By]<UL><LI><a href="#[e3]">&gt;&gt;</a>&nbsp;&nbsp;&nbsp;HAL_RCC_GetPCLK2Freq
<LI><a href="#[d2]">&gt;&gt;</a>&nbsp;&nbsp;&nbsp;HAL_RCC_GetPCLK1Freq
</UL>

<P><STRONG><a name="[d2]"></a>HAL_RCC_GetPCLK1Freq</STRONG> (Thumb, 38 bytes, Stack size 8 bytes, stm32f4xx_hal_rcc.o(.text.HAL_RCC_GetPCLK1Freq))
<BR><BR>[Stack]<UL><LI>Max Depth = 8<LI>Call Chain = HAL_RCC_GetPCLK1Freq
</UL>
<BR>[Calls]<UL><LI><a href="#[e2]">&gt;&gt;</a>&nbsp;&nbsp;&nbsp;HAL_RCC_GetHCLKFreq
</UL>
<BR>[Called By]<UL><LI><a href="#[d0]">&gt;&gt;</a>&nbsp;&nbsp;&nbsp;HAL_I2C_Init
<LI><a href="#[10f]">&gt;&gt;</a>&nbsp;&nbsp;&nbsp;UART_SetConfig
</UL>

<P><STRONG><a name="[e3]"></a>HAL_RCC_GetPCLK2Freq</STRONG> (Thumb, 38 bytes, Stack size 8 bytes, stm32f4xx_hal_rcc.o(.text.HAL_RCC_GetPCLK2Freq))
<BR><BR>[Stack]<UL><LI>Max Depth = 8<LI>Call Chain = HAL_RCC_GetPCLK2Freq
</UL>
<BR>[Calls]<UL><LI><a href="#[e2]">&gt;&gt;</a>&nbsp;&nbsp;&nbsp;HAL_RCC_GetHCLKFreq
</UL>
<BR>[Called By]<UL><LI><a href="#[10f]">&gt;&gt;</a>&nbsp;&nbsp;&nbsp;UART_SetConfig
</UL>

<P><STRONG><a name="[e1]"></a>HAL_RCC_GetSysClockFreq</STRONG> (Thumb, 232 bytes, Stack size 32 bytes, stm32f4xx_hal_rcc.o(.text.HAL_RCC_GetSysClockFreq))
<BR><BR>[Stack]<UL><LI>Max Depth = 72<LI>Call Chain = HAL_RCC_GetSysClockFreq &rArr; __aeabi_uldivmod
</UL>
<BR>[Calls]<UL><LI><a href="#[69]">&gt;&gt;</a>&nbsp;&nbsp;&nbsp;__aeabi_uldivmod
</UL>
<BR>[Called By]<UL><LI><a href="#[e0]">&gt;&gt;</a>&nbsp;&nbsp;&nbsp;HAL_RCC_ClockConfig
</UL>

<P><STRONG><a name="[e4]"></a>HAL_RCC_OscConfig</STRONG> (Thumb, 1792 bytes, Stack size 40 bytes, stm32f4xx_hal_rcc.o(.text.HAL_RCC_OscConfig))
<BR><BR>[Stack]<UL><LI>Max Depth = 40<LI>Call Chain = HAL_RCC_OscConfig
</UL>
<BR>[Calls]<UL><LI><a href="#[8c]">&gt;&gt;</a>&nbsp;&nbsp;&nbsp;HAL_GetTick
</UL>
<BR>[Called By]<UL><LI><a href="#[169]">&gt;&gt;</a>&nbsp;&nbsp;&nbsp;SystemClock_Config
</UL>

<P><STRONG><a name="[d8]"></a>HAL_SYSTICK_Config</STRONG> (Thumb, 20 bytes, Stack size 16 bytes, stm32f4xx_hal_cortex.o(.text.HAL_SYSTICK_Config))
<BR><BR>[Stack]<UL><LI>Max Depth = 56<LI>Call Chain = HAL_SYSTICK_Config &rArr; SysTick_Config &rArr; __NVIC_SetPriority
</UL>
<BR>[Calls]<UL><LI><a href="#[e5]">&gt;&gt;</a>&nbsp;&nbsp;&nbsp;SysTick_Config
</UL>
<BR>[Called By]<UL><LI><a href="#[d6]">&gt;&gt;</a>&nbsp;&nbsp;&nbsp;HAL_InitTick
</UL>

<P><STRONG><a name="[f5]"></a>HAL_TIMEx_BreakCallback</STRONG> (Thumb, 12 bytes, Stack size 8 bytes, stm32f4xx_hal_tim_ex.o(.text.HAL_TIMEx_BreakCallback))
<BR><BR>[Stack]<UL><LI>Max Depth = 8<LI>Call Chain = HAL_TIMEx_BreakCallback
</UL>
<BR>[Called By]<UL><LI><a href="#[f0]">&gt;&gt;</a>&nbsp;&nbsp;&nbsp;HAL_TIM_IRQHandler
</UL>

<P><STRONG><a name="[f7]"></a>HAL_TIMEx_CommutCallback</STRONG> (Thumb, 12 bytes, Stack size 8 bytes, stm32f4xx_hal_tim_ex.o(.text.HAL_TIMEx_CommutCallback))
<BR><BR>[Stack]<UL><LI>Max Depth = 8<LI>Call Chain = HAL_TIMEx_CommutCallback
</UL>
<BR>[Called By]<UL><LI><a href="#[f0]">&gt;&gt;</a>&nbsp;&nbsp;&nbsp;HAL_TIM_IRQHandler
</UL>

<P><STRONG><a name="[11d]"></a>HAL_TIMEx_ConfigBreakDeadTime</STRONG> (Thumb, 186 bytes, Stack size 24 bytes, stm32f4xx_hal_tim_ex.o(.text.HAL_TIMEx_ConfigBreakDeadTime))
<BR><BR>[Stack]<UL><LI>Max Depth = 24<LI>Call Chain = HAL_TIMEx_ConfigBreakDeadTime
</UL>
<BR>[Called By]<UL><LI><a href="#[11b]">&gt;&gt;</a>&nbsp;&nbsp;&nbsp;MX_TIM1_Init
</UL>

<P><STRONG><a name="[11c]"></a>HAL_TIMEx_MasterConfigSynchronization</STRONG> (Thumb, 298 bytes, Stack size 28 bytes, stm32f4xx_hal_tim_ex.o(.text.HAL_TIMEx_MasterConfigSynchronization))
<BR><BR>[Stack]<UL><LI>Max Depth = 28<LI>Call Chain = HAL_TIMEx_MasterConfigSynchronization
</UL>
<BR>[Called By]<UL><LI><a href="#[124]">&gt;&gt;</a>&nbsp;&nbsp;&nbsp;MX_TIM8_Init
<LI><a href="#[123]">&gt;&gt;</a>&nbsp;&nbsp;&nbsp;MX_TIM6_Init
<LI><a href="#[122]">&gt;&gt;</a>&nbsp;&nbsp;&nbsp;MX_TIM5_Init
<LI><a href="#[121]">&gt;&gt;</a>&nbsp;&nbsp;&nbsp;MX_TIM4_Init
<LI><a href="#[120]">&gt;&gt;</a>&nbsp;&nbsp;&nbsp;MX_TIM3_Init
<LI><a href="#[11e]">&gt;&gt;</a>&nbsp;&nbsp;&nbsp;MX_TIM2_Init
<LI><a href="#[11b]">&gt;&gt;</a>&nbsp;&nbsp;&nbsp;MX_TIM1_Init
</UL>

<P><STRONG><a name="[e6]"></a>HAL_TIM_Base_Init</STRONG> (Thumb, 170 bytes, Stack size 24 bytes, stm32f4xx_hal_tim.o(.text.HAL_TIM_Base_Init))
<BR><BR>[Stack]<UL><LI>Max Depth = 180<LI>Call Chain = HAL_TIM_Base_Init &rArr; HAL_TIM_Base_MspInit &rArr; HAL_NVIC_SetPriority &rArr; NVIC_EncodePriority
</UL>
<BR>[Calls]<UL><LI><a href="#[e7]">&gt;&gt;</a>&nbsp;&nbsp;&nbsp;HAL_TIM_Base_MspInit
[...]
</UL>
<BR>[Called By]<UL><LI><a href="#[178]">&gt;&gt;</a>&nbsp;&nbsp;&nbsp;X42S_ParseStatus
</UL>

<P><STRONG><a name="[13c]"></a>X42S_RecordError</STRONG> (Thumb, 86 bytes, Stack size 40 bytes, motor_driver_x42s.o(.text.X42S_RecordError))
<BR><BR>[Stack]<UL><LI>Max Depth = 40<LI>Call Chain = X42S_RecordError
</UL>
<BR>[Called By]<UL><LI><a href="#[105]">&gt;&gt;</a>&nbsp;&nbsp;&nbsp;MotorDriverX42S_OnUartError
<LI><a href="#[13d]">&gt;&gt;</a>&nbsp;&nbsp;&nbsp;X42S_ProcessRxByte
<LI><a href="#[176]">&gt;&gt;</a>&nbsp;&nbsp;&nbsp;X42S_ParseCompletedFrame
<LI><a href="#[175]">&gt;&gt;</a>&nbsp;&nbsp;&nbsp;X42S_ParseActionReply
<LI><a href="#[130]">&gt;&gt;</a>&nbsp;&nbsp;&nbsp;X42S_HandleCommunicationState
</UL>

<P><STRONG><a name="[137]"></a>X42S_RequestQuery</STRONG> (Thumb, 56 bytes, Stack size 16 bytes, motor_driver_x42s.o(.text.X42S_RequestQuery))
<BR><BR>[Stack]<UL><LI>Max Depth = 16<LI>Call Chain = X42S_RequestQuery
</UL>
<BR>[Called By]<UL><LI><a href="#[95]">&gt;&gt;</a>&nbsp;&nbsp;&nbsp;MotorDriverX42S_QueryLiftStatus
<LI><a href="#[96]">&gt;&gt;</a>&nbsp;&nbsp;&nbsp;MotorDriverX42S_QueryLiftConfig
<LI><a href="#[13e]">&gt;&gt;</a>&nbsp;&nbsp;&nbsp;MotorDriverX42S_Serial_Init
<LI><a href="#[12d]">&gt;&gt;</a>&nbsp;&nbsp;&nbsp;MotorDriverX42S_ControlTask
<LI><a href="#[175]">&gt;&gt;</a>&nbsp;&nbsp;&nbsp;X42S_ParseActionReply
</UL>

<P><STRONG><a name="[142]"></a>X42S_SetGuardedSpeed</STRONG> (Thumb, 186 bytes, Stack size 24 bytes, motor_driver_x42s.o(.text.X42S_SetGuardedSpeed))
<BR><BR>[Stack]<UL><LI>Max Depth = 64<LI>Call Chain = X42S_SetGuardedSpeed &rArr; X42S_SetRawRequestedSpeed &rArr; X42S_LimitSpeed
</UL>
<BR>[Calls]<UL><LI><a href="#[174]">&gt;&gt;</a>&nbsp;&nbsp;&nbsp;X42S_SpeedDirection
<LI><a href="#[12e]">&gt;&gt;</a>&nbsp;&nbsp;&nbsp;X42S_SetRawRequestedSpeed
<LI><a href="#[141]">&gt;&gt;</a>&nbsp;&nbsp;&nbsp;X42S_QueueEvent
</UL>
<BR>[Called By]<UL><LI><a href="#[92]">&gt;&gt;</a>&nbsp;&nbsp;&nbsp;MotorDriverX42S_SetDualSpeed
</UL>

<P><STRONG><a name="[12e]"></a>X42S_SetRawRequestedSpeed</STRONG> (Thumb, 112 bytes, Stack size 32 bytes, motor_driver_x42s.o(.text.X42S_SetRawRequestedSpeed))
<BR><BR>[Stack]<UL><LI>Max Depth = 40<LI>Call Chain = X42S_SetRawRequestedSpeed &rArr; X42S_LimitSpeed
</UL>
<BR>[Calls]<UL><LI><a href="#[8c]">&gt;&gt;</a>&nbsp;&nbsp;&nbsp;HAL_GetTick
<LI><a href="#[140]">&gt;&gt;</a>&nbsp;&nbsp;&nbsp;X42S_LimitSpeed
</UL>
<BR>[Called By]<UL><LI><a href="#[12d]">&gt;&gt;</a>&nbsp;&nbsp;&nbsp;MotorDriverX42S_ControlTask
<LI><a href="#[142]">&gt;&gt;</a>&nbsp;&nbsp;&nbsp;X42S_SetGuardedSpeed
</UL>

<P><STRONG><a name="[174]"></a>X42S_SpeedDirection</STRONG> (Thumb, 64 bytes, Stack size 8 bytes, motor_driver_x42s.o(.text.X42S_SpeedDirection))
<BR><BR>[Stack]<UL><LI>Max Depth = 8<LI>Call Chain = X42S_SpeedDirection
</UL>
<BR>[Called By]<UL><LI><a href="#[142]">&gt;&gt;</a>&nbsp;&nbsp;&nbsp;X42S_SetGuardedSpeed
<LI><a href="#[136]">&gt;&gt;</a>&nbsp;&nbsp;&nbsp;X42S_HandleAxisSafety
</UL>

<P><STRONG><a name="[12f]"></a>X42S_StopOne</STRONG> (Thumb, 158 bytes, Stack size 40 bytes, motor_driver_x42s.o(.text.X42S_StopOne))
<BR><BR>[Stack]<UL><LI>Max Depth = 196<LI>Call Chain = X42S_StopOne &rArr; HAL_UART_Transmit &rArr; UART_WaitOnFlagUntilTimeout &rArr; UART_EndRxTransfer
</UL>
<BR>[Calls]<UL><LI><a href="#[b9]">&gt;&gt;</a>&nbsp;&nbsp;&nbsp;HAL_UART_Transmit
<LI><a href="#[8c]">&gt;&gt;</a>&nbsp;&nbsp;&nbsp;HAL_GetTick
<LI><a href="#[101]">&gt;&gt;</a>&nbsp;&nbsp;&nbsp;HAL_UART_AbortTransmit
</UL>
<BR>[Called By]<UL><LI><a href="#[ab]">&gt;&gt;</a>&nbsp;&nbsp;&nbsp;MotorDriverX42S_StopAll
<LI><a href="#[13e]">&gt;&gt;</a>&nbsp;&nbsp;&nbsp;MotorDriverX42S_Serial_Init
<LI><a href="#[12d]">&gt;&gt;</a>&nbsp;&nbsp;&nbsp;MotorDriverX42S_ControlTask
<LI><a href="#[136]">&gt;&gt;</a>&nbsp;&nbsp;&nbsp;X42S_HandleAxisSafety
</UL>

<P><STRONG><a name="[138]"></a>X42S_TrySendAux</STRONG> (Thumb, 254 bytes, Stack size 24 bytes, motor_driver_x42s.o(.text.X42S_TrySendAux))
<BR><BR>[Stack]<UL><LI>Max Depth = 184<LI>Call Chain = X42S_TrySendAux &rArr; HAL_UART_Transmit_DMA &rArr; HAL_DMA_Start_IT &rArr; DMA_SetConfig
</UL>
<BR>[Calls]<UL><LI><a href="#[8c]">&gt;&gt;</a>&nbsp;&nbsp;&nbsp;HAL_GetTick
<LI><a href="#[116]">&gt;&gt;</a>&nbsp;&nbsp;&nbsp;HAL_UART_Transmit_DMA
</UL>
<BR>[Called By]<UL><LI><a href="#[12d]">&gt;&gt;</a>&nbsp;&nbsp;&nbsp;MotorDriverX42S_ControlTask
</UL>

<P><STRONG><a name="[13a]"></a>X42S_TrySendQuery</STRONG> (Thumb, 284 bytes, Stack size 32 bytes, motor_driver_x42s.o(.text.X42S_TrySendQuery))
<BR><BR>[Stack]<UL><LI>Max Depth = 68<LI>Call Chain = X42S_TrySendQuery &rArr; HAL_UART_Transmit_IT
</UL>
<BR>[Calls]<UL><LI><a href="#[8c]">&gt;&gt;</a>&nbsp;&nbsp;&nbsp;HAL_GetTick
<LI><a href="#[17e]">&gt;&gt;</a>&nbsp;&nbsp;&nbsp;HAL_UART_Transmit_IT
</UL>
<BR>[Called By]<UL><LI><a href="#[12d]">&gt;&gt;</a>&nbsp;&nbsp;&nbsp;MotorDriverX42S_ControlTask
</UL>

<P><STRONG><a name="[139]"></a>X42S_TrySendVelocity</STRONG> (Thumb, 158 bytes, Stack size 32 bytes, motor_driver_x42s.o(.text.X42S_TrySendVelocity))
<BR><BR>[Stack]<UL><LI>Max Depth = 192<LI>Call Chain = X42S_TrySendVelocity &rArr; HAL_UART_Transmit_DMA &rArr; HAL_DMA_Start_IT &rArr; DMA_SetConfig
</UL>
<BR>[Calls]<UL><LI><a href="#[8c]">&gt;&gt;</a>&nbsp;&nbsp;&nbsp;HAL_GetTick
<LI><a href="#[116]">&gt;&gt;</a>&nbsp;&nbsp;&nbsp;HAL_UART_Transmit_DMA
<LI><a href="#[16e]">&gt;&gt;</a>&nbsp;&nbsp;&nbsp;X42S_BuildAxisVelocity
</UL>
<BR>[Called By]<UL><LI><a href="#[12d]">&gt;&gt;</a>&nbsp;&nbsp;&nbsp;MotorDriverX42S_ControlTask
</UL>

<P><STRONG><a name="[170]"></a>X42S_WriteU16BE</STRONG> (Thumb, 38 bytes, Stack size 16 bytes, motor_driver_x42s.o(.text.X42S_WriteU16BE))
<BR><BR>[Stack]<UL><LI>Max Depth = 16<LI>Call Chain = X42S_WriteU16BE
</UL>
<BR>[Called By]<UL><LI><a href="#[143]">&gt;&gt;</a>&nbsp;&nbsp;&nbsp;X42S_BuildLiftHomeConfig
</UL>

<P><STRONG><a name="[171]"></a>X42S_WriteU32BE</STRONG> (Thumb, 48 bytes, Stack size 16 bytes, motor_driver_x42s.o(.text.X42S_WriteU32BE))
<BR><BR>[Stack]<UL><LI>Max Depth = 16<LI>Call Chain = X42S_WriteU32BE
</UL>
<BR>[Called By]<UL><LI><a href="#[143]">&gt;&gt;</a>&nbsp;&nbsp;&nbsp;X42S_BuildLiftHomeConfig
</UL>

<P><STRONG><a name="[163]"></a>I2C_Delay</STRONG> (Thumb, 26 bytes, Stack size 4 bytes, soft_i2c.o(.text.I2C_Delay))
<BR><BR>[Stack]<UL><LI>Max Depth = 4<LI>Call Chain = I2C_Delay
</UL>
<BR>[Called By]<UL><LI><a href="#[162]">&gt;&gt;</a>&nbsp;&nbsp;&nbsp;Soft_I2C_Init
<LI><a href="#[150]">&gt;&gt;</a>&nbsp;&nbsp;&nbsp;Soft_I2C_WriteByte
<LI><a href="#[151]">&gt;&gt;</a>&nbsp;&nbsp;&nbsp;Soft_I2C_Stop
<LI><a href="#[14f]">&gt;&gt;</a>&nbsp;&nbsp;&nbsp;Soft_I2C_Start
</UL>

<P><STRONG><a name="[cc]"></a>DMA_CalcBaseAndBitshift</STRONG> (Thumb, 92 bytes, Stack size 16 bytes, stm32f4xx_hal_dma.o(.text.DMA_CalcBaseAndBitshift))
<BR><BR>[Stack]<UL><LI>Max Depth = 16<LI>Call Chain = DMA_CalcBaseAndBitshift
</UL>
<BR>[Called By]<UL><LI><a href="#[ca]">&gt;&gt;</a>&nbsp;&nbsp;&nbsp;HAL_DMA_Init
</UL>

<P><STRONG><a name="[cb]"></a>DMA_CheckFifoParam</STRONG> (Thumb, 246 bytes, Stack size 28 bytes, stm32f4xx_hal_dma.o(.text.DMA_CheckFifoParam))
<BR><BR>[Stack]<UL><LI>Max Depth = 28<LI>Call Chain = DMA_CheckFifoParam
</UL>
<BR>[Called By]<UL><LI><a href="#[ca]">&gt;&gt;</a>&nbsp;&nbsp;&nbsp;HAL_DMA_Init
</UL>

<P><STRONG><a name="[ce]"></a>DMA_SetConfig</STRONG> (Thumb, 102 bytes, Stack size 48 bytes, stm32f4xx_hal_dma.o(.text.DMA_SetConfig))
<BR><BR>[Stack]<UL><LI>Max Depth = 48<LI>Call Chain = DMA_SetConfig
</UL>
<BR>[Called By]<UL><LI><a href="#[cd]">&gt;&gt;</a>&nbsp;&nbsp;&nbsp;HAL_DMA_Start_IT
</UL>

<P><STRONG><a name="[dd]"></a>NVIC_EncodePriority</STRONG> (Thumb, 128 bytes, Stack size 52 bytes, stm32f4xx_hal_cortex.o(.text.NVIC_EncodePriority))
<BR><BR>[Stack]<UL><LI>Max Depth = 52<LI>Call Chain = NVIC_EncodePriority
</UL>
<BR>[Called By]<UL><LI><a href="#[d9]">&gt;&gt;</a>&nbsp;&nbsp;&nbsp;HAL_NVIC_SetPriority
</UL>

<P><STRONG><a name="[e5]"></a>SysTick_Config</STRONG> (Thumb, 90 bytes, Stack size 24 bytes, stm32f4xx_hal_cortex.o(.text.SysTick_Config))
<BR><BR>[Stack]<UL><LI>Max Depth = 40<LI>Call Chain = SysTick_Config &rArr; __NVIC_SetPriority
</UL>
<BR>[Calls]<UL><LI><a href="#[de]">&gt;&gt;</a>&nbsp;&nbsp;&nbsp;__NVIC_SetPriority
</UL>
<BR>[Called By]<UL><LI><a href="#[d8]">&gt;&gt;</a>&nbsp;&nbsp;&nbsp;HAL_SYSTICK_Config
</UL>

<P><STRONG><a name="[db]"></a>__NVIC_EnableIRQ</STRONG> (Thumb, 54 bytes, Stack size 8 bytes, stm32f4xx_hal_cortex.o(.text.__NVIC_EnableIRQ))
<BR><BR>[Stack]<UL><LI>Max Depth = 8<LI>Call Chain = __NVIC_EnableIRQ
</UL>
<BR>[Called By]<UL><LI><a href="#[da]">&gt;&gt;</a>&nbsp;&nbsp;&nbsp;HAL_NVIC_EnableIRQ
</UL>

<P><STRONG><a name="[dc]"></a>__NVIC_GetPriorityGrouping</STRONG> (Thumb, 16 bytes, Stack size 0 bytes, stm32f4xx_hal_cortex.o(.text.__NVIC_GetPriorityGrouping))
<BR><BR>[Called By]<UL><LI><a href="#[d9]">&gt;&gt;</a>&nbsp;&nbsp;&nbsp;HAL_NVIC_SetPriority
</UL>

<P><STRONG><a name="[de]"></a>__NVIC_SetPriority</STRONG> (Thumb, 74 bytes, Stack size 16 bytes, stm32f4xx_hal_cortex.o(.text.__NVIC_SetPriority))
<BR><BR>[Stack]<UL><LI>Max Depth = 16<LI>Call Chain = __NVIC_SetPriority
</UL>
<BR>[Called By]<UL><LI><a href="#[d9]">&gt;&gt;</a>&nbsp;&nbsp;&nbsp;HAL_NVIC_SetPriority
<LI><a href="#[e5]">&gt;&gt;</a>&nbsp;&nbsp;&nbsp;SysTick_Config
</UL>

<P><STRONG><a name="[df]"></a>__NVIC_SetPriorityGrouping</STRONG> (Thumb, 64 bytes, Stack size 16 bytes, stm32f4xx_hal_cortex.o(.text.__NVIC_SetPriorityGrouping))
<BR><BR>[Stack]<UL><LI>Max Depth = 16<LI>Call Chain = __NVIC_SetPriorityGrouping
</UL>
<BR>[Called By]<UL><LI><a href="#[d5]">&gt;&gt;</a>&nbsp;&nbsp;&nbsp;HAL_NVIC_SetPriorityGrouping
</UL>

<P><STRONG><a name="[ec]"></a>TIM_ITRx_SetConfig</STRONG> (Thumb, 50 bytes, Stack size 20 bytes, stm32f4xx_hal_tim.o(.text.TIM_ITRx_SetConfig))
<BR><BR>[Stack]<UL><LI>Max Depth = 20<LI>Call Chain = TIM_ITRx_SetConfig
</UL>
<BR>[Called By]<UL><LI><a href="#[e9]">&gt;&gt;</a>&nbsp;&nbsp;&nbsp;HAL_TIM_ConfigClockSource
</UL>

<P><STRONG><a name="[fa]"></a>TIM_OC1_SetConfig</STRONG> (Thumb, 242 bytes, Stack size 28 bytes, stm32f4xx_hal_tim.o(.text.TIM_OC1_SetConfig))
<BR><BR>[Stack]<UL><LI>Max Depth = 28<LI>Call Chain = TIM_OC1_SetConfig
</UL>
<BR>[Called By]<UL><LI><a href="#[f9]">&gt;&gt;</a>&nbsp;&nbsp;&nbsp;HAL_TIM_PWM_ConfigChannel
</UL>

<P><STRONG><a name="[fc]"></a>TIM_OC3_SetConfig</STRONG> (Thumb, 250 bytes, Stack size 28 bytes, stm32f4xx_hal_tim.o(.text.TIM_OC3_SetConfig))
<BR><BR>[Stack]<UL><LI>Max Depth = 28<LI>Call Chain = TIM_OC3_SetConfig
</UL>
<BR>[Called By]<UL><LI><a href="#[f9]">&gt;&gt;</a>&nbsp;&nbsp;&nbsp;HAL_TIM_PWM_ConfigChannel
</UL>

<P><STRONG><a name="[fd]"></a>TIM_OC4_SetConfig</STRONG> (Thumb, 172 bytes, Stack size 28 bytes, stm32f4xx_hal_tim.o(.text.TIM_OC4_SetConfig))
<BR><BR>[Stack]<UL><LI>Max Depth = 28<LI>Call Chain = TIM_OC4_SetConfig
</UL>
<BR>[Called By]<UL><LI><a href="#[f9]">&gt;&gt;</a>&nbsp;&nbsp;&nbsp;HAL_TIM_PWM_ConfigChannel
</UL>

<P><STRONG><a name="[eb]"></a>TIM_TI1_ConfigInputStage</STRONG> (Thumb, 98 bytes, Stack size 40 bytes, stm32f4xx_hal_tim.o(.text.TIM_TI1_ConfigInputStage))
<BR><BR>[Stack]<UL><LI>Max Depth = 40<LI>Call Chain = TIM_TI1_ConfigInputStage
</UL>
<BR>[Called By]<UL><LI><a href="#[e9]">&gt;&gt;</a>&nbsp;&nbsp;&nbsp;HAL_TIM_ConfigClockSource
</UL>

<P><STRONG><a name="[ed]"></a>TIM_TI2_ConfigInputStage</STRONG> (Thumb, 100 bytes, Stack size 40 bytes, stm32f4xx_hal_tim.o(.text.TIM_TI2_ConfigInputStage))
<BR><BR>[Stack]<UL><LI>Max Depth = 40<LI>Call Chain = TIM_TI2_ConfigInputStage
</UL>
<BR>[Called By]<UL><LI><a href="#[e9]">&gt;&gt;</a>&nbsp;&nbsp;&nbsp;HAL_TIM_ConfigClockSource
</UL>

<P><STRONG><a name="[62]"></a>UART_DMAAbortOnError</STRONG> (Thumb, 32 bytes, Stack size 24 bytes, stm32f4xx_hal_uart.o(.text.UART_DMAAbortOnError))
<BR><BR>[Stack]<UL><LI>Max Depth = 152<LI>Call Chain = UART_DMAAbortOnError &rArr; HAL_UART_ErrorCallback &rArr; MotorDriverX42S_OnUartError &rArr; HAL_UART_Receive_IT &rArr; UART_Start_Receive_IT
</UL>
<BR>[Calls]<UL><LI><a href="#[103]">&gt;&gt;</a>&nbsp;&nbsp;&nbsp;HAL_UART_ErrorCallback
</UL>
<BR>[Address Reference Count : 1]<UL><LI> stm32f4xx_hal_uart.o(.text.HAL_UART_IRQHandler)
</UL>
<P><STRONG><a name="[65]"></a>UART_DMAError</STRONG> (Thumb, 132 bytes, Stack size 24 bytes, stm32f4xx_hal_uart.o(.text.UART_DMAError))
<BR><BR>[Stack]<UL><LI>Max Depth = 152<LI>Call Chain = UART_DMAError &rArr; HAL_UART_ErrorCallback &rArr; MotorDriverX42S_OnUartError &rArr; HAL_UART_Receive_IT &rArr; UART_Start_Receive_IT
</UL>
<BR>[Calls]<UL><LI><a href="#[103]">&gt;&gt;</a>&nbsp;&nbsp;&nbsp;HAL_UART_ErrorCallback
<LI><a href="#[16a]">&gt;&gt;</a>&nbsp;&nbsp;&nbsp;UART_EndTxTransfer
<LI><a href="#[108]">&gt;&gt;</a>&nbsp;&nbsp;&nbsp;UART_EndRxTransfer
</UL>
<BR>[Address Reference Count : 1]<UL><LI> stm32f4xx_hal_uart.o(.text.HAL_UART_Transmit_DMA)
</UL>
<P><STRONG><a name="[63]"></a>UART_DMATransmitCplt</STRONG> (Thumb, 126 bytes, Stack size 32 bytes, stm32f4xx_hal_uart.o(.text.UART_DMATransmitCplt))
<BR><BR>[Stack]<UL><LI>Max Depth = 40<LI>Call Chain = UART_DMATransmitCplt &rArr; HAL_UART_TxCpltCallback
</UL>
<BR>[Calls]<UL><LI><a href="#[16b]">&gt;&gt;</a>&nbsp;&nbsp;&nbsp;HAL_UART_TxCpltCallback
</UL>
<BR>[Address Reference Count : 1]<UL><LI> stm32f4xx_hal_uart.o(.text.HAL_UART_Transmit_DMA)
</UL>
<P><STRONG><a name="[64]"></a>UART_DMATxHalfCplt</STRONG> (Thumb, 26 bytes, Stack size 24 bytes, stm32f4xx_hal_uart.o(.text.UART_DMATxHalfCplt))
<BR><BR>[Stack]<UL><LI>Max Depth = 32<LI>Call Chain = UART_DMATxHalfCplt &rArr; HAL_UART_TxHalfCpltCallback
</UL>
<BR>[Calls]<UL><LI><a href="#[16c]">&gt;&gt;</a>&nbsp;&nbsp;&nbsp;HAL_UART_TxHalfCpltCallback
</UL>
<BR>[Address Reference Count : 1]<UL><LI> stm32f4xx_hal_uart.o(.text.HAL_UART_Transmit_DMA)
</UL>
<P><STRONG><a name="[108]"></a>UART_EndRxTransfer</STRONG> (Thumb, 152 bytes, Stack size 20 bytes, stm32f4xx_hal_uart.o(.text.UART_EndRxTransfer))
<BR><BR>[Stack]<UL><LI>Max Depth = 20<LI>Call Chain = UART_EndRxTransfer
</UL>
<BR>[Called By]<UL><LI><a href="#[106]">&gt;&gt;</a>&nbsp;&nbsp;&nbsp;HAL_UART_IRQHandler
<LI><a href="#[115]">&gt;&gt;</a>&nbsp;&nbsp;&nbsp;UART_WaitOnFlagUntilTimeout
<LI><a href="#[65]">&gt;&gt;</a>&nbsp;&nbsp;&nbsp;UART_DMAError
</UL>

<P><STRONG><a name="[10c]"></a>UART_EndTransmit_IT</STRONG> (Thumb, 42 bytes, Stack size 16 bytes, stm32f4xx_hal_uart.o(.text.UART_EndTransmit_IT))
<BR><BR>[Stack]<UL><LI>Max Depth = 24<LI>Call Chain = UART_EndTransmit_IT &rArr; HAL_UART_TxCpltCallback
</UL>
<BR>[Calls]<UL><LI><a href="#[16b]">&gt;&gt;</a>&nbsp;&nbsp;&nbsp;HAL_UART_TxCpltCallback
</UL>
<BR>[Called By]<UL><LI><a href="#[106]">&gt;&gt;</a>&nbsp;&nbsp;&nbsp;HAL_UART_IRQHandler
</UL>

<P><STRONG><a name="[16a]"></a>UART_EndTxTransfer</STRONG> (Thumb, 58 bytes, Stack size 12 bytes, stm32f4xx_hal_uart.o(.text.UART_EndTxTransfer))
<BR><BR>[Stack]<UL><LI>Max Depth = 12<LI>Call Chain = UART_EndTxTransfer
</UL>
<BR>[Called By]<UL><LI><a href="#[65]">&gt;&gt;</a>&nbsp;&nbsp;&nbsp;UART_DMAError
</UL>

<P><STRONG><a name="[107]"></a>UART_Receive_IT</STRONG> (Thumb, 374 bytes, Stack size 40 bytes, stm32f4xx_hal_uart.o(.text.UART_Receive_IT))
<BR><BR>[Stack]<UL><LI>Max Depth = 224<LI>Call Chain = UART_Receive_IT &rArr; HAL_UART_RxCpltCallback &rArr; MotorDriverX42S_RxCallback &rArr; X42S_ProcessRxByte &rArr; X42S_ParseCompletedFrame &rArr; X42S_ParseActionReply &rArr; X42S_HomeFailed &rArr; X42S_QueueEvent &rArr; X42S_ExitCritical
</UL>
<BR>[Calls]<UL><LI><a href="#[112]">&gt;&gt;</a>&nbsp;&nbsp;&nbsp;HAL_UART_RxCpltCallback
<LI><a href="#[10a]">&gt;&gt;</a>&nbsp;&nbsp;&nbsp;HAL_UARTEx_RxEventCallback
</UL>
<BR>[Called By]<UL><LI><a href="#[106]">&gt;&gt;</a>&nbsp;&nbsp;&nbsp;HAL_UART_IRQHandler
</UL>

<P><STRONG><a name="[10f]"></a>UART_SetConfig</STRONG> (Thumb, 358 bytes, Stack size 56 bytes, stm32f4xx_hal_uart.o(.text.UART_SetConfig))
<BR><BR>[Stack]<UL><LI>Max Depth = 96<LI>Call Chain = UART_SetConfig &rArr; __aeabi_uldivmod
</UL>
<BR>[Calls]<UL><LI><a href="#[e3]">&gt;&gt;</a>&nbsp;&nbsp;&nbsp;HAL_RCC_GetPCLK2Freq
<LI><a href="#[d2]">&gt;&gt;</a>&nbsp;&nbsp;&nbsp;HAL_RCC_GetPCLK1Freq
<LI><a href="#[69]">&gt;&gt;</a>&nbsp;&nbsp;&nbsp;__aeabi_uldivmod
</UL>
<BR>[Called By]<UL><LI><a href="#[10d]">&gt;&gt;</a>&nbsp;&nbsp;&nbsp;HAL_UART_Init
</UL>

<P><STRONG><a name="[10b]"></a>UART_Transmit_IT</STRONG> (Thumb, 158 bytes, Stack size 16 bytes, stm32f4xx_hal_uart.o(.text.UART_Transmit_IT))
<BR><BR>[Stack]<UL><LI>Max Depth = 16<LI>Call Chain = UART_Transmit_IT
</UL>
<BR>[Called By]<UL><LI><a href="#[106]">&gt;&gt;</a>&nbsp;&nbsp;&nbsp;HAL_UART_IRQHandler
</UL>

<P><STRONG><a name="[115]"></a>UART_WaitOnFlagUntilTimeout</STRONG> (Thumb, 254 bytes, Stack size 64 bytes, stm32f4xx_hal_uart.o(.text.UART_WaitOnFlagUntilTimeout))
<BR><BR>[Stack]<UL><LI>Max Depth = 84<LI>Call Chain = UART_WaitOnFlagUntilTimeout &rArr; UART_EndRxTransfer
</UL>
<BR>[Calls]<UL><LI><a href="#[8c]">&gt;&gt;</a>&nbsp;&nbsp;&nbsp;HAL_GetTick
<LI><a href="#[108]">&gt;&gt;</a>&nbsp;&nbsp;&nbsp;UART_EndRxTransfer
</UL>
<BR>[Called By]<UL><LI><a href="#[b9]">&gt;&gt;</a>&nbsp;&nbsp;&nbsp;HAL_UART_Transmit
</UL>

<P><STRONG><a name="[181]"></a>_fp_digits</STRONG> (Thumb, 366 bytes, Stack size 64 bytes, printfa.o(i._fp_digits), UNUSED)
<BR><BR>[Calls]<UL><LI><a href="#[7b]">&gt;&gt;</a>&nbsp;&nbsp;&nbsp;__aeabi_dmul
<LI><a href="#[7c]">&gt;&gt;</a>&nbsp;&nbsp;&nbsp;__aeabi_ddiv
<LI><a href="#[81]">&gt;&gt;</a>&nbsp;&nbsp;&nbsp;__aeabi_dadd
<LI><a href="#[87]">&gt;&gt;</a>&nbsp;&nbsp;&nbsp;__aeabi_d2ulz
<LI><a href="#[182]">&gt;&gt;</a>&nbsp;&nbsp;&nbsp;__aeabi_cdrcmple
<LI><a href="#[69]">&gt;&gt;</a>&nbsp;&nbsp;&nbsp;__aeabi_uldivmod
</UL>
<BR>[Called By]<UL><LI><a href="#[180]">&gt;&gt;</a>&nbsp;&nbsp;&nbsp;_printf_core
</UL>

<P><STRONG><a name="[180]"></a>_printf_core</STRONG> (Thumb, 1744 bytes, Stack size 136 bytes, printfa.o(i._printf_core), UNUSED)
<BR><BR>[Calls]<UL><LI><a href="#[183]">&gt;&gt;</a>&nbsp;&nbsp;&nbsp;_printf_pre_padding
<LI><a href="#[184]">&gt;&gt;</a>&nbsp;&nbsp;&nbsp;_printf_post_padding
<LI><a href="#[181]">&gt;&gt;</a>&nbsp;&nbsp;&nbsp;_fp_digits
<LI><a href="#[69]">&gt;&gt;</a>&nbsp;&nbsp;&nbsp;__aeabi_uldivmod
<LI><a href="#[185]">&gt;&gt;</a>&nbsp;&nbsp;&nbsp;__aeabi_uidivmod
</UL>
<BR>[Called By]<UL><LI><a href="#[17f]">&gt;&gt;</a>&nbsp;&nbsp;&nbsp;__0snprintf
</UL>

<P><STRONG><a name="[184]"></a>_printf_post_padding</STRONG> (Thumb, 36 bytes, Stack size 24 bytes, printfa.o(i._printf_post_padding), UNUSED)
<BR><BR>[Called By]<UL><LI><a href="#[180]">&gt;&gt;</a>&nbsp;&nbsp;&nbsp;_printf_core
</UL>

<P><STRONG><a name="[183]"></a>_printf_pre_padding</STRONG> (Thumb, 46 bytes, Stack size 24 bytes, printfa.o(i._printf_pre_padding), UNUSED)
<BR><BR>[Called By]<UL><LI><a href="#[180]">&gt;&gt;</a>&nbsp;&nbsp;&nbsp;_printf_core
</UL>

<P><STRONG><a name="[66]"></a>_snputc</STRONG> (Thumb, 22 bytes, Stack size 0 bytes, printfa.o(i._snputc))
<BR>[Address Reference Count : 1]<UL><LI> printfa.o(i.__0snprintf)
</UL>
<P><STRONG><a name="[79]"></a>_fp_value</STRONG> (Thumb, 296 bytes, Stack size 64 bytes, scanf_fp.o(.text), UNUSED)
<BR><BR>[Calls]<UL><LI><a href="#[7b]">&gt;&gt;</a>&nbsp;&nbsp;&nbsp;__aeabi_dmul
<LI><a href="#[7c]">&gt;&gt;</a>&nbsp;&nbsp;&nbsp;__aeabi_ddiv
<LI><a href="#[7a]">&gt;&gt;</a>&nbsp;&nbsp;&nbsp;__aeabi_ul2d
</UL>
<BR>[Called By]<UL><LI><a href="#[7d]">&gt;&gt;</a>&nbsp;&nbsp;&nbsp;_scanf_really_real
</UL>

<P><STRONG><a name="[60]"></a>_scanf_char_input</STRONG> (Thumb, 12 bytes, Stack size 0 bytes, scanf_char.o(.text))
<BR>[Address Reference Count : 1]<UL><LI> scanf_char.o(.text)
</UL><P>
<H3>
Undefined Global Symbols
</H3><HR></body></html>
