Component: ARM Compiler 6.7 Tool: armlink [5c9ef700]

==============================================================================

Section Cross References

    startup_stm32f407xx.o(RESET) refers to startup_stm32f407xx.o(STACK) for __initial_sp
    startup_stm32f407xx.o(RESET) refers to startup_stm32f407xx.o(.text) for Reset_Handler
    startup_stm32f407xx.o(RESET) refers to stm32f4xx_it.o(.text.NMI_Handler) for NMI_Handler
    startup_stm32f407xx.o(RESET) refers to stm32f4xx_it.o(.text.HardFault_Handler) for HardFault_Handler
    startup_stm32f407xx.o(RESET) refers to stm32f4xx_it.o(.text.MemManage_Handler) for MemManage_Handler
    startup_stm32f407xx.o(RESET) refers to stm32f4xx_it.o(.text.BusFault_Handler) for BusFault_Handler
    startup_stm32f407xx.o(RESET) refers to stm32f4xx_it.o(.text.UsageFault_Handler) for UsageFault_Handler
    startup_stm32f407xx.o(RESET) refers to stm32f4xx_it.o(.text.SVC_Handler) for SVC_Handler
    startup_stm32f407xx.o(RESET) refers to stm32f4xx_it.o(.text.DebugMon_Handler) for DebugMon_Handler
    startup_stm32f407xx.o(RESET) refers to stm32f4xx_it.o(.text.PendSV_Handler) for PendSV_Handler
    startup_stm32f407xx.o(RESET) refers to stm32f4xx_it.o(.text.SysTick_Handler) for SysTick_Handler
    startup_stm32f407xx.o(RESET) refers to stm32f4xx_it.o(.text.DMA1_Stream0_IRQHandler) for DMA1_Stream0_IRQHandler
    startup_stm32f407xx.o(RESET) refers to stm32f4xx_it.o(.text.DMA1_Stream2_IRQHandler) for DMA1_Stream2_IRQHandler
    startup_stm32f407xx.o(RESET) refers to stm32f4xx_it.o(.text.DMA1_Stream4_IRQHandler) for DMA1_Stream4_IRQHandler
    startup_stm32f407xx.o(RESET) refers to stm32f4xx_it.o(.text.DMA1_Stream5_IRQHandler) for DMA1_Stream5_IRQHandler
    startup_stm32f407xx.o(RESET) refers to stm32f4xx_it.o(.text.DMA1_Stream6_IRQHandler) for DMA1_Stream6_IRQHandler
    startup_stm32f407xx.o(RESET) refers to stm32f4xx_it.o(.text.USART1_IRQHandler) for USART1_IRQHandler
    startup_stm32f407xx.o(RESET) refers to stm32f4xx_it.o(.text.USART2_IRQHandler) for USART2_IRQHandler
    startup_stm32f407xx.o(RESET) refers to stm32f4xx_it.o(.text.USART3_IRQHandler) for USART3_IRQHandler
    startup_stm32f407xx.o(RESET) refers to stm32f4xx_it.o(.text.DMA1_Stream7_IRQHandler) for DMA1_Stream7_IRQHandler
    startup_stm32f407xx.o(RESET) refers to stm32f4xx_it.o(.text.UART4_IRQHandler) for UART4_IRQHandler
    startup_stm32f407xx.o(RESET) refers to stm32f4xx_it.o(.text.UART5_IRQHandler) for UART5_IRQHandler
    startup_stm32f407xx.o(RESET) refers to stm32f4xx_it.o(.text.TIM6_DAC_IRQHandler) for TIM6_DAC_IRQHandler
    startup_stm32f407xx.o(RESET) refers to stm32f4xx_it.o(.text.DMA2_Stream1_IRQHandler) for DMA2_Stream1_IRQHandler
    startup_stm32f407xx.o(RESET) refers to stm32f4xx_it.o(.text.DMA2_Stream2_IRQHandler) for DMA2_Stream2_IRQHandler
    startup_stm32f407xx.o(RESET) refers to stm32f4xx_it.o(.text.DMA2_Stream6_IRQHandler) for DMA2_Stream6_IRQHandler
    startup_stm32f407xx.o(RESET) refers to stm32f4xx_it.o(.text.DMA2_Stream7_IRQHandler) for DMA2_Stream7_IRQHandler
    startup_stm32f407xx.o(RESET) refers to stm32f4xx_it.o(.text.USART6_IRQHandler) for USART6_IRQHandler
    startup_stm32f407xx.o(.text) refers to system_stm32f4xx.o(.text.SystemInit) for SystemInit
    startup_stm32f407xx.o(.text) refers to entry.o(.ARM.Collect$$$$00000000) for __main
    motor_driver_dc4ch.o(.text.DC4_Motor_Init) refers to tim.o(.bss.htim1) for htim1
    motor_driver_dc4ch.o(.text.DC4_Motor_Init) refers to stm32f4xx_hal_tim.o(.text.HAL_TIM_PWM_Stop) for HAL_TIM_PWM_Stop
    motor_driver_dc4ch.o(.text.DC4_Motor_Init) refers to motor_driver_dc4ch.o(.text.cfg_out) for cfg_out
    motor_driver_dc4ch.o(.text.DC4_Motor_Init) refers to motor_driver_dc4ch.o(.rodata.g_dc4_motors) for g_dc4_motors
    motor_driver_dc4ch.o(.text.DC4_Motor_Init) refers to motor_driver_dc4ch.o(.text.tb6612_coast) for tb6612_coast
    motor_driver_dc4ch.o(.ARM.exidx.text.DC4_Motor_Init) refers to motor_driver_dc4ch.o(.text.DC4_Motor_Init) for [Anonymous Symbol]
    motor_driver_dc4ch.o(.text.cfg_out) refers to stm32f4xx_hal_gpio.o(.text.HAL_GPIO_Init) for HAL_GPIO_Init
    motor_driver_dc4ch.o(.ARM.exidx.text.cfg_out) refers to motor_driver_dc4ch.o(.text.cfg_out) for [Anonymous Symbol]
    motor_driver_dc4ch.o(.text.tb6612_coast) refers to stm32f4xx_hal_gpio.o(.text.HAL_GPIO_WritePin) for HAL_GPIO_WritePin
    motor_driver_dc4ch.o(.ARM.exidx.text.tb6612_coast) refers to motor_driver_dc4ch.o(.text.tb6612_coast) for [Anonymous Symbol]
    motor_driver_dc4ch.o(.text.DC4_Motor_Start) refers to tim.o(.bss.htim5) for htim5
    motor_driver_dc4ch.o(.text.DC4_Motor_Start) refers to stm32f4xx_hal_tim.o(.text.HAL_TIM_PWM_Start) for HAL_TIM_PWM_Start
    motor_driver_dc4ch.o(.text.DC4_Motor_Start) refers to tim.o(.bss.htim1) for htim1
    motor_driver_dc4ch.o(.ARM.exidx.text.DC4_Motor_Start) refers to motor_driver_dc4ch.o(.text.DC4_Motor_Start) for [Anonymous Symbol]
[...]
    [Anonymous Symbol]                       0x080086e0   Section        0  stm32f4xx_hal_cortex.o(.text.__NVIC_SetPriorityGrouping)
    __NVIC_SetPriorityGrouping               0x080086e1   Thumb Code    64  stm32f4xx_hal_cortex.o(.text.__NVIC_SetPriorityGrouping)
    [Anonymous Symbol]                       0x08008720   Section        0  motor_driver_dc4ch.o(.text.cfg_out)
    cfg_out                                  0x08008721   Thumb Code    56  motor_driver_dc4ch.o(.text.cfg_out)
    [Anonymous Symbol]                       0x08008758   Section        0  app_control.o(.text.clamp_i16)
    clamp_i16                                0x08008759   Thumb Code    98  app_control.o(.text.clamp_i16)
    [Anonymous Symbol]                       0x080087bc   Section        0  main.o(.text.main)
    [Anonymous Symbol]                       0x080088a0   Section        0  motor_driver_dc4ch.o(.text.tb6612_brake)
    tb6612_brake                             0x080088a1   Thumb Code    56  motor_driver_dc4ch.o(.text.tb6612_brake)
    [Anonymous Symbol]                       0x080088d8   Section        0  motor_driver_dc4ch.o(.text.tb6612_coast)
    tb6612_coast                             0x080088d9   Thumb Code    56  motor_driver_dc4ch.o(.text.tb6612_coast)
    [Anonymous Symbol]                       0x08008910   Section        0  motor_driver_dc4ch.o(.text.tb6612_forward)
    tb6612_forward                           0x08008911   Thumb Code    54  motor_driver_dc4ch.o(.text.tb6612_forward)
    [Anonymous Symbol]                       0x08008948   Section        0  motor_driver_dc4ch.o(.text.tb6612_reverse)
    tb6612_reverse                           0x08008949   Thumb Code    54  motor_driver_dc4ch.o(.text.tb6612_reverse)
    i.__0snprintf                            0x08008980   Section        0  printfa.o(i.__0snprintf)
    i.__scatterload_copy                     0x080089b0   Section       14  handlers.o(i.__scatterload_copy)
    i.__scatterload_null                     0x080089be   Section        2  handlers.o(i.__scatterload_null)
    i.__scatterload_zeroinit                 0x080089c0   Section       14  handlers.o(i.__scatterload_zeroinit)
    i._fp_digits                             0x080089d0   Section        0  printfa.o(i._fp_digits)
    _fp_digits                               0x080089d1   Thumb Code   366  printfa.o(i._fp_digits)
    i._is_digit                              0x08008b54   Section        0  scanf_fp.o(i._is_digit)
    i._printf_core                           0x08008b64   Section        0  printfa.o(i._printf_core)
    _printf_core                             0x08008b65   Thumb Code  1744  printfa.o(i._printf_core)
    i._printf_post_padding                   0x08009240   Section        0  printfa.o(i._printf_post_padding)
    _printf_post_padding                     0x08009241   Thumb Code    36  printfa.o(i._printf_post_padding)
    i._printf_pre_padding                    0x08009264   Section        0  printfa.o(i._printf_pre_padding)
    _printf_pre_padding                      0x08009265   Thumb Code    46  printfa.o(i._printf_pre_padding)
    i._snputc                                0x08009292   Section        0  printfa.o(i._snputc)
    _snputc                                  0x08009293   Thumb Code    22  printfa.o(i._snputc)
    .constdata                               0x080092a8   Section       64  ctype_c.o(.constdata)
    [Anonymous Symbol]                       0x08009300   Section        0  stm32f4xx_hal_dma.o(.rodata.DMA_CalcBaseAndBitshift.flagBitshiftOffset)
    DMA_CalcBaseAndBitshift.flagBitshiftOffset 0x08009300   Data           8  stm32f4xx_hal_dma.o(.rodata.DMA_CalcBaseAndBitshift.flagBitshiftOffset)
    [Anonymous Symbol]                       0x08009308   Section        0  motor_driver_dc4ch.o(.rodata.g_dc4_motors)
    g_dc4_motors                             0x08009308   Data          96  motor_driver_dc4ch.o(.rodata.g_dc4_motors)
    [Anonymous Symbol]                       0x08009368   Section        0  app_control.o(.rodata.str1.1)
    .L.str.12                                0x08009368   Data          38  app_control.o(.rodata.str1.1)
    .L.str.22                                0x0800938e   Data          38  app_control.o(.rodata.str1.1)
    .L.str.11                                0x080093b4   Data          17  app_control.o(.rodata.str1.1)
    .L.str.21                                0x080093c5   Data          17  app_control.o(.rodata.str1.1)
    .L.str.7                                 0x080093d6   Data          15  app_control.o(.rodata.str1.1)
    .L.str.17                                0x080093e5   Data          15  app_control.o(.rodata.str1.1)
    .L.str.5                                 0x080093f4   Data          14  app_control.o(.rodata.str1.1)
    .L.str.15                                0x08009402   Data          14  app_control.o(.rodata.str1.1)
    .L.str.32                                0x08009410   Data          14  app_control.o(.rodata.str1.1)
    .L.str.30                                0x0800941e   Data          15  app_control.o(.rodata.str1.1)
    .L.str.1                                 0x08009429   Data           4  app_control.o(.rodata.str1.1)
    .L.str.9                                 0x0800942d   Data          14  app_control.o(.rodata.str1.1)
    .L.str.19                                0x0800943b   Data          14  app_control.o(.rodata.str1.1)
    .L.str.2                                 0x08009449   Data           9  app_control.o(.rodata.str1.1)
    .L.str                                   0x08009452   Data           5  app_control.o(.rodata.str1.1)
    .L.str.28                                0x08009457   Data           4  app_control.o(.rodata.str1.1)
    .L.str.33                                0x0800945b   Data          20  app_control.o(.rodata.str1.1)
    .L.str.3                                 0x0800946f   Data          14  app_control.o(.rodata.str1.1)
    .L.str.36                                0x0800947d   Data           4  app_control.o(.rodata.str1.1)
    .L.str.8                                 0x08009481   Data          14  app_control.o(.rodata.str1.1)
    .L.str.18                                0x0800948f   Data          14  app_control.o(.rodata.str1.1)
    .L.str.6                                 0x0800949d   Data          11  app_control.o(.rodata.str1.1)
    .L.str.16                                0x080094a8   Data          11  app_control.o(.rodata.str1.1)
    .L.str.34                                0x080094b3   Data           9  app_control.o(.rodata.str1.1)
    .L.str.4                                 0x080094bc   Data          10  app_control.o(.rodata.str1.1)
    .L.str.14                                0x080094c6   Data          10  app_control.o(.rodata.str1.1)
    .L.str.29                                0x080094d0   Data           5  app_control.o(.rodata.str1.1)
    .L.str.31                                0x080094d5   Data           5  app_control.o(.rodata.str1.1)
    .L.str.26                                0x080094d8   Data           2  app_control.o(.rodata.str1.1)
    .L.str.27                                0x080094da   Data          11  app_control.o(.rodata.str1.1)
    .L.str.35                                0x080094e5   Data           8  app_control.o(.rodata.str1.1)
    .L.str.25                                0x080094ed   Data           5  app_control.o(.rodata.str1.1)
    .L.str.10                                0x080094f2   Data          17  app_control.o(.rodata.str1.1)
    .L.str.20                                0x08009503   Data          17  app_control.o(.rodata.str1.1)
    .L.str.13                                0x08009514   Data          13  app_control.o(.rodata.str1.1)
    .L.str.23                                0x08009521   Data          13  app_control.o(.rodata.str1.1)
    .L.str.24                                0x08009528   Data           6  app_control.o(.rodata.str1.1)
    [Anonymous Symbol]                       0x0800952e   Section        0  bluetooth.o(.rodata.str1.1)
    .L.str.2                                 0x0800952e   Data           8  bluetooth.o(.rodata.str1.1)
    .L.str.1                                 0x08009536   Data          22  bluetooth.o(.rodata.str1.1)
    .L.str                                   0x0800954c   Data          22  bluetooth.o(.rodata.str1.1)
    [Anonymous Symbol]                       0x20000069   Section        0  bluetooth.o(.bss.bt_rx_byte)
    bt_rx_byte                               0x20000069   Data           1  bluetooth.o(.bss.bt_rx_byte)
    [Anonymous Symbol]                       0x2000006a   Section        0  bluetooth.o(.bss.bt_rx_index)
    bt_rx_index                              0x2000006a   Data           1  bluetooth.o(.bss.bt_rx_index)
    [Anonymous Symbol]                       0x2000006b   Section        0  bluetooth.o(.bss.bt_rx_state)
    bt_rx_state                              0x2000006b   Data           1  bluetooth.o(.bss.bt_rx_state)
    [Anonymous Symbol]                       0x20000070   Section        0  app_control.o(.bss.g_last_plot_time)
    g_last_plot_time                         0x20000070   Data           4  app_control.o(.bss.g_last_plot_time)
    [Anonymous Symbol]                       0x20000074   Section        0  motor_closedloop.o(.bss.g_motors)
    g_motors                                 0x20000074   Data         192  motor_closedloop.o(.bss.g_motors)
    [Anonymous Symbol]                       0x20000134   Section        0  motor_driver_x42s.o(.bss.g_x42s_tx_buf_x)
    g_x42s_tx_buf_x                          0x20000134   Data           8  motor_driver_x42s.o(.bss.g_x42s_tx_buf_x)
    [Anonymous Symbol]                       0x2000013c   Section        0  motor_driver_x42s.o(.bss.g_x42s_tx_buf_y)
    g_x42s_tx_buf_y                          0x2000013c   Data           8  motor_driver_x42s.o(.bss.g_x42s_tx_buf_y)
    [Anonymous Symbol]                       0x20000948   Section        0  main.o(.bss.main.s_blink_tick)
    main.s_blink_tick                        0x20000948   Data           4  main.o(.bss.main.s_blink_tick)
    [Anonymous Symbol]                       0x2000094c   Section        0  solenoid_valve.o(.bss.s1_pulse_active)
    s1_pulse_active                          0x2000094c   Data           1  solenoid_valve.o(.bss.s1_pulse_active)
    [Anonymous Symbol]                       0x20000950   Section        0  solenoid_valve.o(.bss.s1_pulse_deadline)
    s1_pulse_deadline                        0x20000950   Data           4  solenoid_valve.o(.bss.s1_pulse_deadline)
    [Anonymous Symbol]                       0x20000954   Section        0  solenoid_valve.o(.bss.s1_valve_is_on)
    s1_valve_is_on                           0x20000954   Data           1  solenoid_valve.o(.bss.s1_valve_is_on)
    [Anonymous Symbol]                       0x20000955   Section        0  solenoid_valve.o(.bss.s2_pulse_active)
    s2_pulse_active                          0x20000955   Data           1  solenoid_valve.o(.bss.s2_pulse_active)
    [Anonymous Symbol]                       0x20000958   Section        0  solenoid_valve.o(.bss.s2_pulse_deadline)
    s2_pulse_deadline                        0x20000958   Data           4  solenoid_valve.o(.bss.s2_pulse_deadline)
    [Anonymous Symbol]                       0x2000095c   Section        0  solenoid_valve.o(.bss.s2_valve_is_on)
    s2_valve_is_on                           0x2000095c   Data           1  solenoid_valve.o(.bss.s2_valve_is_on)
    STACK                                    0x20000968   Section     1024  startup_stm32f407xx.o(STACK)

    Global Symbols

    Symbol Name                              Value     Ov Type        Size  Object(Section)

    BuildAttributes$$THM_ISAv4$E$P$D$K$B$S$7EM$VFPi3$EXTD16$VFPS$VFMA$PE$A:L22UL41UL21$X:L11$S22US41US21$IEEE1$IW$~IW$USESV6$~STKCKD$USESV7$~SHL$OTIME$ROPI$EBA8$MICROLIB$REQ8$PRES8$EABIv2 0x00000000   Number         0  anon$$obj.o ABSOLUTE
    __cpp_initialize__aeabi_                  - Undefined Weak Reference
    __cxa_finalize                            - Undefined Weak Reference
    __decompress                              - Undefined Weak Reference
    _clock_init                               - Undefined Weak Reference
    _microlib_exit                            - Undefined Weak Reference
    __Vectors_Size                           0x00000188   Number         0  startup_stm32f407xx.o ABSOLUTE
    __Vectors                                0x08000000   Data           4  startup_stm32f407xx.o(RESET)
    __Vectors_End                            0x08000188   Data           0  startup_stm32f407xx.o(RESET)
    __main                                   0x08000189   Thumb Code     0  entry.o(.ARM.Collect$$$$00000000)
    _main_stk                                0x08000189   Thumb Code     0  entry2.o(.ARM.Collect$$$$00000001)
    _main_scatterload                        0x0800018d   Thumb Code     0  entry5.o(.ARM.Collect$$$$00000004)
    __main_after_scatterload                 0x08000191   Thumb Code     0  entry5.o(.ARM.Collect$$$$00000004)
    _main_clock                              0x08000191   Thumb Code     0  entry7b.o(.ARM.Collect$$$$00000008)
    _main_cpp_init                           0x08000191   Thumb Code     0  entry8b.o(.ARM.Collect$$$$0000000A)
    _main_init                               0x08000191   Thumb Code     0  entry9a.o(.ARM.Collect$$$$0000000B)
    __rt_final_cpp                           0x08000199   Thumb Code     0  entry10a.o(.ARM.Collect$$$$0000000D)
    __rt_final_exit                          0x08000199   Thumb Code     0  entry11a.o(.ARM.Collect$$$$0000000F)
    Reset_Handler                            0x0800019d   Thumb Code     8  startup_stm32f407xx.o(.text)
    ADC_IRQHandler                           0x080001b7   Thumb Code     0  startup_stm32f407xx.o(.text)
    CAN1_RX0_IRQHandler                      0x080001b7   Thumb Code     0  startup_stm32f407xx.o(.text)
    CAN1_RX1_IRQHandler                      0x080001b7   Thumb Code     0  startup_stm32f407xx.o(.text)
    CAN1_SCE_IRQHandler                      0x080001b7   Thumb Code     0  startup_stm32f407xx.o(.text)
    CAN1_TX_IRQHandler                       0x080001b7   Thumb Code     0  startup_stm32f407xx.o(.text)
    CAN2_RX0_IRQHandler                      0x080001b7   Thumb Code     0  startup_stm32f407xx.o(.text)
    CAN2_RX1_IRQHandler                      0x080001b7   Thumb Code     0  startup_stm32f407xx.o(.text)
    CAN2_SCE_IRQHandler                      0x080001b7   Thumb Code     0  startup_stm32f407xx.o(.text)
    CAN2_TX_IRQHandler                       0x080001b7   Thumb Code     0  startup_stm32f407xx.o(.text)
    DCMI_IRQHandler                          0x080001b7   Thumb Code     0  startup_stm32f407xx.o(.text)
    DMA1_Stream1_IRQHandler                  0x080001b7   Thumb Code     0  startup_stm32f407xx.o(.text)
    DMA1_Stream3_IRQHandler                  0x080001b7   Thumb Code     0  startup_stm32f407xx.o(.text)
    DMA2_Stream0_IRQHandler                  0x080001b7   Thumb Code     0  startup_stm32f407xx.o(.text)
    DMA2_Stream3_IRQHandler                  0x080001b7   Thumb Code     0  startup_stm32f407xx.o(.text)
    DMA2_Stream4_IRQHandler                  0x080001b7   Thumb Code     0  startup_stm32f407xx.o(.text)
    DMA2_Stream5_IRQHandler                  0x080001b7   Thumb Code     0  startup_stm32f407xx.o(.text)
    ETH_IRQHandler                           0x080001b7   Thumb Code     0  startup_stm32f407xx.o(.text)
    ETH_WKUP_IRQHandler                      0x080001b7   Thumb Code     0  startup_stm32f407xx.o(.text)
    EXTI0_IRQHandler                         0x080001b7   Thumb Code     0  startup_stm32f407xx.o(.text)
    EXTI15_10_IRQHandler                     0x080001b7   Thumb Code     0  startup_stm32f407xx.o(.text)
    EXTI1_IRQHandler                         0x080001b7   Thumb Code     0  startup_stm32f407xx.o(.text)
    EXTI2_IRQHandler                         0x080001b7   Thumb Code     0  startup_stm32f407xx.o(.text)
    EXTI3_IRQHandler                         0x080001b7   Thumb Code     0  startup_stm32f407xx.o(.text)
    EXTI4_IRQHandler                         0x080001b7   Thumb Code     0  startup_stm32f407xx.o(.text)
    EXTI9_5_IRQHandler                       0x080001b7   Thumb Code     0  startup_stm32f407xx.o(.text)
    FLASH_IRQHandler                         0x080001b7   Thumb Code     0  startup_stm32f407xx.o(.text)
    FMC_IRQHandler                           0x080001b7   Thumb Code     0  startup_stm32f407xx.o(.text)
    FPU_IRQHandler                           0x080001b7   Thumb Code     0  startup_stm32f407xx.o(.text)
    HASH_RNG_IRQHandler                      0x080001b7   Thumb Code     0  startup_stm32f407xx.o(.text)
    I2C1_ER_IRQHandler                       0x080001b7   Thumb Code     0  startup_stm32f407xx.o(.text)
    I2C1_EV_IRQHandler                       0x080001b7   Thumb Code     0  startup_stm32f407xx.o(.text)
    I2C2_ER_IRQHandler                       0x080001b7   Thumb Code     0  startup_stm32f407xx.o(.text)
    I2C2_EV_IRQHandler                       0x080001b7   Thumb Code     0  startup_stm32f407xx.o(.text)
    I2C3_ER_IRQHandler                       0x080001b7   Thumb Code     0  startup_stm32f407xx.o(.text)
    I2C3_EV_IRQHandler                       0x080001b7   Thumb Code     0  startup_stm32f407xx.o(.text)
    OTG_FS_IRQHandler                        0x080001b7   Thumb Code     0  startup_stm32f407xx.o(.text)
    OTG_FS_WKUP_IRQHandler                   0x080001b7   Thumb Code     0  startup_stm32f407xx.o(.text)
    OTG_HS_EP1_IN_IRQHandler                 0x080001b7   Thumb Code     0  startup_stm32f407xx.o(.text)
    OTG_HS_EP1_OUT_IRQHandler                0x080001b7   Thumb Code     0  startup_stm32f407xx.o(.text)
    OTG_HS_IRQHandler                        0x080001b7   Thumb Code     0  startup_stm32f407xx.o(.text)
    OTG_HS_WKUP_IRQHandler                   0x080001b7   Thumb Code     0  startup_stm32f407xx.o(.text)
    PVD_IRQHandler                           0x080001b7   Thumb Code     0  startup_stm32f407xx.o(.text)
    RCC_IRQHandler                           0x080001b7   Thumb Code     0  startup_stm32f407xx.o(.text)
    RTC_Alarm_IRQHandler                     0x080001b7   Thumb Code     0  startup_stm32f407xx.o(.text)
    RTC_WKUP_IRQHandler                      0x080001b7   Thumb Code     0  startup_stm32f407xx.o(.text)
    SDIO_IRQHandler                          0x080001b7   Thumb Code     0  startup_stm32f407xx.o(.text)
    SPI1_IRQHandler                          0x080001b7   Thumb Code     0  startup_stm32f407xx.o(.text)
    SPI2_IRQHandler                          0x080001b7   Thumb Code     0  startup_stm32f407xx.o(.text)
    SPI3_IRQHandler                          0x080001b7   Thumb Code     0  startup_stm32f407xx.o(.text)
    TAMP_STAMP_IRQHandler                    0x080001b7   Thumb Code     0  startup_stm32f407xx.o(.text)
    TIM1_BRK_TIM9_IRQHandler                 0x080001b7   Thumb Code     0  startup_stm32f407xx.o(.text)
    TIM1_CC_IRQHandler                       0x080001b7   Thumb Code     0  startup_stm32f407xx.o(.text)
    TIM1_TRG_COM_TIM11_IRQHandler            0x080001b7   Thumb Code     0  startup_stm32f407xx.o(.text)
    TIM1_UP_TIM10_IRQHandler                 0x080001b7   Thumb Code     0  startup_stm32f407xx.o(.text)
    TIM2_IRQHandler                          0x080001b7   Thumb Code     0  startup_stm32f407xx.o(.text)
    TIM3_IRQHandler                          0x080001b7   Thumb Code     0  startup_stm32f407xx.o(.text)
    TIM4_IRQHandler                          0x080001b7   Thumb Code     0  startup_stm32f407xx.o(.text)
    TIM5_IRQHandler                          0x080001b7   Thumb Code     0  startup_stm32f407xx.o(.text)
    TIM7_IRQHandler                          0x080001b7   Thumb Code     0  startup_stm32f407xx.o(.text)
    TIM8_BRK_TIM12_IRQHandler                0x080001b7   Thumb Code     0  startup_stm32f407xx.o(.text)
    TIM8_CC_IRQHandler                       0x080001b7   Thumb Code     0  startup_stm32f407xx.o(.text)
    TIM8_TRG_COM_TIM14_IRQHandler            0x080001b7   Thumb Code     0  startup_stm32f407xx.o(.text)
    TIM8_UP_TIM13_IRQHandler                 0x080001b7   Thumb Code     0  startup_stm32f407xx.o(.text)
    WWDG_IRQHandler                          0x080001b7   Thumb Code     0  startup_stm32f407xx.o(.text)
    __aeabi_uldivmod                         0x080001c1   Thumb Code    98  uldiv.o(.text)
    __aeabi_ldivmod                          0x08000223   Thumb Code    98  ldiv.o(.text)
    abs                                      0x08000285   Thumb Code     8  siabs.o(.text)
    __aeabi_memset                           0x0800028d   Thumb Code    14  memseta.o(.text)
    __aeabi_memset4                          0x0800028d   Thumb Code     0  memseta.o(.text)
    __aeabi_memset8                          0x0800028d   Thumb Code     0  memseta.o(.text)
    __aeabi_memclr                           0x0800029b   Thumb Code     4  memseta.o(.text)
    __aeabi_memclr4                          0x0800029b   Thumb Code     0  memseta.o(.text)
    __aeabi_memclr8                          0x0800029b   Thumb Code     0  memseta.o(.text)
    _memset$wrapper                          0x0800029f   Thumb Code    18  memseta.o(.text)
    strlen                                   0x080002b1   Thumb Code    14  strlen.o(.text)
    strcmp                                   0x080002bf   Thumb Code    28  strcmp.o(.text)
    strncmp                                  0x080002db   Thumb Code    30  strncmp.o(.text)
    sscanf                                   0x080002f9   Thumb Code    48  sscanf.o(.text)
    __aeabi_uidiv                            0x08000331   Thumb Code     0  uidiv.o(.text)
    __aeabi_uidivmod                         0x08000331   Thumb Code    44  uidiv.o(.text)
    __aeabi_llsl                             0x0800035d   Thumb Code    30  llshl.o(.text)
    _ll_shift_l                              0x0800035d   Thumb Code     0  llshl.o(.text)
    __aeabi_llsr                             0x0800037b   Thumb Code    32  llushr.o(.text)
    _ll_ushift_r                             0x0800037b   Thumb Code     0  llushr.o(.text)
    _scanf_longlong                          0x0800039b   Thumb Code   342  _scanf_longlong.o(.text)
    _scanf_int                               0x080004f1   Thumb Code   332  _scanf_int.o(.text)
    _scanf_string                            0x0800063d   Thumb Code   224  _scanf_str.o(.text)
    _scanf_real                              0x08000845   Thumb Code     0  scanf_fp.o(.text)
    _scanf_really_real                       0x08000845   Thumb Code   556  scanf_fp.o(.text)
    __vfscanf_char                           0x08000a89   Thumb Code    20  scanf_char.o(.text)
    _sgetc                                   0x08000aa5   Thumb Code    30  _sgetc.o(.text)
    _sbackspace                              0x08000ac3   Thumb Code    34  _sgetc.o(.text)
    __I$use$fp                               0x08000ae5   Thumb Code     0  iusefp.o(.text)
    __aeabi_dadd                             0x08000ae5   Thumb Code   322  dadd.o(.text)
    __aeabi_dsub                             0x08000c27   Thumb Code     6  dadd.o(.text)
    __aeabi_drsub                            0x08000c2d   Thumb Code     6  dadd.o(.text)
    __aeabi_dmul                             0x08000c33   Thumb Code   228  dmul.o(.text)
    __aeabi_ddiv                             0x08000d17   Thumb Code   222  ddiv.o(.text)
    __aeabi_d2ulz                            0x08000df5   Thumb Code    48  dfixul.o(.text)
    __aeabi_cdrcmple                         0x08000e25   Thumb Code    48  cdrcmple.o(.text)
    __scatterload                            0x08000e55   Thumb Code    28  init.o(.text)
    __scatterload_rt2                        0x08000e55   Thumb Code     0  init.o(.text)
    __aeabi_lasr                             0x08000e79   Thumb Code    36  llsshr.o(.text)
    _ll_sshift_r                             0x08000e79   Thumb Code     0  llsshr.o(.text)
    isspace                                  0x08000e9d   Thumb Code    10  isspace_c.o(.text)
    _chval                                   0x08000ea7   Thumb Code    28  _chval.o(.text)
    __vfscanf                                0x08000ec5   Thumb Code   808  _scanf.o(.text)
    _double_round                            0x080011f1   Thumb Code    30  depilogue.o(.text)
    _double_epilogue                         0x0800120f   Thumb Code   156  depilogue.o(.text)
    __aeabi_ul2d                             0x080012ab   Thumb Code    24  dfltul.o(.text)
    __aeabi_d2f                              0x080012c3   Thumb Code    56  d2f.o(.text)
    __ctype_lookup                           0x080012fd   Thumb Code    34  ctype_c.o(.text)
    _float_round                             0x08001325   Thumb Code    18  fepilogue.o(.text)
    _float_epilogue                          0x08001337   Thumb Code    92  fepilogue.o(.text)
    App_AutoPlotTask                         0x08001395   Thumb Code   126  app_control.o(.text.App_AutoPlotTask)
    App_ControlTask                          0x08001415   Thumb Code  1126  app_control.o(.text.App_ControlTask)
    Bluetooth_Init                           0x08001a15   Thumb Code    50  bluetooth.o(.text.Bluetooth_Init)
    Bluetooth_SendMotorStatus                0x08001a49   Thumb Code    88  bluetooth.o(.text.Bluetooth_SendMotorStatus)
    Bluetooth_SendPlotClear                  0x08001aa1   Thumb Code    16  bluetooth.o(.text.Bluetooth_SendPlotClear)
    Bluetooth_SendPlotData                   0x08001ab1   Thumb Code    80  bluetooth.o(.text.Bluetooth_SendPlotData)
    Bluetooth_SendString                     0x08001b01   Thumb Code    42  bluetooth.o(.text.Bluetooth_SendString)
    Bluetooth_StartReceiveIT                 0x08001b2d   Thumb Code    32  bluetooth.o(.text.Bluetooth_StartReceiveIT)
    BusFault_Handler                         0x08001b4d   Thumb Code     4  stm32f4xx_it.o(.text.BusFault_Handler)
    DC4_Motor_AllStop                        0x08001b51   Thumb Code    50  motor_driver_dc4ch.o(.text.DC4_Motor_AllStop)
    DC4_Motor_Init                           0x08001b85   Thumb Code   300  motor_driver_dc4ch.o(.text.DC4_Motor_Init)
    DC4_Motor_SetSignedSpeed                 0x08001cb1   Thumb Code   334  motor_driver_dc4ch.o(.text.DC4_Motor_SetSignedSpeed)
    DC4_Motor_Start                          0x08001e01   Thumb Code   102  motor_driver_dc4ch.o(.text.DC4_Motor_Start)
    DMA1_Stream0_IRQHandler                  0x08001e69   Thumb Code    16  stm32f4xx_it.o(.text.DMA1_Stream0_IRQHandler)
    DMA1_Stream2_IRQHandler                  0x08001e79   Thumb Code    16  stm32f4xx_it.o(.text.DMA1_Stream2_IRQHandler)
    DMA1_Stream4_IRQHandler                  0x08001e89   Thumb Code    16  stm32f4xx_it.o(.text.DMA1_Stream4_IRQHandler)
    DMA1_Stream5_IRQHandler                  0x08001e99   Thumb Code    16  stm32f4xx_it.o(.text.DMA1_Stream5_IRQHandler)
    DMA1_Stream6_IRQHandler                  0x08001ea9   Thumb Code    16  stm32f4xx_it.o(.text.DMA1_Stream6_IRQHandler)
    DMA1_Stream7_IRQHandler                  0x08001eb9   Thumb Code    16  stm32f4xx_it.o(.text.DMA1_Stream7_IRQHandler)
    DMA2_Stream1_IRQHandler                  0x08001ec9   Thumb Code    16  stm32f4xx_it.o(.text.DMA2_Stream1_IRQHandler)
    DMA2_Stream2_IRQHandler                  0x08001ed9   Thumb Code    16  stm32f4xx_it.o(.text.DMA2_Stream2_IRQHandler)
    DMA2_Stream6_IRQHandler                  0x08001ee9   Thumb Code    16  stm32f4xx_it.o(.text.DMA2_Stream6_IRQHandler)
    DMA2_Stream7_IRQHandler                  0x08001ef9   Thumb Code    16  stm32f4xx_it.o(.text.DMA2_Stream7_IRQHandler)
    DebugMon_Handler                         0x080020c5   Thumb Code     2  stm32f4xx_it.o(.text.DebugMon_Handler)
    Error_Handler                            0x080020c9   Thumb Code     6  main.o(.text.Error_Handler)
    HAL_DMA_Abort                            0x080020d1   Thumb Code   252  stm32f4xx_hal_dma.o(.text.HAL_DMA_Abort)
    HAL_DMA_Abort_IT                         0x080021cd   Thumb Code    72  stm32f4xx_hal_dma.o(.text.HAL_DMA_Abort_IT)
    HAL_DMA_IRQHandler                       0x08002215   Thumb Code   854  stm32f4xx_hal_dma.o(.text.HAL_DMA_IRQHandler)
    HAL_DMA_Init                             0x0800256d   Thumb Code   386  stm32f4xx_hal_dma.o(.text.HAL_DMA_Init)
    HAL_DMA_Start_IT                         0x080026f1   Thumb Code   218  stm32f4xx_hal_dma.o(.text.HAL_DMA_Start_IT)
    HAL_Delay                                0x080027cd   Thumb Code    78  stm32f4xx_hal.o(.text.HAL_Delay)
    HAL_GPIO_Init                            0x0800281d   Thumb Code   976  stm32f4xx_hal_gpio.o(.text.HAL_GPIO_Init)
    HAL_GPIO_TogglePin                       0x08002bed   Thumb Code    48  stm32f4xx_hal_gpio.o(.text.HAL_GPIO_TogglePin)
    HAL_GPIO_WritePin                        0x08002c1d   Thumb Code    66  stm32f4xx_hal_gpio.o(.text.HAL_GPIO_WritePin)
    HAL_GetTick                              0x08002c61   Thumb Code    12  stm32f4xx_hal.o(.text.HAL_GetTick)
    HAL_I2C_Init                             0x08002c6d   Thumb Code   706  stm32f4xx_hal_i2c.o(.text.HAL_I2C_Init)
    HAL_I2C_MspInit                          0x08002f31   Thumb Code   154  i2c.o(.text.HAL_I2C_MspInit)
    HAL_IncTick                              0x08002fcd   Thumb Code    26  stm32f4xx_hal.o(.text.HAL_IncTick)
    HAL_Init                                 0x08002fe9   Thumb Code    60  stm32f4xx_hal.o(.text.HAL_Init)
    HAL_InitTick                             0x08003025   Thumb Code   118  stm32f4xx_hal.o(.text.HAL_InitTick)
    HAL_MspInit                              0x0800309d   Thumb Code    78  stm32f4xx_hal_msp.o(.text.HAL_MspInit)
    HAL_NVIC_EnableIRQ                       0x080030ed   Thumb Code    24  stm32f4xx_hal_cortex.o(.text.HAL_NVIC_EnableIRQ)
    HAL_NVIC_SetPriority                     0x08003105   Thumb Code    70  stm32f4xx_hal_cortex.o(.text.HAL_NVIC_SetPriority)
    HAL_NVIC_SetPriorityGrouping             0x0800314d   Thumb Code    20  stm32f4xx_hal_cortex.o(.text.HAL_NVIC_SetPriorityGrouping)
    HAL_RCC_ClockConfig                      0x08003161   Thumb Code   630  stm32f4xx_hal_rcc.o(.text.HAL_RCC_ClockConfig)
    HAL_RCC_GetHCLKFreq                      0x080033d9   Thumb Code    12  stm32f4xx_hal_rcc.o(.text.HAL_RCC_GetHCLKFreq)
    HAL_RCC_GetPCLK1Freq                     0x080033e5   Thumb Code    38  stm32f4xx_hal_rcc.o(.text.HAL_RCC_GetPCLK1Freq)
    HAL_RCC_GetPCLK2Freq                     0x0800340d   Thumb Code    38  stm32f4xx_hal_rcc.o(.text.HAL_RCC_GetPCLK2Freq)
    HAL_RCC_GetSysClockFreq                  0x08003435   Thumb Code   232  stm32f4xx_hal_rcc.o(.text.HAL_RCC_GetSysClockFreq)
    HAL_RCC_OscConfig                        0x0800351d   Thumb Code  1792  stm32f4xx_hal_rcc.o(.text.HAL_RCC_OscConfig)
    HAL_SYSTICK_Config                       0x08003c1d   Thumb Code    20  stm32f4xx_hal_cortex.o(.text.HAL_SYSTICK_Config)
    HAL_TIMEx_BreakCallback                  0x08003c31   Thumb Code    12  stm32f4xx_hal_tim_ex.o(.text.HAL_TIMEx_BreakCallback)
    HAL_TIMEx_CommutCallback                 0x08003c3d   Thumb Code    12  stm32f4xx_hal_tim_ex.o(.text.HAL_TIMEx_CommutCallback)
    HAL_TIMEx_ConfigBreakDeadTime            0x08003c49   Thumb Code   186  stm32f4xx_hal_tim_ex.o(.text.HAL_TIMEx_ConfigBreakDeadTime)
    HAL_TIMEx_MasterConfigSynchronization    0x08003d05   Thumb Code   298  stm32f4xx_hal_tim_ex.o(.text.HAL_TIMEx_MasterConfigSynchronization)
    HAL_TIM_Base_Init                        0x08003e31   Thumb Code   170  stm32f4xx_hal_tim.o(.text.HAL_TIM_Base_Init)
    HAL_TIM_Base_MspInit                     0x08003edd   Thumb Code   262  tim.o(.text.HAL_TIM_Base_MspInit)
    HAL_TIM_ConfigClockSource                0x08003fe5   Thumb Code   428  stm32f4xx_hal_tim.o(.text.HAL_TIM_ConfigClockSource)
    HAL_TIM_Encoder_Init                     0x08004191   Thumb Code   322  stm32f4xx_hal_tim.o(.text.HAL_TIM_Encoder_Init)
    HAL_TIM_Encoder_MspInit                  0x080042d5   Thumb Code   514  tim.o(.text.HAL_TIM_Encoder_MspInit)
    HAL_TIM_IC_CaptureCallback               0x080044d9   Thumb Code    12  stm32f4xx_hal_tim.o(.text.HAL_TIM_IC_CaptureCallback)
    HAL_TIM_IRQHandler                       0x080044e5   Thumb Code   518  stm32f4xx_hal_tim.o(.text.HAL_TIM_IRQHandler)
    HAL_TIM_MspPostInit                      0x080046ed   Thumb Code   292  tim.o(.text.HAL_TIM_MspPostInit)
    HAL_TIM_OC_DelayElapsedCallback          0x08004811   Thumb Code    12  stm32f4xx_hal_tim.o(.text.HAL_TIM_OC_DelayElapsedCallback)
    HAL_TIM_PWM_ConfigChannel                0x0800481d   Thumb Code   350  stm32f4xx_hal_tim.o(.text.HAL_TIM_PWM_ConfigChannel)
    HAL_TIM_PWM_Init                         0x0800497d   Thumb Code   170  stm32f4xx_hal_tim.o(.text.HAL_TIM_PWM_Init)
    HAL_TIM_PWM_MspInit                      0x08004a29   Thumb Code    12  stm32f4xx_hal_tim.o(.text.HAL_TIM_PWM_MspInit)
    HAL_TIM_PWM_PulseFinishedCallback        0x08004a35   Thumb Code    12  stm32f4xx_hal_tim.o(.text.HAL_TIM_PWM_PulseFinishedCallback)
    HAL_TIM_PWM_Start                        0x08004a41   Thumb Code   474  stm32f4xx_hal_tim.o(.text.HAL_TIM_PWM_Start)
    HAL_TIM_PWM_Stop                         0x08004c1d   Thumb Code   280  stm32f4xx_hal_tim.o(.text.HAL_TIM_PWM_Stop)
    HAL_TIM_PeriodElapsedCallback            0x08004d35   Thumb Code    12  stm32f4xx_hal_tim.o(.text.HAL_TIM_PeriodElapsedCallback)
    HAL_TIM_TriggerCallback                  0x08004d41   Thumb Code    12  stm32f4xx_hal_tim.o(.text.HAL_TIM_TriggerCallback)
    HAL_UARTEx_RxEventCallback               0x08004d4d   Thumb Code    20  stm32f4xx_hal_uart.o(.text.HAL_UARTEx_RxEventCallback)
    HAL_UART_AbortTransmitCpltCallback       0x08004d61   Thumb Code    12  stm32f4xx_hal_uart.o(.text.HAL_UART_AbortTransmitCpltCallback)
    HAL_UART_AbortTransmit_IT                0x08004d6d   Thumb Code   202  stm32f4xx_hal_uart.o(.text.HAL_UART_AbortTransmit_IT)
    HAL_UART_ErrorCallback                   0x08004e39   Thumb Code    12  stm32f4xx_hal_uart.o(.text.HAL_UART_ErrorCallback)
    HAL_UART_IRQHandler                      0x08004e45   Thumb Code  1154  stm32f4xx_hal_uart.o(.text.HAL_UART_IRQHandler)
    HAL_UART_Init                            0x080052c9   Thumb Code   170  stm32f4xx_hal_uart.o(.text.HAL_UART_Init)
    HAL_UART_MspInit                         0x08005375   Thumb Code  1896  usart.o(.text.HAL_UART_MspInit)
    HAL_UART_Receive_IT                      0x08005add   Thumb Code   106  stm32f4xx_hal_uart.o(.text.HAL_UART_Receive_IT)
    HAL_UART_RxCpltCallback                  0x08005b49   Thumb Code   324  bluetooth.o(.text.HAL_UART_RxCpltCallback)
    HAL_UART_Transmit                        0x08005c8d   Thumb Code   338  stm32f4xx_hal_uart.o(.text.HAL_UART_Transmit)
    HAL_UART_Transmit_DMA                    0x08005de1   Thumb Code   280  stm32f4xx_hal_uart.o(.text.HAL_UART_Transmit_DMA)
    HAL_UART_TxCpltCallback                  0x08005ef9   Thumb Code    12  stm32f4xx_hal_uart.o(.text.HAL_UART_TxCpltCallback)
    HAL_UART_TxHalfCpltCallback              0x08005f05   Thumb Code    12  stm32f4xx_hal_uart.o(.text.HAL_UART_TxHalfCpltCallback)
    HardFault_Handler                        0x08005f11   Thumb Code     4  stm32f4xx_it.o(.text.HardFault_Handler)
    MX_DMA_Init                              0x08005f31   Thumb Code   262  dma.o(.text.MX_DMA_Init)
    MX_GPIO_Init                             0x08006039   Thumb Code   778  gpio.o(.text.MX_GPIO_Init)
    MX_I2C1_Init                             0x08006345   Thumb Code    68  i2c.o(.text.MX_I2C1_Init)
    MX_TIM12_Init                            0x08006389   Thumb Code   224  tim.o(.text.MX_TIM12_Init)
    MX_TIM1_Init                             0x08006469   Thumb Code   354  tim.o(.text.MX_TIM1_Init)
    MX_TIM2_Init                             0x080065cd   Thumb Code   146  tim.o(.text.MX_TIM2_Init)
    MX_TIM3_Init                             0x08006661   Thumb Code   144  tim.o(.text.MX_TIM3_Init)
    MX_TIM4_Init                             0x080066f1   Thumb Code   144  tim.o(.text.MX_TIM4_Init)
    MX_TIM5_Init                             0x08006781   Thumb Code   266  tim.o(.text.MX_TIM5_Init)
    MX_TIM6_Init                             0x0800688d   Thumb Code    98  tim.o(.text.MX_TIM6_Init)
    MX_TIM8_Init                             0x080068f1   Thumb Code   152  tim.o(.text.MX_TIM8_Init)
    MX_UART4_Init                            0x08006989   Thumb Code    60  usart.o(.text.MX_UART4_Init)
    MX_UART5_Init                            0x080069c5   Thumb Code    60  usart.o(.text.MX_UART5_Init)
    MX_USART1_UART_Init                      0x08006a01   Thumb Code    60  usart.o(.text.MX_USART1_UART_Init)
    MX_USART2_UART_Init                      0x08006a3d   Thumb Code    60  usart.o(.text.MX_USART2_UART_Init)
    MX_USART3_UART_Init                      0x08006a79   Thumb Code    60  usart.o(.text.MX_USART3_UART_Init)
    MX_USART6_UART_Init                      0x08006ab5   Thumb Code    60  usart.o(.text.MX_USART6_UART_Init)
    Mecanum_Init                             0x08006af1   Thumb Code    16  app_control.o(.text.Mecanum_Init)
    Mecanum_SetMotion                        0x08006b01   Thumb Code   378  app_control.o(.text.Mecanum_SetMotion)
    MemManage_Handler                        0x08006c7d   Thumb Code     4  stm32f4xx_it.o(.text.MemManage_Handler)
    MotorClosedLoop_GetCurrentSpeed          0x08006c81   Thumb Code    58  motor_closedloop.o(.text.MotorClosedLoop_GetCurrentSpeed)
    MotorClosedLoop_SetPIDParams             0x08006cbd   Thumb Code   132  motor_closedloop.o(.text.MotorClosedLoop_SetPIDParams)
    MotorDriverX42S_Serial_Init              0x08006d41   Thumb Code    26  motor_driver_x42s.o(.text.MotorDriverX42S_Serial_Init)
    MotorDriverX42S_SetDualSpeed             0x08006d5d   Thumb Code   408  motor_driver_x42s.o(.text.MotorDriverX42S_SetDualSpeed)
    NMI_Handler                              0x08006ef5   Thumb Code     4  stm32f4xx_it.o(.text.NMI_Handler)
    OLED_Clear                               0x08006f79   Thumb Code   104  oled.o(.text.OLED_Clear)
    OLED_Init                                0x08006fe1   Thumb Code    64  oled.o(.text.OLED_Init)
    OLED_Set_Pos                             0x08007021   Thumb Code    62  oled.o(.text.OLED_Set_Pos)
    OLED_ShowChinese60x60                    0x08007061   Thumb Code   156  oled.o(.text.OLED_ShowChinese60x60)
    OLED_WR_CMD                              0x080070fd   Thumb Code    44  oled.o(.text.OLED_WR_CMD)
    OLED_WR_DATA                             0x08007129   Thumb Code    44  oled.o(.text.OLED_WR_DATA)
    PendSV_Handler                           0x08007155   Thumb Code     2  stm32f4xx_it.o(.text.PendSV_Handler)
    SVC_Handler                              0x08007159   Thumb Code     2  stm32f4xx_it.o(.text.SVC_Handler)
    Soft_I2C_Init                            0x0800715d   Thumb Code   116  soft_i2c.o(.text.Soft_I2C_Init)
    Soft_I2C_Start                           0x080071d1   Thumb Code    82  soft_i2c.o(.text.Soft_I2C_Start)
    Soft_I2C_Stop                            0x08007225   Thumb Code    56  soft_i2c.o(.text.Soft_I2C_Stop)
    Soft_I2C_WriteByte                       0x0800725d   Thumb Code   200  soft_i2c.o(.text.Soft_I2C_WriteByte)
    SolenoidValve1_IsOn                      0x08007325   Thumb Code    16  solenoid_valve.o(.text.SolenoidValve1_IsOn)
    SolenoidValve1_Off                       0x08007335   Thumb Code    10  solenoid_valve.o(.text.SolenoidValve1_Off)
    SolenoidValve1_On                        0x08007341   Thumb Code    10  solenoid_valve.o(.text.SolenoidValve1_On)
    SolenoidValve1_Pulse                     0x0800734d   Thumb Code    94  solenoid_valve.o(.text.SolenoidValve1_Pulse)
    SolenoidValve1_Set                       0x080073ad   Thumb Code    72  solenoid_valve.o(.text.SolenoidValve1_Set)
    SolenoidValve1_Toggle                    0x080073f5   Thumb Code    24  solenoid_valve.o(.text.SolenoidValve1_Toggle)
    SolenoidValve2_IsOn                      0x0800740d   Thumb Code    16  solenoid_valve.o(.text.SolenoidValve2_IsOn)
    SolenoidValve2_Off                       0x0800741d   Thumb Code    10  solenoid_valve.o(.text.SolenoidValve2_Off)
    SolenoidValve2_On                        0x08007429   Thumb Code    10  solenoid_valve.o(.text.SolenoidValve2_On)
    SolenoidValve2_Pulse                     0x08007435   Thumb Code    94  solenoid_valve.o(.text.SolenoidValve2_Pulse)
    SolenoidValve2_Set                       0x08007495   Thumb Code    70  solenoid_valve.o(.text.SolenoidValve2_Set)
    SolenoidValve2_Toggle                    0x080074dd   Thumb Code    24  solenoid_valve.o(.text.SolenoidValve2_Toggle)
    SolenoidValve_Init                       0x080074f5   Thumb Code    12  solenoid_valve.o(.text.SolenoidValve_Init)
    SolenoidValve_Task                       0x08007501   Thumb Code   104  solenoid_valve.o(.text.SolenoidValve_Task)
    SysTick_Handler                          0x080075c5   Thumb Code     8  stm32f4xx_it.o(.text.SysTick_Handler)
    SystemClock_Config                       0x080075cd   Thumb Code   194  main.o(.text.SystemClock_Config)
    SystemInit                               0x08007691   Thumb Code    18  system_stm32f4xx.o(.text.SystemInit)
    TIM6_DAC_IRQHandler                      0x080076a5   Thumb Code    16  stm32f4xx_it.o(.text.TIM6_DAC_IRQHandler)
    TIM_Base_SetConfig                       0x080076b5   Thumb Code   428  stm32f4xx_hal_tim.o(.text.TIM_Base_SetConfig)
    TIM_CCxChannelCmd                        0x08007861   Thumb Code    74  stm32f4xx_hal_tim.o(.text.TIM_CCxChannelCmd)
    TIM_ETR_SetConfig                        0x080078ad   Thumb Code    74  stm32f4xx_hal_tim.o(.text.TIM_ETR_SetConfig)
    TIM_OC2_SetConfig                        0x08007a21   Thumb Code   252  stm32f4xx_hal_tim.o(.text.TIM_OC2_SetConfig)
    UART4_IRQHandler                         0x08007d8d   Thumb Code    16  stm32f4xx_it.o(.text.UART4_IRQHandler)
    UART5_IRQHandler                         0x08007d9d   Thumb Code    16  stm32f4xx_it.o(.text.UART5_IRQHandler)
    UART_Start_Receive_IT                    0x080082f5   Thumb Code   118  stm32f4xx_hal_uart.o(.text.UART_Start_Receive_IT)
    USART1_IRQHandler                        0x0800850d   Thumb Code    16  stm32f4xx_it.o(.text.USART1_IRQHandler)
    USART2_IRQHandler                        0x0800851d   Thumb Code    16  stm32f4xx_it.o(.text.USART2_IRQHandler)
    USART3_IRQHandler                        0x0800852d   Thumb Code    16  stm32f4xx_it.o(.text.USART3_IRQHandler)
    USART6_IRQHandler                        0x0800853d   Thumb Code    16  stm32f4xx_it.o(.text.USART6_IRQHandler)
    UsageFault_Handler                       0x0800854d   Thumb Code     4  stm32f4xx_it.o(.text.UsageFault_Handler)
    main                                     0x080087bd   Thumb Code   228  main.o(.text.main)
    __0snprintf                              0x08008981   Thumb Code    44  printfa.o(i.__0snprintf)
    __1snprintf                              0x08008981   Thumb Code     0  printfa.o(i.__0snprintf)
    __2snprintf                              0x08008981   Thumb Code     0  printfa.o(i.__0snprintf)
    __c89snprintf                            0x08008981   Thumb Code     0  printfa.o(i.__0snprintf)
    snprintf                                 0x08008981   Thumb Code     0  printfa.o(i.__0snprintf)
    __scatterload_copy                       0x080089b1   Thumb Code    14  handlers.o(i.__scatterload_copy)
    __scatterload_null                       0x080089bf   Thumb Code     2  handlers.o(i.__scatterload_null)
    __scatterload_zeroinit                   0x080089c1   Thumb Code    14  handlers.o(i.__scatterload_zeroinit)
    _is_digit                                0x08008b55   Thumb Code    14  scanf_fp.o(i._is_digit)
    __ctype_categories                       0x080092a8   Data          64  ctype_c.o(.constdata)
    AHBPrescTable                            0x080092e8   Data          16  system_stm32f4xx.o(.rodata.AHBPrescTable)
    APBPrescTable                            0x080092f8   Data           8  system_stm32f4xx.o(.rodata.APBPrescTable)
    zh60x60                                  0x08009562   Data        5808  oledfont.o(.rodata.zh60x60)
    Region$$Table$$Base                      0x0800ac14   Number         0  anon$$obj.o(Region$$Table)
    Region$$Table$$Limit                     0x0800ac34   Number         0  anon$$obj.o(Region$$Table)
    CMD_Data                                 0x20000000   Data          23  oled.o(.data.CMD_Data)
    SystemCoreClock                          0x20000018   Data           4  system_stm32f4xx.o(.data.SystemCoreClock)
    g_auto_plot_interval_ms                  0x2000001c   Data           2  app_control.o(.data.g_auto_plot_interval_ms)
    uwTickFreq                               0x2000001e   Data           1  stm32f4xx_hal.o(.data.uwTickFreq)
    uwTickPrio                               0x20000020   Data           4  stm32f4xx_hal.o(.data.uwTickPrio)
    BT_RxFlag                                0x20000028   Data           1  bluetooth.o(.bss.BT_RxFlag)
    BT_RxPacket                              0x20000029   Data          64  bluetooth.o(.bss.BT_RxPacket)
    g_auto_plot_enable                       0x2000006c   Data           1  app_control.o(.bss.g_auto_plot_enable)
    hdma_uart4_rx                            0x20000144   Data          96  usart.o(.bss.hdma_uart4_rx)
    hdma_uart4_tx                            0x200001a4   Data          96  usart.o(.bss.hdma_uart4_tx)
    hdma_uart5_rx                            0x20000204   Data          96  usart.o(.bss.hdma_uart5_rx)
    hdma_uart5_tx                            0x20000264   Data          96  usart.o(.bss.hdma_uart5_tx)
    hdma_usart1_rx                           0x200002c4   Data          96  usart.o(.bss.hdma_usart1_rx)
    hdma_usart1_tx                           0x20000324   Data          96  usart.o(.bss.hdma_usart1_tx)
    hdma_usart2_rx                           0x20000384   Data          96  usart.o(.bss.hdma_usart2_rx)
    hdma_usart2_tx                           0x200003e4   Data          96  usart.o(.bss.hdma_usart2_tx)
    hdma_usart6_rx                           0x20000444   Data          96  usart.o(.bss.hdma_usart6_rx)
    hdma_usart6_tx                           0x200004a4   Data          96  usart.o(.bss.hdma_usart6_tx)
    hi2c1                                    0x20000504   Data          84  i2c.o(.bss.hi2c1)
    htim1                                    0x20000558   Data          72  tim.o(.bss.htim1)
    htim12                                   0x200005a0   Data          72  tim.o(.bss.htim12)
    htim2                                    0x200005e8   Data          72  tim.o(.bss.htim2)
    htim3                                    0x20000630   Data          72  tim.o(.bss.htim3)
    htim4                                    0x20000678   Data          72  tim.o(.bss.htim4)
    htim5                                    0x200006c0   Data          72  tim.o(.bss.htim5)
    htim6                                    0x20000708   Data          72  tim.o(.bss.htim6)
    htim8                                    0x20000750   Data          72  tim.o(.bss.htim8)
    huart1                                   0x20000798   Data          72  usart.o(.bss.huart1)
    huart2                                   0x200007e0   Data          72  usart.o(.bss.huart2)
    huart3                                   0x20000828   Data          72  usart.o(.bss.huart3)
    huart4                                   0x20000870   Data          72  usart.o(.bss.huart4)
    huart5                                   0x200008b8   Data          72  usart.o(.bss.huart5)
    huart6                                   0x20000900   Data          72  usart.o(.bss.huart6)
    uwTick                                   0x20000960   Data           4  stm32f4xx_hal.o(.bss.uwTick)
    __initial_sp                             0x20000d68   Data           0  startup_stm32f407xx.o(STACK)



==============================================================================

Memory Map of the image

  Image Entry point : 0x08000189

  Load Region LR_IROM1 (Base: 0x08000000, Size: 0x0000ac60, Max: 0x00100000, ABSOLUTE)

    Execution Region ER_IROM1 (Exec base: 0x08000000, Load base: 0x08000000, Size: 0x0000ac34, Max: 0x00100000, ABSOLUTE)

    Exec Addr    Load Addr    Size         Type   Attr      Idx    E Section Name        Object

    0x08000000   0x08000000   0x00000188   Data   RO            3    RESET               startup_stm32f407xx.o
    0x08000188   0x08000188   0x00000000   Code   RO         1699  * .ARM.Collect$$$$00000000  mc_w.l(entry.o)
    0x08000188   0x08000188   0x00000004   Code   RO         1748    .ARM.Collect$$$$00000001  mc_w.l(entry2.o)
    0x0800018c   0x0800018c   0x00000004   Code   RO         1751    .ARM.Collect$$$$00000004  mc_w.l(entry5.o)
    0x08000190   0x08000190   0x00000000   Code   RO         1753    .ARM.Collect$$$$00000008  mc_w.l(entry7b.o)
    0x08000190   0x08000190   0x00000000   Code   RO         1755    .ARM.Collect$$$$0000000A  mc_w.l(entry8b.o)
    0x08000190   0x08000190   0x00000008   Code   RO         1756    .ARM.Collect$$$$0000000B  mc_w.l(entry9a.o)
    0x08000198   0x08000198   0x00000000   Code   RO         1758    .ARM.Collect$$$$0000000D  mc_w.l(entry10a.o)
    0x08000198   0x08000198   0x00000000   Code   RO         1760    .ARM.Collect$$$$0000000F  mc_w.l(entry11a.o)
    0x08000198   0x08000198   0x00000004   Code   RO         1749    .ARM.Collect$$$$00002712  mc_w.l(entry2.o)
    0x0800019c   0x0800019c   0x00000024   Code   RO            4    .text               startup_stm32f407xx.o
    0x080001c0   0x080001c0   0x00000062   Code   RO         1702    .text               mc_w.l(uldiv.o)
    0x08000222   0x08000222   0x00000062   Code   RO         1704    .text               mc_w.l(ldiv.o)
    0x08000284   0x08000284   0x00000008   Code   RO         1706    .text               mc_w.l(siabs.o)
    0x0800028c   0x0800028c   0x00000024   Code   RO         1710    .text               mc_w.l(memseta.o)
    0x080002b0   0x080002b0   0x0000000e   Code   RO         1712    .text               mc_w.l(strlen.o)
    0x080002be   0x080002be   0x0000001c   Code   RO         1714    .text               mc_w.l(strcmp.o)
    0x080002da   0x080002da   0x0000001e   Code   RO         1716    .text               mc_w.l(strncmp.o)
    0x080002f8   0x080002f8   0x00000038   Code   RO         1746    .text               mc_w.l(sscanf.o)
    0x08000330   0x08000330   0x0000002c   Code   RO         1767    .text               mc_w.l(uidiv.o)
    0x0800035c   0x0800035c   0x0000001e   Code   RO         1769    .text               mc_w.l(llshl.o)
    0x0800037a   0x0800037a   0x00000020   Code   RO         1771    .text               mc_w.l(llushr.o)
    0x0800039a   0x0800039a   0x00000156   Code   RO         1773    .text               mc_w.l(_scanf_longlong.o)
    0x080004f0   0x080004f0   0x0000014c   Code   RO         1775    .text               mc_w.l(_scanf_int.o)
    0x0800063c   0x0800063c   0x000000e0   Code   RO         1777    .text               mc_w.l(_scanf_str.o)
    0x0800071c   0x0800071c   0x00000360   Code   RO         1779    .text               mc_w.l(scanf_fp.o)
    0x08000a7c   0x08000a7c   0x00000028   Code   RO         1783    .text               mc_w.l(scanf_char.o)
    0x08000aa4   0x08000aa4   0x00000040   Code   RO         1785    .text               mc_w.l(_sgetc.o)
    0x08000ae4   0x08000ae4   0x00000000   Code   RO         1787    .text               mc_w.l(iusefp.o)
    0x08000ae4   0x08000ae4   0x0000014e   Code   RO         1788    .text               mf_w.l(dadd.o)
    0x08000c32   0x08000c32   0x000000e4   Code   RO         1790    .text               mf_w.l(dmul.o)
    0x08000d16   0x08000d16   0x000000de   Code   RO         1792    .text               mf_w.l(ddiv.o)
    0x08000df4   0x08000df4   0x00000030   Code   RO         1794    .text               mf_w.l(dfixul.o)
    0x08000e24   0x08000e24   0x00000030   Code   RO         1796    .text               mf_w.l(cdrcmple.o)
    0x08000e54   0x08000e54   0x00000024   Code   RO         1798    .text               mc_w.l(init.o)
    0x08000e78   0x08000e78   0x00000024   Code   RO         1801    .text               mc_w.l(llsshr.o)
    0x08000e9c   0x08000e9c   0x0000000a   Code   RO         1803    .text               mc_w.l(isspace_c.o)
    0x08000ea6   0x08000ea6   0x0000001c   Code   RO         1805    .text               mc_w.l(_chval.o)
    0x08000ec2   0x08000ec2   0x00000002   PAD
    0x08000ec4   0x08000ec4   0x0000032c   Code   RO         1807    .text               mc_w.l(_scanf.o)
    0x080011f0   0x080011f0   0x000000ba   Code   RO         1810    .text               mf_w.l(depilogue.o)
    0x080012aa   0x080012aa   0x00000018   Code   RO         1812    .text               mf_w.l(dfltul.o)
    0x080012c2   0x080012c2   0x00000038   Code   RO         1814    .text               mf_w.l(d2f.o)
    0x080012fa   0x080012fa   0x00000002   PAD
    0x080012fc   0x080012fc   0x00000028   Code   RO         1816    .text               mc_w.l(ctype_c.o)
    0x08001324   0x08001324   0x0000006e   Code   RO         1819    .text               mf_w.l(fepilogue.o)
    0x08001392   0x08001392   0x00000002   PAD
    0x08001394   0x08001394   0x0000007e   Code   RO           55    .text.App_AutoPlotTask  app_control.o
    0x08001412   0x08001412   0x00000002   PAD
    0x08001414   0x08001414   0x00000466   Code   RO           51    .text.App_ControlTask  app_control.o
    0x0800187a   0x0800187a   0x00000002   PAD
    0x0800187c   0x0800187c   0x00000198   Code   RO           53    .text.App_ParseJoystickPacket  app_control.o
    0x08001a14   0x08001a14   0x00000032   Code   RO          117    .text.Bluetooth_Init  bluetooth.o
    0x08001a46   0x08001a46   0x00000002   PAD
    0x08001a48   0x08001a48   0x00000058   Code   RO          125    .text.Bluetooth_SendMotorStatus  bluetooth.o
    0x08001aa0   0x08001aa0   0x00000010   Code   RO          129    .text.Bluetooth_SendPlotClear  bluetooth.o
    0x08001ab0   0x08001ab0   0x00000050   Code   RO          127    .text.Bluetooth_SendPlotData  bluetooth.o
    0x08001b00   0x08001b00   0x0000002a   Code   RO          123    .text.Bluetooth_SendString  bluetooth.o
    0x08001b2a   0x08001b2a   0x00000002   PAD
    0x08001b2c   0x08001b2c   0x00000020   Code   RO          119    .text.Bluetooth_StartReceiveIT  bluetooth.o
    0x08001b4c   0x08001b4c   0x00000004   Code   RO          458    .text.BusFault_Handler  stm32f4xx_it.o
    0x08001b50   0x08001b50   0x00000032   Code   RO           29    .text.DC4_Motor_AllStop  motor_driver_dc4ch.o
    0x08001b82   0x08001b82   0x00000002   PAD
    0x08001b84   0x08001b84   0x0000012c   Code   RO           11    .text.DC4_Motor_Init  motor_driver_dc4ch.o
    0x08001cb0   0x08001cb0   0x0000014e   Code   RO           21    .text.DC4_Motor_SetSignedSpeed  motor_driver_dc4ch.o
    0x08001dfe   0x08001dfe   0x00000002   PAD
    0x08001e00   0x08001e00   0x00000066   Code   RO           17    .text.DC4_Motor_Start  motor_driver_dc4ch.o
    0x08001e66   0x08001e66   0x00000002   PAD
    0x08001e68   0x08001e68   0x00000010   Code   RO          470    .text.DMA1_Stream0_IRQHandler  stm32f4xx_it.o
    0x08001e78   0x08001e78   0x00000010   Code   RO          472    .text.DMA1_Stream2_IRQHandler  stm32f4xx_it.o
    0x08001e88   0x08001e88   0x00000010   Code   RO          474    .text.DMA1_Stream4_IRQHandler  stm32f4xx_it.o
    0x08001e98   0x08001e98   0x00000010   Code   RO          476    .text.DMA1_Stream5_IRQHandler  stm32f4xx_it.o
    0x08001ea8   0x08001ea8   0x00000010   Code   RO          478    .text.DMA1_Stream6_IRQHandler  stm32f4xx_it.o
    0x08001eb8   0x08001eb8   0x00000010   Code   RO          486    .text.DMA1_Stream7_IRQHandler  stm32f4xx_it.o
    0x08001ec8   0x08001ec8   0x00000010   Code   RO          494    .text.DMA2_Stream1_IRQHandler  stm32f4xx_it.o
    0x08001ed8   0x08001ed8   0x00000010   Code   RO          496    .text.DMA2_Stream2_IRQHandler  stm32f4xx_it.o
    0x08001ee8   0x08001ee8   0x00000010   Code   RO          498    .text.DMA2_Stream6_IRQHandler  stm32f4xx_it.o
    0x08001ef8   0x08001ef8   0x00000010   Code   RO          500    .text.DMA2_Stream7_IRQHandler  stm32f4xx_it.o
    0x08001f08   0x08001f08   0x0000005c   Code   RO          919    .text.DMA_CalcBaseAndBitshift  stm32f4xx_hal_dma.o
    0x08001f64   0x08001f64   0x000000f6   Code   RO          917    .text.DMA_CheckFifoParam  stm32f4xx_hal_dma.o
    0x0800205a   0x0800205a   0x00000002   PAD
    0x0800205c   0x0800205c   0x00000066   Code   RO          925    .text.DMA_SetConfig  stm32f4xx_hal_dma.o
    0x080020c2   0x080020c2   0x00000002   PAD
    0x080020c4   0x080020c4   0x00000002   Code   RO          464    .text.DebugMon_Handler  stm32f4xx_it.o
    0x080020c6   0x080020c6   0x00000002   PAD
    0x080020c8   0x080020c8   0x00000006   Code   RO          306    .text.Error_Handler  main.o
    0x080020ce   0x080020ce   0x00000002   PAD
    0x080020d0   0x080020d0   0x000000fc   Code   RO          929    .text.HAL_DMA_Abort  stm32f4xx_hal_dma.o
    0x080021cc   0x080021cc   0x00000048   Code   RO          931    .text.HAL_DMA_Abort_IT  stm32f4xx_hal_dma.o
    0x08002214   0x08002214   0x00000356   Code   RO          935    .text.HAL_DMA_IRQHandler  stm32f4xx_hal_dma.o
    0x0800256a   0x0800256a   0x00000002   PAD
    0x0800256c   0x0800256c   0x00000182   Code   RO          915    .text.HAL_DMA_Init  stm32f4xx_hal_dma.o
    0x080026ee   0x080026ee   0x00000002   PAD
    0x080026f0   0x080026f0   0x000000da   Code   RO          927    .text.HAL_DMA_Start_IT  stm32f4xx_hal_dma.o
    0x080027ca   0x080027ca   0x00000002   PAD
    0x080027cc   0x080027cc   0x0000004e   Code   RO         1126    .text.HAL_Delay     stm32f4xx_hal.o
    0x0800281a   0x0800281a   0x00000002   PAD
    0x0800281c   0x0800281c   0x000003d0   Code   RO          869    .text.HAL_GPIO_Init  stm32f4xx_hal_gpio.o
    0x08002bec   0x08002bec   0x00000030   Code   RO          877    .text.HAL_GPIO_TogglePin  stm32f4xx_hal_gpio.o
    0x08002c1c   0x08002c1c   0x00000042   Code   RO          875    .text.HAL_GPIO_WritePin  stm32f4xx_hal_gpio.o
    0x08002c5e   0x08002c5e   0x00000002   PAD
    0x08002c60   0x08002c60   0x0000000c   Code   RO         1118    .text.HAL_GetTick   stm32f4xx_hal.o
    0x08002c6c   0x08002c6c   0x000002c2   Code   RO          527    .text.HAL_I2C_Init  stm32f4xx_hal_i2c.o
    0x08002f2e   0x08002f2e   0x00000002   PAD
    0x08002f30   0x08002f30   0x0000009a   Code   RO          348    .text.HAL_I2C_MspInit  i2c.o
    0x08002fca   0x08002fca   0x00000002   PAD
    0x08002fcc   0x08002fcc   0x0000001a   Code   RO         1116    .text.HAL_IncTick   stm32f4xx_hal.o
    0x08002fe6   0x08002fe6   0x00000002   PAD
    0x08002fe8   0x08002fe8   0x0000003c   Code   RO         1106    .text.HAL_Init      stm32f4xx_hal.o
    0x08003024   0x08003024   0x00000076   Code   RO         1108    .text.HAL_InitTick  stm32f4xx_hal.o
    0x0800309a   0x0800309a   0x00000002   PAD
    0x0800309c   0x0800309c   0x0000004e   Code   RO          514    .text.HAL_MspInit   stm32f4xx_hal_msp.o
    0x080030ea   0x080030ea   0x00000002   PAD
    0x080030ec   0x080030ec   0x00000018   Code   RO         1037    .text.HAL_NVIC_EnableIRQ  stm32f4xx_hal_cortex.o
    0x08003104   0x08003104   0x00000046   Code   RO         1029    .text.HAL_NVIC_SetPriority  stm32f4xx_hal_cortex.o
    0x0800314a   0x0800314a   0x00000002   PAD
    0x0800314c   0x0800314c   0x00000014   Code   RO         1025    .text.HAL_NVIC_SetPriorityGrouping  stm32f4xx_hal_cortex.o
    0x08003160   0x08003160   0x00000276   Code   RO          714    .text.HAL_RCC_ClockConfig  stm32f4xx_hal_rcc.o
    0x080033d6   0x080033d6   0x00000002   PAD
    0x080033d8   0x080033d8   0x0000000c   Code   RO          724    .text.HAL_RCC_GetHCLKFreq  stm32f4xx_hal_rcc.o
    0x080033e4   0x080033e4   0x00000026   Code   RO          726    .text.HAL_RCC_GetPCLK1Freq  stm32f4xx_hal_rcc.o
    0x0800340a   0x0800340a   0x00000002   PAD
    0x0800340c   0x0800340c   0x00000026   Code   RO          728    .text.HAL_RCC_GetPCLK2Freq  stm32f4xx_hal_rcc.o
    0x08003432   0x08003432   0x00000002   PAD
    0x08003434   0x08003434   0x000000e8   Code   RO          716    .text.HAL_RCC_GetSysClockFreq  stm32f4xx_hal_rcc.o
    0x0800351c   0x0800351c   0x00000700   Code   RO          712    .text.HAL_RCC_OscConfig  stm32f4xx_hal_rcc.o
    0x08003c1c   0x08003c1c   0x00000014   Code   RO         1049    .text.HAL_SYSTICK_Config  stm32f4xx_hal_cortex.o
    0x08003c30   0x08003c30   0x0000000c   Code   RO         1530    .text.HAL_TIMEx_BreakCallback  stm32f4xx_hal_tim_ex.o
    0x08003c3c   0x08003c3c   0x0000000c   Code   RO         1526    .text.HAL_TIMEx_CommutCallback  stm32f4xx_hal_tim_ex.o
    0x08003c48   0x08003c48   0x000000ba   Code   RO         1522    .text.HAL_TIMEx_ConfigBreakDeadTime  stm32f4xx_hal_tim_ex.o
    0x08003d02   0x08003d02   0x00000002   PAD
    0x08003d04   0x08003d04   0x0000012a   Code   RO         1520    .text.HAL_TIMEx_MasterConfigSynchronization  stm32f4xx_hal_tim_ex.o
    0x08003e2e   0x08003e2e   0x00000002   PAD
    0x08003e30   0x08003e30   0x000000aa   Code   RO         1203    .text.HAL_TIM_Base_Init  stm32f4xx_hal_tim.o
    0x08003eda   0x08003eda   0x00000002   PAD
    0x08003edc   0x08003edc   0x00000106   Code   RO          382    .text.HAL_TIM_Base_MspInit  tim.o
    0x08003fe2   0x08003fe2   0x00000002   PAD
    0x08003fe4   0x08003fe4   0x000001ac   Code   RO         1395    .text.HAL_TIM_ConfigClockSource  stm32f4xx_hal_tim.o
    0x08004190   0x08004190   0x00000142   Code   RO         1317    .text.HAL_TIM_Encoder_Init  stm32f4xx_hal_tim.o
    0x080042d2   0x080042d2   0x00000002   PAD
    0x080042d4   0x080042d4   0x00000202   Code   RO          384    .text.HAL_TIM_Encoder_MspInit  tim.o
    0x080044d6   0x080044d6   0x00000002   PAD
    0x080044d8   0x080044d8   0x0000000c   Code   RO         1339    .text.HAL_TIM_IC_CaptureCallback  stm32f4xx_hal_tim.o
    0x080044e4   0x080044e4   0x00000206   Code   RO         1337    .text.HAL_TIM_IRQHandler  stm32f4xx_hal_tim.o
    0x080046ea   0x080046ea   0x00000002   PAD
    0x080046ec   0x080046ec   0x00000124   Code   RO          366    .text.HAL_TIM_MspPostInit  tim.o
    0x08004810   0x08004810   0x0000000c   Code   RO         1341    .text.HAL_TIM_OC_DelayElapsedCallback  stm32f4xx_hal_tim.o
    0x0800481c   0x0800481c   0x0000015e   Code   RO         1369    .text.HAL_TIM_PWM_ConfigChannel  stm32f4xx_hal_tim.o
    0x0800497a   0x0800497a   0x00000002   PAD
    0x0800497c   0x0800497c   0x000000aa   Code   RO         1257    .text.HAL_TIM_PWM_Init  stm32f4xx_hal_tim.o
    0x08004a26   0x08004a26   0x00000002   PAD
    0x08004a28   0x08004a28   0x0000000c   Code   RO         1259    .text.HAL_TIM_PWM_MspInit  stm32f4xx_hal_tim.o
    0x08004a34   0x08004a34   0x0000000c   Code   RO         1343    .text.HAL_TIM_PWM_PulseFinishedCallback  stm32f4xx_hal_tim.o
    0x08004a40   0x08004a40   0x000001da   Code   RO         1265    .text.HAL_TIM_PWM_Start  stm32f4xx_hal_tim.o
    0x08004c1a   0x08004c1a   0x00000002   PAD
    0x08004c1c   0x08004c1c   0x00000118   Code   RO         1267    .text.HAL_TIM_PWM_Stop  stm32f4xx_hal_tim.o
    0x08004d34   0x08004d34   0x0000000c   Code   RO         1345    .text.HAL_TIM_PeriodElapsedCallback  stm32f4xx_hal_tim.o
    0x08004d40   0x08004d40   0x0000000c   Code   RO         1347    .text.HAL_TIM_TriggerCallback  stm32f4xx_hal_tim.o
    0x08004d4c   0x08004d4c   0x00000014   Code   RO         1639    .text.HAL_UARTEx_RxEventCallback  stm32f4xx_hal_uart.o
    0x08004d60   0x08004d60   0x0000000c   Code   RO         1623    .text.HAL_UART_AbortTransmitCpltCallback  stm32f4xx_hal_uart.o
    0x08004d6c   0x08004d6c   0x000000ca   Code   RO         1619    .text.HAL_UART_AbortTransmit_IT  stm32f4xx_hal_uart.o
    0x08004e36   0x08004e36   0x00000002   PAD
    0x08004e38   0x08004e38   0x0000000c   Code   RO         1637    .text.HAL_UART_ErrorCallback  stm32f4xx_hal_uart.o
    0x08004e44   0x08004e44   0x00000482   Code   RO         1631    .text.HAL_UART_IRQHandler  stm32f4xx_hal_uart.o
    0x080052c6   0x080052c6   0x00000002   PAD
    0x080052c8   0x080052c8   0x000000aa   Code   RO         1547    .text.HAL_UART_Init  stm32f4xx_hal_uart.o
    0x08005372   0x08005372   0x00000002   PAD
    0x08005374   0x08005374   0x00000768   Code   RO          421    .text.HAL_UART_MspInit  usart.o
    0x08005adc   0x08005adc   0x0000006a   Code   RO         1571    .text.HAL_UART_Receive_IT  stm32f4xx_hal_uart.o
    0x08005b46   0x08005b46   0x00000002   PAD
    0x08005b48   0x08005b48   0x00000144   Code   RO          121    .text.HAL_UART_RxCpltCallback  bluetooth.o
    0x08005c8c   0x08005c8c   0x00000152   Code   RO         1563    .text.HAL_UART_Transmit  stm32f4xx_hal_uart.o
    0x08005dde   0x08005dde   0x00000002   PAD
    0x08005de0   0x08005de0   0x00000118   Code   RO         1575    .text.HAL_UART_Transmit_DMA  stm32f4xx_hal_uart.o
    0x08005ef8   0x08005ef8   0x0000000c   Code   RO         1645    .text.HAL_UART_TxCpltCallback  stm32f4xx_hal_uart.o
    0x08005f04   0x08005f04   0x0000000c   Code   RO         1647    .text.HAL_UART_TxHalfCpltCallback  stm32f4xx_hal_uart.o
    0x08005f10   0x08005f10   0x00000004   Code   RO          454    .text.HardFault_Handler  stm32f4xx_it.o
    0x08005f14   0x08005f14   0x0000001a   Code   RO          229    .text.I2C_Delay     soft_i2c.o
    0x08005f2e   0x08005f2e   0x00000002   PAD
    0x08005f30   0x08005f30   0x00000106   Code   RO          333    .text.MX_DMA_Init   dma.o
    0x08006036   0x08006036   0x00000002   PAD
    0x08006038   0x08006038   0x0000030a   Code   RO          320    .text.MX_GPIO_Init  gpio.o
    0x08006342   0x08006342   0x00000002   PAD
    0x08006344   0x08006344   0x00000044   Code   RO          346    .text.MX_I2C1_Init  i2c.o
    0x08006388   0x08006388   0x000000e0   Code   RO          380    .text.MX_TIM12_Init  tim.o
    0x08006468   0x08006468   0x00000162   Code   RO          364    .text.MX_TIM1_Init  tim.o
    0x080065ca   0x080065ca   0x00000002   PAD
    0x080065cc   0x080065cc   0x00000092   Code   RO          368    .text.MX_TIM2_Init  tim.o
    0x0800665e   0x0800665e   0x00000002   PAD
    0x08006660   0x08006660   0x00000090   Code   RO          370    .text.MX_TIM3_Init  tim.o
    0x080066f0   0x080066f0   0x00000090   Code   RO          372    .text.MX_TIM4_Init  tim.o
    0x08006780   0x08006780   0x0000010a   Code   RO          374    .text.MX_TIM5_Init  tim.o
    0x0800688a   0x0800688a   0x00000002   PAD
    0x0800688c   0x0800688c   0x00000062   Code   RO          376    .text.MX_TIM6_Init  tim.o
    0x080068ee   0x080068ee   0x00000002   PAD
    0x080068f0   0x080068f0   0x00000098   Code   RO          378    .text.MX_TIM8_Init  tim.o
    0x08006988   0x08006988   0x0000003c   Code   RO          409    .text.MX_UART4_Init  usart.o
    0x080069c4   0x080069c4   0x0000003c   Code   RO          411    .text.MX_UART5_Init  usart.o
    0x08006a00   0x08006a00   0x0000003c   Code   RO          413    .text.MX_USART1_UART_Init  usart.o
    0x08006a3c   0x08006a3c   0x0000003c   Code   RO          415    .text.MX_USART2_UART_Init  usart.o
    0x08006a78   0x08006a78   0x0000003c   Code   RO          417    .text.MX_USART3_UART_Init  usart.o
    0x08006ab4   0x08006ab4   0x0000003c   Code   RO          419    .text.MX_USART6_UART_Init  usart.o
    0x08006af0   0x08006af0   0x00000010   Code   RO           43    .text.Mecanum_Init  app_control.o
    0x08006b00   0x08006b00   0x0000017a   Code   RO           45    .text.Mecanum_SetMotion  app_control.o
    0x08006c7a   0x08006c7a   0x00000002   PAD
    0x08006c7c   0x08006c7c   0x00000004   Code   RO          456    .text.MemManage_Handler  stm32f4xx_it.o
    0x08006c80   0x08006c80   0x0000003a   Code   RO          276    .text.MotorClosedLoop_GetCurrentSpeed  motor_closedloop.o
    0x08006cba   0x08006cba   0x00000002   PAD
    0x08006cbc   0x08006cbc   0x00000084   Code   RO          282    .text.MotorClosedLoop_SetPIDParams  motor_closedloop.o
    0x08006d40   0x08006d40   0x0000001a   Code   RO          152    .text.MotorDriverX42S_Serial_Init  motor_driver_x42s.o
    0x08006d5a   0x08006d5a   0x00000002   PAD
    0x08006d5c   0x08006d5c   0x00000198   Code   RO          154    .text.MotorDriverX42S_SetDualSpeed  motor_driver_x42s.o
    0x08006ef4   0x08006ef4   0x00000004   Code   RO          452    .text.NMI_Handler   stm32f4xx_it.o
    0x08006ef8   0x08006ef8   0x00000080   Code   RO         1035    .text.NVIC_EncodePriority  stm32f4xx_hal_cortex.o
    0x08006f78   0x08006f78   0x00000068   Code   RO          181    .text.OLED_Clear    oled.o
    0x08006fe0   0x08006fe0   0x00000040   Code   RO          173    .text.OLED_Init     oled.o
    0x08007020   0x08007020   0x0000003e   Code   RO          187    .text.OLED_Set_Pos  oled.o
    0x0800705e   0x0800705e   0x00000002   PAD
    0x08007060   0x08007060   0x0000009c   Code   RO          201    .text.OLED_ShowChinese60x60  oled.o
    0x080070fc   0x080070fc   0x0000002c   Code   RO          175    .text.OLED_WR_CMD   oled.o
    0x08007128   0x08007128   0x0000002c   Code   RO          177    .text.OLED_WR_DATA  oled.o
    0x08007154   0x08007154   0x00000002   Code   RO          466    .text.PendSV_Handler  stm32f4xx_it.o
    0x08007156   0x08007156   0x00000002   PAD
    0x08007158   0x08007158   0x00000002   Code   RO          462    .text.SVC_Handler   stm32f4xx_it.o
    0x0800715a   0x0800715a   0x00000002   PAD
    0x0800715c   0x0800715c   0x00000074   Code   RO          227    .text.Soft_I2C_Init  soft_i2c.o
    0x080071d0   0x080071d0   0x00000052   Code   RO          231    .text.Soft_I2C_Start  soft_i2c.o
    0x08007222   0x08007222   0x00000002   PAD
    0x08007224   0x08007224   0x00000038   Code   RO          233    .text.Soft_I2C_Stop  soft_i2c.o
    0x0800725c   0x0800725c   0x000000c8   Code   RO          235    .text.Soft_I2C_WriteByte  soft_i2c.o
    0x08007324   0x08007324   0x00000010   Code   RO           86    .text.SolenoidValve1_IsOn  solenoid_valve.o
    0x08007334   0x08007334   0x0000000a   Code   RO           74    .text.SolenoidValve1_Off  solenoid_valve.o
    0x0800733e   0x0800733e   0x00000002   PAD
    0x08007340   0x08007340   0x0000000a   Code   RO           80    .text.SolenoidValve1_On  solenoid_valve.o
    0x0800734a   0x0800734a   0x00000002   PAD
    0x0800734c   0x0800734c   0x0000005e   Code   RO           84    .text.SolenoidValve1_Pulse  solenoid_valve.o
    0x080073aa   0x080073aa   0x00000002   PAD
    0x080073ac   0x080073ac   0x00000048   Code   RO           78    .text.SolenoidValve1_Set  solenoid_valve.o
    0x080073f4   0x080073f4   0x00000018   Code   RO           82    .text.SolenoidValve1_Toggle  solenoid_valve.o
    0x0800740c   0x0800740c   0x00000010   Code   RO           96    .text.SolenoidValve2_IsOn  solenoid_valve.o
    0x0800741c   0x0800741c   0x0000000a   Code   RO           76    .text.SolenoidValve2_Off  solenoid_valve.o
    0x08007426   0x08007426   0x00000002   PAD
    0x08007428   0x08007428   0x0000000a   Code   RO           90    .text.SolenoidValve2_On  solenoid_valve.o
    0x08007432   0x08007432   0x00000002   PAD
    0x08007434   0x08007434   0x0000005e   Code   RO           94    .text.SolenoidValve2_Pulse  solenoid_valve.o
    0x08007492   0x08007492   0x00000002   PAD
    0x08007494   0x08007494   0x00000046   Code   RO           88    .text.SolenoidValve2_Set  solenoid_valve.o
    0x080074da   0x080074da   0x00000002   PAD
    0x080074dc   0x080074dc   0x00000018   Code   RO           92    .text.SolenoidValve2_Toggle  solenoid_valve.o
    0x080074f4   0x080074f4   0x0000000c   Code   RO           72    .text.SolenoidValve_Init  solenoid_valve.o
    0x08007500   0x08007500   0x00000068   Code   RO           98    .text.SolenoidValve_Task  solenoid_valve.o
    0x08007568   0x08007568   0x0000005a   Code   RO         1051    .text.SysTick_Config  stm32f4xx_hal_cortex.o
    0x080075c2   0x080075c2   0x00000002   PAD
    0x080075c4   0x080075c4   0x00000008   Code   RO          468    .text.SysTick_Handler  stm32f4xx_it.o
    0x080075cc   0x080075cc   0x000000c2   Code   RO          304    .text.SystemClock_Config  main.o
    0x0800768e   0x0800768e   0x00000002   PAD
    0x08007690   0x08007690   0x00000012   Code   RO         1682    .text.SystemInit    system_stm32f4xx.o
    0x080076a2   0x080076a2   0x00000002   PAD
    0x080076a4   0x080076a4   0x00000010   Code   RO          492    .text.TIM6_DAC_IRQHandler  stm32f4xx_it.o
    0x080076b4   0x080076b4   0x000001ac   Code   RO         1207    .text.TIM_Base_SetConfig  stm32f4xx_hal_tim.o
    0x08007860   0x08007860   0x0000004a   Code   RO         1241    .text.TIM_CCxChannelCmd  stm32f4xx_hal_tim.o
    0x080078aa   0x080078aa   0x00000002   PAD
    0x080078ac   0x080078ac   0x0000004a   Code   RO         1393    .text.TIM_ETR_SetConfig  stm32f4xx_hal_tim.o
    0x080078f6   0x080078f6   0x00000002   PAD
    0x080078f8   0x080078f8   0x00000032   Code   RO         1399    .text.TIM_ITRx_SetConfig  stm32f4xx_hal_tim.o
    0x0800792a   0x0800792a   0x00000002   PAD
    0x0800792c   0x0800792c   0x000000f2   Code   RO         1351    .text.TIM_OC1_SetConfig  stm32f4xx_hal_tim.o
    0x08007a1e   0x08007a1e   0x00000002   PAD
    0x08007a20   0x08007a20   0x000000fc   Code   RO         1353    .text.TIM_OC2_SetConfig  stm32f4xx_hal_tim.o
    0x08007b1c   0x08007b1c   0x000000fa   Code   RO         1355    .text.TIM_OC3_SetConfig  stm32f4xx_hal_tim.o
    0x08007c16   0x08007c16   0x00000002   PAD
    0x08007c18   0x08007c18   0x000000ac   Code   RO         1357    .text.TIM_OC4_SetConfig  stm32f4xx_hal_tim.o
    0x08007cc4   0x08007cc4   0x00000062   Code   RO         1397    .text.TIM_TI1_ConfigInputStage  stm32f4xx_hal_tim.o
    0x08007d26   0x08007d26   0x00000002   PAD
    0x08007d28   0x08007d28   0x00000064   Code   RO         1401    .text.TIM_TI2_ConfigInputStage  stm32f4xx_hal_tim.o
    0x08007d8c   0x08007d8c   0x00000010   Code   RO          488    .text.UART4_IRQHandler  stm32f4xx_it.o
    0x08007d9c   0x08007d9c   0x00000010   Code   RO          490    .text.UART5_IRQHandler  stm32f4xx_it.o
    0x08007dac   0x08007dac   0x00000020   Code   RO         1635    .text.UART_DMAAbortOnError  stm32f4xx_hal_uart.o
    0x08007dcc   0x08007dcc   0x00000084   Code   RO         1581    .text.UART_DMAError  stm32f4xx_hal_uart.o
    0x08007e50   0x08007e50   0x0000007e   Code   RO         1577    .text.UART_DMATransmitCplt  stm32f4xx_hal_uart.o
    0x08007ece   0x08007ece   0x00000002   PAD
    0x08007ed0   0x08007ed0   0x0000001a   Code   RO         1579    .text.UART_DMATxHalfCplt  stm32f4xx_hal_uart.o
    0x08007eea   0x08007eea   0x00000002   PAD
    0x08007eec   0x08007eec   0x00000028   Code   RO         1621    .text.UART_DMATxOnlyAbortCallback  stm32f4xx_hal_uart.o
    0x08007f14   0x08007f14   0x00000098   Code   RO         1595    .text.UART_EndRxTransfer  stm32f4xx_hal_uart.o
    0x08007fac   0x08007fac   0x0000002a   Code   RO         1643    .text.UART_EndTransmit_IT  stm32f4xx_hal_uart.o
    0x08007fd6   0x08007fd6   0x00000002   PAD
    0x08007fd8   0x08007fd8   0x0000003a   Code   RO         1593    .text.UART_EndTxTransfer  stm32f4xx_hal_uart.o
    0x08008012   0x08008012   0x00000002   PAD
    0x08008014   0x08008014   0x00000176   Code   RO         1633    .text.UART_Receive_IT  stm32f4xx_hal_uart.o
    0x0800818a   0x0800818a   0x00000002   PAD
    0x0800818c   0x0800818c   0x00000166   Code   RO         1551    .text.UART_SetConfig  stm32f4xx_hal_uart.o
    0x080082f2   0x080082f2   0x00000002   PAD
    0x080082f4   0x080082f4   0x00000076   Code   RO         1573    .text.UART_Start_Receive_IT  stm32f4xx_hal_uart.o
    0x0800836a   0x0800836a   0x00000002   PAD
    0x0800836c   0x0800836c   0x0000009e   Code   RO         1641    .text.UART_Transmit_IT  stm32f4xx_hal_uart.o
    0x0800840a   0x0800840a   0x00000002   PAD
    0x0800840c   0x0800840c   0x000000fe   Code   RO         1565    .text.UART_WaitOnFlagUntilTimeout  stm32f4xx_hal_uart.o
    0x0800850a   0x0800850a   0x00000002   PAD
    0x0800850c   0x0800850c   0x00000010   Code   RO          480    .text.USART1_IRQHandler  stm32f4xx_it.o
    0x0800851c   0x0800851c   0x00000010   Code   RO          482    .text.USART2_IRQHandler  stm32f4xx_it.o
    0x0800852c   0x0800852c   0x00000010   Code   RO          484    .text.USART3_IRQHandler  stm32f4xx_it.o
    0x0800853c   0x0800853c   0x00000010   Code   RO          502    .text.USART6_IRQHandler  stm32f4xx_it.o
    0x0800854c   0x0800854c   0x00000004   Code   RO          460    .text.UsageFault_Handler  stm32f4xx_it.o
    0x08008550   0x08008550   0x000000b6   Code   RO          150    .text.X42S_BuildVelCmd  motor_driver_x42s.o
    0x08008606   0x08008606   0x00000002   PAD
    0x08008608   0x08008608   0x00000044   Code   RO          156    .text.X42S_DMASend  motor_driver_x42s.o
    0x0800864c   0x0800864c   0x00000036   Code   RO         1039    .text.__NVIC_EnableIRQ  stm32f4xx_hal_cortex.o
    0x08008682   0x08008682   0x00000002   PAD
    0x08008684   0x08008684   0x00000010   Code   RO         1031    .text.__NVIC_GetPriorityGrouping  stm32f4xx_hal_cortex.o
    0x08008694   0x08008694   0x0000004a   Code   RO         1033    .text.__NVIC_SetPriority  stm32f4xx_hal_cortex.o
    0x080086de   0x080086de   0x00000002   PAD
    0x080086e0   0x080086e0   0x00000040   Code   RO         1027    .text.__NVIC_SetPriorityGrouping  stm32f4xx_hal_cortex.o
    0x08008720   0x08008720   0x00000038   Code   RO           13    .text.cfg_out       motor_driver_dc4ch.o
    0x08008758   0x08008758   0x00000062   Code   RO           47    .text.clamp_i16     app_control.o
    0x080087ba   0x080087ba   0x00000002   PAD
    0x080087bc   0x080087bc   0x000000e4   Code   RO          302    .text.main          main.o
    0x080088a0   0x080088a0   0x00000038   Code   RO           27    .text.tb6612_brake  motor_driver_dc4ch.o
    0x080088d8   0x080088d8   0x00000038   Code   RO           15    .text.tb6612_coast  motor_driver_dc4ch.o
    0x08008910   0x08008910   0x00000036   Code   RO           23    .text.tb6612_forward  motor_driver_dc4ch.o
    0x08008946   0x08008946   0x00000002   PAD
    0x08008948   0x08008948   0x00000036   Code   RO           25    .text.tb6612_reverse  motor_driver_dc4ch.o
    0x0800897e   0x0800897e   0x00000002   PAD
    0x08008980   0x08008980   0x00000030   Code   RO         1720    i.__0snprintf       mc_w.l(printfa.o)
    0x080089b0   0x080089b0   0x0000000e   Code   RO         1823    i.__scatterload_copy  mc_w.l(handlers.o)
    0x080089be   0x080089be   0x00000002   Code   RO         1824    i.__scatterload_null  mc_w.l(handlers.o)
    0x080089c0   0x080089c0   0x0000000e   Code   RO         1825    i.__scatterload_zeroinit  mc_w.l(handlers.o)
    0x080089ce   0x080089ce   0x00000002   PAD
    0x080089d0   0x080089d0   0x00000184   Code   RO         1726    i._fp_digits        mc_w.l(printfa.o)
    0x08008b54   0x08008b54   0x0000000e   Code   RO         1781    i._is_digit         mc_w.l(scanf_fp.o)
    0x08008b62   0x08008b62   0x00000002   PAD
    0x08008b64   0x08008b64   0x000006dc   Code   RO         1727    i._printf_core      mc_w.l(printfa.o)
    0x08009240   0x08009240   0x00000024   Code   RO         1728    i._printf_post_padding  mc_w.l(printfa.o)
    0x08009264   0x08009264   0x0000002e   Code   RO         1729    i._printf_pre_padding  mc_w.l(printfa.o)
    0x08009292   0x08009292   0x00000016   Code   RO         1730    i._snputc           mc_w.l(printfa.o)
    0x080092a8   0x080092a8   0x00000040   Data   RO         1817    .constdata          mc_w.l(ctype_c.o)
    0x080092e8   0x080092e8   0x00000010   Data   RO         1687    .rodata.AHBPrescTable  system_stm32f4xx.o
    0x080092f8   0x080092f8   0x00000008   Data   RO         1688    .rodata.APBPrescTable  system_stm32f4xx.o
    0x08009300   0x08009300   0x00000008   Data   RO          945    .rodata.DMA_CalcBaseAndBitshift.flagBitshiftOffset  stm32f4xx_hal_dma.o
    0x08009308   0x08009308   0x00000060   Data   RO           31    .rodata.g_dc4_motors  motor_driver_dc4ch.o
    0x08009368   0x08009368   0x000001c6   Data   RO           59    .rodata.str1.1      app_control.o
    0x0800952e   0x0800952e   0x00000034   Data   RO          136    .rodata.str1.1      bluetooth.o
    0x08009562   0x08009562   0x000016b0   Data   RO          253    .rodata.zh60x60     oledfont.o
    0x0800ac12   0x0800ac12   0x00000002   PAD
    0x0800ac14   0x0800ac14   0x00000020   Data   RO         1821    Region$$Table       anon$$obj.o


    Execution Region RW_IRAM1 (Exec base: 0x20000000, Load base: 0x0800ac38, Size: 0x00000d68, Max: 0x0001c000, ABSOLUTE)

    Exec Addr    Load Addr    Size         Type   Attr      Idx    E Section Name        Object

    0x20000000   0x0800ac38   0x00000017   Data   RW          215    .data.CMD_Data      oled.o
    0x20000017   0x0800ac4f   0x00000001   PAD
    0x20000018   0x0800ac50   0x00000004   Data   RW         1686    .data.SystemCoreClock  system_stm32f4xx.o
    0x2000001c   0x0800ac54   0x00000002   Data   RW           58    .data.g_auto_plot_interval_ms  app_control.o
    0x2000001e   0x0800ac56   0x00000001   Data   RW         1161    .data.uwTickFreq    stm32f4xx_hal.o
    0x2000001f   0x0800ac57   0x00000001   PAD
    0x20000020   0x0800ac58   0x00000004   Data   RW         1160    .data.uwTickPrio    stm32f4xx_hal.o
    0x20000024   0x0800ac5c   0x00000004   PAD
    0x20000028        -       0x00000001   Zero   RW          131    .bss.BT_RxFlag      bluetooth.o
    0x20000029        -       0x00000040   Zero   RW          132    .bss.BT_RxPacket    bluetooth.o
    0x20000069        -       0x00000001   Zero   RW          135    .bss.bt_rx_byte     bluetooth.o
    0x2000006a        -       0x00000001   Zero   RW          134    .bss.bt_rx_index    bluetooth.o
    0x2000006b        -       0x00000001   Zero   RW          133    .bss.bt_rx_state    bluetooth.o
    0x2000006c        -       0x00000001   Zero   RW           57    .bss.g_auto_plot_enable  app_control.o
    0x2000006d   0x0800ac5c   0x00000003   PAD
    0x20000070        -       0x00000004   Zero   RW           60    .bss.g_last_plot_time  app_control.o
    0x20000074        -       0x000000c0   Zero   RW          289    .bss.g_motors       motor_closedloop.o
    0x20000134        -       0x00000008   Zero   RW          160    .bss.g_x42s_tx_buf_x  motor_driver_x42s.o
    0x2000013c        -       0x00000008   Zero   RW          161    .bss.g_x42s_tx_buf_y  motor_driver_x42s.o
    0x20000144        -       0x00000060   Zero   RW          431    .bss.hdma_uart4_rx  usart.o
    0x200001a4        -       0x00000060   Zero   RW          432    .bss.hdma_uart4_tx  usart.o
    0x20000204        -       0x00000060   Zero   RW          433    .bss.hdma_uart5_rx  usart.o
    0x20000264        -       0x00000060   Zero   RW          434    .bss.hdma_uart5_tx  usart.o
    0x200002c4        -       0x00000060   Zero   RW          435    .bss.hdma_usart1_rx  usart.o
    0x20000324        -       0x00000060   Zero   RW          436    .bss.hdma_usart1_tx  usart.o
    0x20000384        -       0x00000060   Zero   RW          437    .bss.hdma_usart2_rx  usart.o
    0x200003e4        -       0x00000060   Zero   RW          438    .bss.hdma_usart2_tx  usart.o
    0x20000444        -       0x00000060   Zero   RW          439    .bss.hdma_usart6_rx  usart.o
    0x200004a4        -       0x00000060   Zero   RW          440    .bss.hdma_usart6_tx  usart.o
    0x20000504        -       0x00000054   Zero   RW          352    .bss.hi2c1          i2c.o
    0x20000558        -       0x00000048   Zero   RW          390    .bss.htim1          tim.o
    0x200005a0        -       0x00000048   Zero   RW          397    .bss.htim12         tim.o
    0x200005e8        -       0x00000048   Zero   RW          391    .bss.htim2          tim.o
    0x20000630        -       0x00000048   Zero   RW          392    .bss.htim3          tim.o
    0x20000678        -       0x00000048   Zero   RW          393    .bss.htim4          tim.o
    0x200006c0        -       0x00000048   Zero   RW          394    .bss.htim5          tim.o
    0x20000708        -       0x00000048   Zero   RW          395    .bss.htim6          tim.o
    0x20000750        -       0x00000048   Zero   RW          396    .bss.htim8          tim.o
    0x20000798        -       0x00000048   Zero   RW          427    .bss.huart1         usart.o
    0x200007e0        -       0x00000048   Zero   RW          428    .bss.huart2         usart.o
    0x20000828        -       0x00000048   Zero   RW          429    .bss.huart3         usart.o
    0x20000870        -       0x00000048   Zero   RW          425    .bss.huart4         usart.o
    0x200008b8        -       0x00000048   Zero   RW          426    .bss.huart5         usart.o
    0x20000900        -       0x00000048   Zero   RW          430    .bss.huart6         usart.o
    0x20000948        -       0x00000004   Zero   RW          308    .bss.main.s_blink_tick  main.o
    0x2000094c        -       0x00000001   Zero   RW          101    .bss.s1_pulse_active  solenoid_valve.o
    0x2000094d   0x0800ac5c   0x00000003   PAD
    0x20000950        -       0x00000004   Zero   RW          102    .bss.s1_pulse_deadline  solenoid_valve.o
    0x20000954        -       0x00000001   Zero   RW          100    .bss.s1_valve_is_on  solenoid_valve.o
    0x20000955        -       0x00000001   Zero   RW          104    .bss.s2_pulse_active  solenoid_valve.o
    0x20000956   0x0800ac5c   0x00000002   PAD
    0x20000958        -       0x00000004   Zero   RW          105    .bss.s2_pulse_deadline  solenoid_valve.o
    0x2000095c        -       0x00000001   Zero   RW          103    .bss.s2_valve_is_on  solenoid_valve.o
    0x2000095d   0x0800ac5c   0x00000003   PAD
    0x20000960        -       0x00000004   Zero   RW         1162    .bss.uwTick         stm32f4xx_hal.o
    0x20000964   0x0800ac5c   0x00000004   PAD
    0x20000968        -       0x00000400   Zero   RW            1    STACK               startup_stm32f407xx.o


    Execution Region RW_IRAM2 (Exec base: 0x2001c000, Load base: 0x0800ac60, Size: 0x00000000, Max: 0x00004000, ABSOLUTE)

    **** No section assigned to this execution region ****


==============================================================================

Image component sizes


      Code (inc. data)   RO Data    RW Data    ZI Data      Debug   Object Name

      2152          4        454          2          5       3986   app_control.o
       632          0         52          0         68       5253   bluetooth.o
       262          0          0          0          0       3349   dma.o
       778          0          0          0          0       2490   gpio.o
       222          0          0          0         84       5454   i2c.o
       428          0          0          0          4       3407   main.o
       190          0          0          0        192       7482   motor_closedloop.o
      1062          0         96          0          0       7390   motor_driver_dc4ch.o
       684          4          0          0         16       5563   motor_driver_x42s.o
       474          0          0         23          0       6045   oled.o
         0          0       5808          0          0        678   oledfont.o
       480          0          0          0          0       2987   soft_i2c.o
       566          0          0          0         12       3438   solenoid_valve.o
        36          8        392          0       1024        800   startup_stm32f407xx.o
       294          0          0          5          4       7845   stm32f4xx_hal.o
       560          0          0          0          0      10744   stm32f4xx_hal_cortex.o
      2222          8          8          0          0       8986   stm32f4xx_hal_dma.o
      1090          0          0          0          0       5446   stm32f4xx_hal_gpio.o
       706          0          0          0          0      38856   stm32f4xx_hal_i2c.o
        78          0          0          0          0       1506   stm32f4xx_hal_msp.o
      2742          0          0          0          0       7620   stm32f4xx_hal_rcc.o
      4524         14          0          0          0      38907   stm32f4xx_hal_tim.o
       508          0          0          0          0      16697   stm32f4xx_hal_tim_ex.o
      4188          0          0          0          0      22131   stm32f4xx_hal_uart.o
       306          0          0          0          0       3286   stm32f4xx_it.o
        18          0         24          4          0       2655   system_stm32f4xx.o
      2596          0          0          0        576      12192   tim.o
      2256          0          0          0       1392       9965   usart.o

    ----------------------------------------------------------------------
     30224         38       6868         36       3396     245158   Object Totals
         0          0         32          0          0          0   (incl. Generated)
       170          0          2          2         19          0   (incl. Padding)

    ----------------------------------------------------------------------

      Code (inc. data)   RO Data    RW Data    ZI Data      Debug   Library Member Name

        28          0          0          0          0         68   _chval.o
       812          4          0          0          0        112   _scanf.o
       332          0          0          0          0         96   _scanf_int.o
       342          0          0          0          0        100   _scanf_longlong.o
       224          0          0          0          0         96   _scanf_str.o
        64          0          0          0          0         84   _sgetc.o
        40          6         64          0          0         68   ctype_c.o
         0          0          0          0          0          0   entry.o
         0          0          0          0          0          0   entry10a.o
         0          0          0          0          0          0   entry11a.o
         8          4          0          0          0          0   entry2.o
         4          0          0          0          0          0   entry5.o
         0          0          0          0          0          0   entry7b.o
         0          0          0          0          0          0   entry8b.o
         8          4          0          0          0          0   entry9a.o
        30          0          0          0          0          0   handlers.o
        36          8          0          0          0         68   init.o
        10          0          0          0          0         68   isspace_c.o
         0          0          0          0          0          0   iusefp.o
        98          0          0          0          0         84   ldiv.o
        30          0          0          0          0         68   llshl.o
        36          0          0          0          0         68   llsshr.o
        32          0          0          0          0         68   llushr.o
        36          0          0          0          0        108   memseta.o
      2296         84          0          0          0        520   printfa.o
        40          8          0          0          0         84   scanf_char.o
       878         12          0          0          0        216   scanf_fp.o
         8          0          0          0          0         68   siabs.o
        56          8          0          0          0         84   sscanf.o
        28          0          0          0          0         76   strcmp.o
        14          0          0          0          0         68   strlen.o
        30          0          0          0          0         80   strncmp.o
        44          0          0          0          0         80   uidiv.o
        98          0          0          0          0         92   uldiv.o
        48          0          0          0          0         68   cdrcmple.o
        56          0          0          0          0         88   d2f.o
       334          0          0          0          0        148   dadd.o
       222          0          0          0          0        100   ddiv.o
       186          0          0          0          0        176   depilogue.o
        48          0          0          0          0         68   dfixul.o
        24          0          0          0          0         76   dfltul.o
       228          0          0          0          0         96   dmul.o
       110          0          0          0          0        168   fepilogue.o

    ----------------------------------------------------------------------
      6928        138         64          0          0       3512   Library Totals
        10          0          0          0          0          0   (incl. Padding)

    ----------------------------------------------------------------------

      Code (inc. data)   RO Data    RW Data    ZI Data      Debug   Library Name

      5662        138         64          0          0       2524   mc_w.l
      1256          0          0          0          0        988   mf_w.l

    ----------------------------------------------------------------------
      6928        138         64          0          0       3512   Library Totals

    ----------------------------------------------------------------------

==============================================================================


      Code (inc. data)   RO Data    RW Data    ZI Data      Debug   

     37152        176       6932         36       3396     246654   Grand Totals
     37152        176       6932         36       3396     246654   ELF Image Totals
     37152        176       6932         36          0          0   ROM Totals

==============================================================================

    Total RO  Size (Code + RO Data)                44084 (  43.05kB)
    Total RW  Size (RW Data + ZI Data)              3432 (   3.35kB)
    Total ROM Size (Code + RO Data + RW Data)      44120 (  43.09kB)

==============================================================================

